test	Set up job	・ｿ2025-12-03T03:09:48.7433370Z Current runner version: '2.329.0'
test	Set up job	2025-12-03T03:09:48.7461013Z ##[group]Runner Image Provisioner
test	Set up job	2025-12-03T03:09:48.7461887Z Hosted Compute Agent
test	Set up job	2025-12-03T03:09:48.7462427Z Version: 20251016.436
test	Set up job	2025-12-03T03:09:48.7462995Z Commit: 8ab8ac8bfd662a3739dab9fe09456aba92132568
test	Set up job	2025-12-03T03:09:48.7463744Z Build Date: 2025-10-15T20:44:12Z
test	Set up job	2025-12-03T03:09:48.7464302Z ##[endgroup]
test	Set up job	2025-12-03T03:09:48.7464850Z ##[group]Operating System
test	Set up job	2025-12-03T03:09:48.7465400Z Ubuntu
test	Set up job	2025-12-03T03:09:48.7465944Z 24.04.3
test	Set up job	2025-12-03T03:09:48.7466473Z LTS
test	Set up job	2025-12-03T03:09:48.7467002Z ##[endgroup]
test	Set up job	2025-12-03T03:09:48.7467495Z ##[group]Runner Image
test	Set up job	2025-12-03T03:09:48.7468068Z Image: ubuntu-24.04
test	Set up job	2025-12-03T03:09:48.7468635Z Version: 20251112.124.1
test	Set up job	2025-12-03T03:09:48.7469763Z Included Software: https://github.com/actions/runner-images/blob/ubuntu24/20251112.124/images/ubuntu/Ubuntu2404-Readme.md
test	Set up job	2025-12-03T03:09:48.7471121Z Image Release: https://github.com/actions/runner-images/releases/tag/ubuntu24%2F20251112.124
test	Set up job	2025-12-03T03:09:48.7472323Z ##[endgroup]
test	Set up job	2025-12-03T03:09:48.7473419Z ##[group]GITHUB_TOKEN Permissions
test	Set up job	2025-12-03T03:09:48.7475517Z Contents: read
test	Set up job	2025-12-03T03:09:48.7476070Z Metadata: read
test	Set up job	2025-12-03T03:09:48.7476655Z Packages: read
test	Set up job	2025-12-03T03:09:48.7477114Z ##[endgroup]
test	Set up job	2025-12-03T03:09:48.7479494Z Secret source: Actions
test	Set up job	2025-12-03T03:09:48.7480449Z Prepare workflow directory
test	Set up job	2025-12-03T03:09:48.7813068Z Prepare all required actions
test	Set up job	2025-12-03T03:09:48.7852477Z Getting action download info
test	Set up job	2025-12-03T03:09:49.1452925Z Download action repository 'actions/checkout@v3' (SHA:f43a0e5ff2bd294095638e18286ca9a3d1956744)
test	Set up job	2025-12-03T03:09:49.2671876Z Download action repository 'actions/setup-python@v4' (SHA:7f4fc3e22c37d6ff65e88745f38bd3157c663f7c)
test	Set up job	2025-12-03T03:09:49.3520567Z Download action repository 'codecov/codecov-action@v3' (SHA:ab904c41d6ece82784817410c45d8b8c02684457)
test	Set up job	2025-12-03T03:09:49.9038258Z Complete job name: test
test	Run actions/checkout@v3	・ｿ2025-12-03T03:09:49.9773115Z ##[group]Run actions/checkout@v3
test	Run actions/checkout@v3	2025-12-03T03:09:49.9774164Z with:
test	Run actions/checkout@v3	2025-12-03T03:09:49.9774695Z   repository: kaenozu/AGStock
test	Run actions/checkout@v3	2025-12-03T03:09:49.9775630Z   token: ***
test	Run actions/checkout@v3	2025-12-03T03:09:49.9776113Z   ssh-strict: true
test	Run actions/checkout@v3	2025-12-03T03:09:49.9776650Z   persist-credentials: true
test	Run actions/checkout@v3	2025-12-03T03:09:49.9777260Z   clean: true
test	Run actions/checkout@v3	2025-12-03T03:09:49.9777803Z   sparse-checkout-cone-mode: true
test	Run actions/checkout@v3	2025-12-03T03:09:49.9778489Z   fetch-depth: 1
test	Run actions/checkout@v3	2025-12-03T03:09:49.9779002Z   fetch-tags: false
test	Run actions/checkout@v3	2025-12-03T03:09:49.9779655Z   lfs: false
test	Run actions/checkout@v3	2025-12-03T03:09:49.9780159Z   submodules: false
test	Run actions/checkout@v3	2025-12-03T03:09:49.9780690Z   set-safe-directory: true
test	Run actions/checkout@v3	2025-12-03T03:09:49.9781533Z ##[endgroup]
test	Run actions/checkout@v3	2025-12-03T03:09:50.0679718Z Syncing repository: kaenozu/AGStock
test	Run actions/checkout@v3	2025-12-03T03:09:50.0682242Z ##[group]Getting Git version info
test	Run actions/checkout@v3	2025-12-03T03:09:50.0683276Z Working directory is '/home/runner/work/AGStock/AGStock'
test	Run actions/checkout@v3	2025-12-03T03:09:50.0684797Z [command]/usr/bin/git version
test	Run actions/checkout@v3	2025-12-03T03:09:50.0805496Z git version 2.51.2
test	Run actions/checkout@v3	2025-12-03T03:09:50.0833260Z ##[endgroup]
test	Run actions/checkout@v3	2025-12-03T03:09:50.0848009Z Temporarily overriding HOME='/home/runner/work/_temp/dd959ea7-58db-4b00-9b52-158f98f9482e' before making global git config changes
test	Run actions/checkout@v3	2025-12-03T03:09:50.0851494Z Adding repository directory to the temporary git global config as a safe directory
test	Run actions/checkout@v3	2025-12-03T03:09:50.0853301Z [command]/usr/bin/git config --global --add safe.directory /home/runner/work/AGStock/AGStock
test	Run actions/checkout@v3	2025-12-03T03:09:50.0886834Z Deleting the contents of '/home/runner/work/AGStock/AGStock'
test	Run actions/checkout@v3	2025-12-03T03:09:50.0890714Z ##[group]Initializing the repository
test	Run actions/checkout@v3	2025-12-03T03:09:50.0893435Z [command]/usr/bin/git init /home/runner/work/AGStock/AGStock
test	Run actions/checkout@v3	2025-12-03T03:09:50.1027673Z hint: Using 'master' as the name for the initial branch. This default branch name
test	Run actions/checkout@v3	2025-12-03T03:09:50.1029772Z hint: is subject to change. To configure the initial branch name to use in all
test	Run actions/checkout@v3	2025-12-03T03:09:50.1031397Z hint: of your new repositories, which will suppress this warning, call:
test	Run actions/checkout@v3	2025-12-03T03:09:50.1032527Z hint:
test	Run actions/checkout@v3	2025-12-03T03:09:50.1033281Z hint: 	git config --global init.defaultBranch <name>
test	Run actions/checkout@v3	2025-12-03T03:09:50.1034470Z hint:
test	Run actions/checkout@v3	2025-12-03T03:09:50.1035335Z hint: Names commonly chosen instead of 'master' are 'main', 'trunk' and
test	Run actions/checkout@v3	2025-12-03T03:09:50.1036831Z hint: 'development'. The just-created branch can be renamed via this command:
test	Run actions/checkout@v3	2025-12-03T03:09:50.1037921Z hint:
test	Run actions/checkout@v3	2025-12-03T03:09:50.1038396Z hint: 	git branch -m <name>
test	Run actions/checkout@v3	2025-12-03T03:09:50.1038983Z hint:
test	Run actions/checkout@v3	2025-12-03T03:09:50.1040037Z hint: Disable this message with "git config set advice.defaultBranchName false"
test	Run actions/checkout@v3	2025-12-03T03:09:50.1052738Z Initialized empty Git repository in /home/runner/work/AGStock/AGStock/.git/
test	Run actions/checkout@v3	2025-12-03T03:09:50.1061864Z [command]/usr/bin/git remote add origin https://github.com/kaenozu/AGStock
test	Run actions/checkout@v3	2025-12-03T03:09:50.1118890Z ##[endgroup]
test	Run actions/checkout@v3	2025-12-03T03:09:50.1120700Z ##[group]Disabling automatic garbage collection
test	Run actions/checkout@v3	2025-12-03T03:09:50.1122243Z [command]/usr/bin/git config --local gc.auto 0
test	Run actions/checkout@v3	2025-12-03T03:09:50.1147660Z ##[endgroup]
test	Run actions/checkout@v3	2025-12-03T03:09:50.1149084Z ##[group]Setting up auth
test	Run actions/checkout@v3	2025-12-03T03:09:50.1152636Z [command]/usr/bin/git config --local --name-only --get-regexp core\.sshCommand
test	Run actions/checkout@v3	2025-12-03T03:09:50.1178753Z [command]/usr/bin/git submodule foreach --recursive sh -c "git config --local --name-only --get-regexp 'core\.sshCommand' && git config --local --unset-all 'core.sshCommand' || :"
test	Run actions/checkout@v3	2025-12-03T03:09:50.1512735Z [command]/usr/bin/git config --local --name-only --get-regexp http\.https\:\/\/github\.com\/\.extraheader
test	Run actions/checkout@v3	2025-12-03T03:09:50.1538769Z [command]/usr/bin/git submodule foreach --recursive sh -c "git config --local --name-only --get-regexp 'http\.https\:\/\/github\.com\/\.extraheader' && git config --local --unset-all 'http.https://github.com/.extraheader' || :"
test	Run actions/checkout@v3	2025-12-03T03:09:50.1757633Z [command]/usr/bin/git config --local http.https://github.com/.extraheader AUTHORIZATION: basic ***
test	Run actions/checkout@v3	2025-12-03T03:09:50.1791423Z ##[endgroup]
test	Run actions/checkout@v3	2025-12-03T03:09:50.1792952Z ##[group]Fetching the repository
test	Run actions/checkout@v3	2025-12-03T03:09:50.1799576Z [command]/usr/bin/git -c protocol.version=2 fetch --no-tags --prune --progress --no-recurse-submodules --depth=1 origin +cdc11f91bd493aa06afbe071dbba55edabfe2b4a:refs/remotes/pull/22/merge
test	Run actions/checkout@v3	2025-12-03T03:09:50.4198317Z remote: Enumerating objects: 317, done.        
test	Run actions/checkout@v3	2025-12-03T03:09:50.4200706Z remote: Counting objects:   0% (1/317)        
test	Run actions/checkout@v3	2025-12-03T03:09:50.4201862Z remote: Counting objects:   1% (4/317)        
test	Run actions/checkout@v3	2025-12-03T03:09:50.4202824Z remote: Counting objects:   2% (7/317)        
test	Run actions/checkout@v3	2025-12-03T03:09:50.4203774Z remote: Counting objects:   3% (10/317)        
test	Run actions/checkout@v3	2025-12-03T03:09:50.4204746Z remote: Counting objects:   4% (13/317)        
test	Run actions/checkout@v3	2025-12-03T03:09:50.4205705Z remote: Counting objects:   5% (16/317)        
test	Run actions/checkout@v3	2025-12-03T03:09:50.4206675Z remote: Counting objects:   6% (20/317)        
test	Run actions/checkout@v3	2025-12-03T03:09:50.4207671Z remote: Counting objects:   7% (23/317)        
test	Run actions/checkout@v3	2025-12-03T03:09:50.4208638Z remote: Counting objects:   8% (26/317)        
test	Run actions/checkout@v3	2025-12-03T03:09:50.4209733Z remote: Counting objects:   9% (29/317)        
test	Run actions/checkout@v3	2025-12-03T03:09:50.4210694Z remote: Counting objects:  10% (32/317)        
test	Run actions/checkout@v3	2025-12-03T03:09:50.4211710Z remote: Counting objects:  11% (35/317)        
test	Run actions/checkout@v3	2025-12-03T03:09:50.4212592Z remote: Counting objects:  12% (39/317)        
test	Run actions/checkout@v3	2025-12-03T03:09:50.4213450Z remote: Counting objects:  13% (42/317)        
test	Run actions/checkout@v3	2025-12-03T03:09:50.4214296Z remote: Counting objects:  14% (45/317)        
test	Run actions/checkout@v3	2025-12-03T03:09:50.4215153Z remote: Counting objects:  15% (48/317)        
test	Run actions/checkout@v3	2025-12-03T03:09:50.4216007Z remote: Counting objects:  16% (51/317)        
test	Run actions/checkout@v3	2025-12-03T03:09:50.4216854Z remote: Counting objects:  17% (54/317)        
test	Run actions/checkout@v3	2025-12-03T03:09:50.4217708Z remote: Counting objects:  18% (58/317)        
test	Run actions/checkout@v3	2025-12-03T03:09:50.4218556Z remote: Counting objects:  19% (61/317)        
test	Run actions/checkout@v3	2025-12-03T03:09:50.4219593Z remote: Counting objects:  20% (64/317)        
test	Run actions/checkout@v3	2025-12-03T03:09:50.4220452Z remote: Counting objects:  21% (67/317)        
test	Run actions/checkout@v3	2025-12-03T03:09:50.4221307Z remote: Counting objects:  22% (70/317)        
test	Run actions/checkout@v3	2025-12-03T03:09:50.4222143Z remote: Counting objects:  23% (73/317)        
test	Run actions/checkout@v3	2025-12-03T03:09:50.4223103Z remote: Counting objects:  24% (77/317)        
test	Run actions/checkout@v3	2025-12-03T03:09:50.4224268Z remote: Counting objects:  25% (80/317)        
test	Run actions/checkout@v3	2025-12-03T03:09:50.4225113Z remote: Counting objects:  26% (83/317)        
test	Run actions/checkout@v3	2025-12-03T03:09:50.4225959Z remote: Counting objects:  27% (86/317)        
test	Run actions/checkout@v3	2025-12-03T03:09:50.4226790Z remote: Counting objects:  28% (89/317)        
test	Run actions/checkout@v3	2025-12-03T03:09:50.4227632Z remote: Counting objects:  29% (92/317)        
test	Run actions/checkout@v3	2025-12-03T03:09:50.4228468Z remote: Counting objects:  30% (96/317)        
test	Run actions/checkout@v3	2025-12-03T03:09:50.4229427Z remote: Counting objects:  31% (99/317)        
test	Run actions/checkout@v3	2025-12-03T03:09:50.4230283Z remote: Counting objects:  32% (102/317)        
test	Run actions/checkout@v3	2025-12-03T03:09:50.4231141Z remote: Counting objects:  33% (105/317)        
test	Run actions/checkout@v3	2025-12-03T03:09:50.4232003Z remote: Counting objects:  34% (108/317)        
test	Run actions/checkout@v3	2025-12-03T03:09:50.4232854Z remote: Counting objects:  35% (111/317)        
test	Run actions/checkout@v3	2025-12-03T03:09:50.4233712Z remote: Counting objects:  36% (115/317)        
test	Run actions/checkout@v3	2025-12-03T03:09:50.4234567Z remote: Counting objects:  37% (118/317)        
test	Run actions/checkout@v3	2025-12-03T03:09:50.4235416Z remote: Counting objects:  38% (121/317)        
test	Run actions/checkout@v3	2025-12-03T03:09:50.4236268Z remote: Counting objects:  39% (124/317)        
test	Run actions/checkout@v3	2025-12-03T03:09:50.4237113Z remote: Counting objects:  40% (127/317)        
test	Run actions/checkout@v3	2025-12-03T03:09:50.4237971Z remote: Counting objects:  41% (130/317)        
test	Run actions/checkout@v3	2025-12-03T03:09:50.4238803Z remote: Counting objects:  42% (134/317)        
test	Run actions/checkout@v3	2025-12-03T03:09:50.4239940Z remote: Counting objects:  43% (137/317)        
test	Run actions/checkout@v3	2025-12-03T03:09:50.4240815Z remote: Counting objects:  44% (140/317)        
test	Run actions/checkout@v3	2025-12-03T03:09:50.4241665Z remote: Counting objects:  45% (143/317)        
test	Run actions/checkout@v3	2025-12-03T03:09:50.4242528Z remote: Counting objects:  46% (146/317)        
test	Run actions/checkout@v3	2025-12-03T03:09:50.4243374Z remote: Counting objects:  47% (149/317)        
test	Run actions/checkout@v3	2025-12-03T03:09:50.4244220Z remote: Counting objects:  48% (153/317)        
test	Run actions/checkout@v3	2025-12-03T03:09:50.4245061Z remote: Counting objects:  49% (156/317)        
test	Run actions/checkout@v3	2025-12-03T03:09:50.4246074Z remote: Counting objects:  50% (159/317)        
test	Run actions/checkout@v3	2025-12-03T03:09:50.4246925Z remote: Counting objects:  51% (162/317)        
test	Run actions/checkout@v3	2025-12-03T03:09:50.4247775Z remote: Counting objects:  52% (165/317)        
test	Run actions/checkout@v3	2025-12-03T03:09:50.4248619Z remote: Counting objects:  53% (169/317)        
test	Run actions/checkout@v3	2025-12-03T03:09:50.4249579Z remote: Counting objects:  54% (172/317)        
test	Run actions/checkout@v3	2025-12-03T03:09:50.4250425Z remote: Counting objects:  55% (175/317)        
test	Run actions/checkout@v3	2025-12-03T03:09:50.4251273Z remote: Counting objects:  56% (178/317)        
test	Run actions/checkout@v3	2025-12-03T03:09:50.4252124Z remote: Counting objects:  57% (181/317)        
test	Run actions/checkout@v3	2025-12-03T03:09:50.4252969Z remote: Counting objects:  58% (184/317)        
test	Run actions/checkout@v3	2025-12-03T03:09:50.4253811Z remote: Counting objects:  59% (188/317)        
test	Run actions/checkout@v3	2025-12-03T03:09:50.4254641Z remote: Counting objects:  60% (191/317)        
test	Run actions/checkout@v3	2025-12-03T03:09:50.4255487Z remote: Counting objects:  61% (194/317)        
test	Run actions/checkout@v3	2025-12-03T03:09:50.4256319Z remote: Counting objects:  62% (197/317)        
test	Run actions/checkout@v3	2025-12-03T03:09:50.4257180Z remote: Counting objects:  63% (200/317)        
test	Run actions/checkout@v3	2025-12-03T03:09:50.4258043Z remote: Counting objects:  64% (203/317)        
test	Run actions/checkout@v3	2025-12-03T03:09:50.4258877Z remote: Counting objects:  65% (207/317)        
test	Run actions/checkout@v3	2025-12-03T03:09:50.4259820Z remote: Counting objects:  66% (210/317)        
test	Run actions/checkout@v3	2025-12-03T03:09:50.4260679Z remote: Counting objects:  67% (213/317)        
test	Run actions/checkout@v3	2025-12-03T03:09:50.4261519Z remote: Counting objects:  68% (216/317)        
test	Run actions/checkout@v3	2025-12-03T03:09:50.4262367Z remote: Counting objects:  69% (219/317)        
test	Run actions/checkout@v3	2025-12-03T03:09:50.4263204Z remote: Counting objects:  70% (222/317)        
test	Run actions/checkout@v3	2025-12-03T03:09:50.4264043Z remote: Counting objects:  71% (226/317)        
test	Run actions/checkout@v3	2025-12-03T03:09:50.4264887Z remote: Counting objects:  72% (229/317)        
test	Run actions/checkout@v3	2025-12-03T03:09:50.4265732Z remote: Counting objects:  73% (232/317)        
test	Run actions/checkout@v3	2025-12-03T03:09:50.4266566Z remote: Counting objects:  74% (235/317)        
test	Run actions/checkout@v3	2025-12-03T03:09:50.4267413Z remote: Counting objects:  75% (238/317)        
test	Run actions/checkout@v3	2025-12-03T03:09:50.4268262Z remote: Counting objects:  76% (241/317)        
test	Run actions/checkout@v3	2025-12-03T03:09:50.4269372Z remote: Counting objects:  77% (245/317)        
test	Run actions/checkout@v3	2025-12-03T03:09:50.4270236Z remote: Counting objects:  78% (248/317)        
test	Run actions/checkout@v3	2025-12-03T03:09:50.4271085Z remote: Counting objects:  79% (251/317)        
test	Run actions/checkout@v3	2025-12-03T03:09:50.4271935Z remote: Counting objects:  80% (254/317)        
test	Run actions/checkout@v3	2025-12-03T03:09:50.4272777Z remote: Counting objects:  81% (257/317)        
test	Run actions/checkout@v3	2025-12-03T03:09:50.4273619Z remote: Counting objects:  82% (260/317)        
test	Run actions/checkout@v3	2025-12-03T03:09:50.4274471Z remote: Counting objects:  83% (264/317)        
test	Run actions/checkout@v3	2025-12-03T03:09:50.4275304Z remote: Counting objects:  84% (267/317)        
test	Run actions/checkout@v3	2025-12-03T03:09:50.4276132Z remote: Counting objects:  85% (270/317)        
test	Run actions/checkout@v3	2025-12-03T03:09:50.4276967Z remote: Counting objects:  86% (273/317)        
test	Run actions/checkout@v3	2025-12-03T03:09:50.4277801Z remote: Counting objects:  87% (276/317)        
test	Run actions/checkout@v3	2025-12-03T03:09:50.4278634Z remote: Counting objects:  88% (279/317)        
test	Run actions/checkout@v3	2025-12-03T03:09:50.4279748Z remote: Counting objects:  89% (283/317)        
test	Run actions/checkout@v3	2025-12-03T03:09:50.4280616Z remote: Counting objects:  90% (286/317)        
test	Run actions/checkout@v3	2025-12-03T03:09:50.4281911Z remote: Counting objects:  91% (289/317)        
test	Run actions/checkout@v3	2025-12-03T03:09:50.4282978Z remote: Counting objects:  92% (292/317)        
test	Run actions/checkout@v3	2025-12-03T03:09:50.4284336Z remote: Counting objects:  93% (295/317)        
test	Run actions/checkout@v3	2025-12-03T03:09:50.4285219Z remote: Counting objects:  94% (298/317)        
test	Run actions/checkout@v3	2025-12-03T03:09:50.4286064Z remote: Counting objects:  95% (302/317)        
test	Run actions/checkout@v3	2025-12-03T03:09:50.4286916Z remote: Counting objects:  96% (305/317)        
test	Run actions/checkout@v3	2025-12-03T03:09:50.4287757Z remote: Counting objects:  97% (308/317)        
test	Run actions/checkout@v3	2025-12-03T03:09:50.4288601Z remote: Counting objects:  98% (311/317)        
test	Run actions/checkout@v3	2025-12-03T03:09:50.4289594Z remote: Counting objects:  99% (314/317)        
test	Run actions/checkout@v3	2025-12-03T03:09:50.4290447Z remote: Counting objects: 100% (317/317)        
test	Run actions/checkout@v3	2025-12-03T03:09:50.4291351Z remote: Counting objects: 100% (317/317), done.        
test	Run actions/checkout@v3	2025-12-03T03:09:50.4292594Z remote: Compressing objects:   0% (1/306)        
test	Run actions/checkout@v3	2025-12-03T03:09:50.4294347Z remote: Compressing objects:   1% (4/306)        
test	Run actions/checkout@v3	2025-12-03T03:09:50.4295294Z remote: Compressing objects:   2% (7/306)        
test	Run actions/checkout@v3	2025-12-03T03:09:50.4296171Z remote: Compressing objects:   3% (10/306)        
test	Run actions/checkout@v3	2025-12-03T03:09:50.4297025Z remote: Compressing objects:   4% (13/306)        
test	Run actions/checkout@v3	2025-12-03T03:09:50.4297908Z remote: Compressing objects:   5% (16/306)        
test	Run actions/checkout@v3	2025-12-03T03:09:50.4298780Z remote: Compressing objects:   6% (19/306)        
test	Run actions/checkout@v3	2025-12-03T03:09:50.4299783Z remote: Compressing objects:   7% (22/306)        
test	Run actions/checkout@v3	2025-12-03T03:09:50.4300648Z remote: Compressing objects:   8% (25/306)        
test	Run actions/checkout@v3	2025-12-03T03:09:50.4301504Z remote: Compressing objects:   9% (28/306)        
test	Run actions/checkout@v3	2025-12-03T03:09:50.4302400Z remote: Compressing objects:  10% (31/306)        
test	Run actions/checkout@v3	2025-12-03T03:09:50.4308081Z remote: Compressing objects:  11% (34/306)        
test	Run actions/checkout@v3	2025-12-03T03:09:50.4323915Z remote: Compressing objects:  12% (37/306)        
test	Run actions/checkout@v3	2025-12-03T03:09:50.4336623Z remote: Compressing objects:  13% (40/306)        
test	Run actions/checkout@v3	2025-12-03T03:09:50.4346019Z remote: Compressing objects:  14% (43/306)        
test	Run actions/checkout@v3	2025-12-03T03:09:50.4356204Z remote: Compressing objects:  15% (46/306)        
test	Run actions/checkout@v3	2025-12-03T03:09:50.4451053Z remote: Compressing objects:  16% (49/306)        
test	Run actions/checkout@v3	2025-12-03T03:09:50.4452300Z remote: Compressing objects:  17% (53/306)        
test	Run actions/checkout@v3	2025-12-03T03:09:50.4453414Z remote: Compressing objects:  18% (56/306)        
test	Run actions/checkout@v3	2025-12-03T03:09:50.4454530Z remote: Compressing objects:  19% (59/306)        
test	Run actions/checkout@v3	2025-12-03T03:09:50.4455616Z remote: Compressing objects:  20% (62/306)        
test	Run actions/checkout@v3	2025-12-03T03:09:50.4456683Z remote: Compressing objects:  21% (65/306)        
test	Run actions/checkout@v3	2025-12-03T03:09:50.4457761Z remote: Compressing objects:  22% (68/306)        
test	Run actions/checkout@v3	2025-12-03T03:09:50.4458847Z remote: Compressing objects:  23% (71/306)        
test	Run actions/checkout@v3	2025-12-03T03:09:50.4462967Z remote: Compressing objects:  24% (74/306)        
test	Run actions/checkout@v3	2025-12-03T03:09:50.4471650Z remote: Compressing objects:  25% (77/306)        
test	Run actions/checkout@v3	2025-12-03T03:09:50.4484109Z remote: Compressing objects:  26% (80/306)        
test	Run actions/checkout@v3	2025-12-03T03:09:50.4496424Z remote: Compressing objects:  27% (83/306)        
test	Run actions/checkout@v3	2025-12-03T03:09:50.4505583Z remote: Compressing objects:  28% (86/306)        
test	Run actions/checkout@v3	2025-12-03T03:09:50.4525619Z remote: Compressing objects:  29% (89/306)        
test	Run actions/checkout@v3	2025-12-03T03:09:50.4551169Z remote: Compressing objects:  30% (92/306)        
test	Run actions/checkout@v3	2025-12-03T03:09:50.4553826Z remote: Compressing objects:  31% (95/306)        
test	Run actions/checkout@v3	2025-12-03T03:09:50.4570159Z remote: Compressing objects:  32% (98/306)        
test	Run actions/checkout@v3	2025-12-03T03:09:50.4589033Z remote: Compressing objects:  33% (101/306)        
test	Run actions/checkout@v3	2025-12-03T03:09:50.4599811Z remote: Compressing objects:  34% (105/306)        
test	Run actions/checkout@v3	2025-12-03T03:09:50.4610162Z remote: Compressing objects:  35% (108/306)        
test	Run actions/checkout@v3	2025-12-03T03:09:50.4619000Z remote: Compressing objects:  36% (111/306)        
test	Run actions/checkout@v3	2025-12-03T03:09:50.4622121Z remote: Compressing objects:  37% (114/306)        
test	Run actions/checkout@v3	2025-12-03T03:09:50.4629492Z remote: Compressing objects:  38% (117/306)        
test	Run actions/checkout@v3	2025-12-03T03:09:50.4642781Z remote: Compressing objects:  39% (120/306)        
test	Run actions/checkout@v3	2025-12-03T03:09:50.4657549Z remote: Compressing objects:  40% (123/306)        
test	Run actions/checkout@v3	2025-12-03T03:09:50.4676034Z remote: Compressing objects:  41% (126/306)        
test	Run actions/checkout@v3	2025-12-03T03:09:50.4690314Z remote: Compressing objects:  42% (129/306)        
test	Run actions/checkout@v3	2025-12-03T03:09:50.4716186Z remote: Compressing objects:  43% (132/306)        
test	Run actions/checkout@v3	2025-12-03T03:09:50.4731812Z remote: Compressing objects:  44% (135/306)        
test	Run actions/checkout@v3	2025-12-03T03:09:50.4748376Z remote: Compressing objects:  45% (138/306)        
test	Run actions/checkout@v3	2025-12-03T03:09:50.4768829Z remote: Compressing objects:  46% (141/306)        
test	Run actions/checkout@v3	2025-12-03T03:09:50.4779560Z remote: Compressing objects:  47% (144/306)        
test	Run actions/checkout@v3	2025-12-03T03:09:50.4795323Z remote: Compressing objects:  48% (147/306)        
test	Run actions/checkout@v3	2025-12-03T03:09:50.4808411Z remote: Compressing objects:  49% (150/306)        
test	Run actions/checkout@v3	2025-12-03T03:09:50.4820801Z remote: Compressing objects:  50% (153/306)        
test	Run actions/checkout@v3	2025-12-03T03:09:50.4829872Z remote: Compressing objects:  51% (157/306)        
test	Run actions/checkout@v3	2025-12-03T03:09:50.4842034Z remote: Compressing objects:  52% (160/306)        
test	Run actions/checkout@v3	2025-12-03T03:09:50.4854692Z remote: Compressing objects:  53% (163/306)        
test	Run actions/checkout@v3	2025-12-03T03:09:50.4869766Z remote: Compressing objects:  54% (166/306)        
test	Run actions/checkout@v3	2025-12-03T03:09:50.4876506Z remote: Compressing objects:  55% (169/306)        
test	Run actions/checkout@v3	2025-12-03T03:09:50.4887202Z remote: Compressing objects:  56% (172/306)        
test	Run actions/checkout@v3	2025-12-03T03:09:50.4892001Z remote: Compressing objects:  57% (175/306)        
test	Run actions/checkout@v3	2025-12-03T03:09:50.4900773Z remote: Compressing objects:  58% (178/306)        
test	Run actions/checkout@v3	2025-12-03T03:09:50.4916623Z remote: Compressing objects:  59% (181/306)        
test	Run actions/checkout@v3	2025-12-03T03:09:50.4931200Z remote: Compressing objects:  60% (184/306)        
test	Run actions/checkout@v3	2025-12-03T03:09:50.4947318Z remote: Compressing objects:  61% (187/306)        
test	Run actions/checkout@v3	2025-12-03T03:09:50.4955873Z remote: Compressing objects:  62% (190/306)        
test	Run actions/checkout@v3	2025-12-03T03:09:50.4964723Z remote: Compressing objects:  63% (193/306)        
test	Run actions/checkout@v3	2025-12-03T03:09:50.4976774Z remote: Compressing objects:  64% (196/306)        
test	Run actions/checkout@v3	2025-12-03T03:09:50.4983246Z remote: Compressing objects:  65% (199/306)        
test	Run actions/checkout@v3	2025-12-03T03:09:50.5005192Z remote: Compressing objects:  66% (202/306)        
test	Run actions/checkout@v3	2025-12-03T03:09:50.5023199Z remote: Compressing objects:  67% (206/306)        
test	Run actions/checkout@v3	2025-12-03T03:09:50.5031923Z remote: Compressing objects:  68% (209/306)        
test	Run actions/checkout@v3	2025-12-03T03:09:50.5055080Z remote: Compressing objects:  69% (212/306)        
test	Run actions/checkout@v3	2025-12-03T03:09:50.5075164Z remote: Compressing objects:  70% (215/306)        
test	Run actions/checkout@v3	2025-12-03T03:09:50.5113609Z remote: Compressing objects:  71% (218/306)        
test	Run actions/checkout@v3	2025-12-03T03:09:50.5115358Z remote: Compressing objects:  72% (221/306)        
test	Run actions/checkout@v3	2025-12-03T03:09:50.5119718Z remote: Compressing objects:  73% (224/306)        
test	Run actions/checkout@v3	2025-12-03T03:09:50.5121976Z remote: Compressing objects:  74% (227/306)        
test	Run actions/checkout@v3	2025-12-03T03:09:50.5123494Z remote: Compressing objects:  75% (230/306)        
test	Run actions/checkout@v3	2025-12-03T03:09:50.5126410Z remote: Compressing objects:  76% (233/306)        
test	Run actions/checkout@v3	2025-12-03T03:09:50.5128306Z remote: Compressing objects:  77% (236/306)        
test	Run actions/checkout@v3	2025-12-03T03:09:50.5131021Z remote: Compressing objects:  78% (239/306)        
test	Run actions/checkout@v3	2025-12-03T03:09:50.5133361Z remote: Compressing objects:  79% (242/306)        
test	Run actions/checkout@v3	2025-12-03T03:09:50.5135108Z remote: Compressing objects:  80% (245/306)        
test	Run actions/checkout@v3	2025-12-03T03:09:50.5137242Z remote: Compressing objects:  81% (248/306)        
test	Run actions/checkout@v3	2025-12-03T03:09:50.5139147Z remote: Compressing objects:  82% (251/306)        
test	Run actions/checkout@v3	2025-12-03T03:09:50.5140665Z remote: Compressing objects:  83% (254/306)        
test	Run actions/checkout@v3	2025-12-03T03:09:50.5141991Z remote: Compressing objects:  84% (258/306)        
test	Run actions/checkout@v3	2025-12-03T03:09:50.5174485Z remote: Compressing objects:  85% (261/306)        
test	Run actions/checkout@v3	2025-12-03T03:09:50.5188868Z remote: Compressing objects:  86% (264/306)        
test	Run actions/checkout@v3	2025-12-03T03:09:50.5193629Z remote: Compressing objects:  87% (267/306)        
test	Run actions/checkout@v3	2025-12-03T03:09:50.5195746Z remote: Compressing objects:  88% (270/306)        
test	Run actions/checkout@v3	2025-12-03T03:09:50.5197166Z remote: Compressing objects:  89% (273/306)        
test	Run actions/checkout@v3	2025-12-03T03:09:50.5198491Z remote: Compressing objects:  90% (276/306)        
test	Run actions/checkout@v3	2025-12-03T03:09:50.5200039Z remote: Compressing objects:  91% (279/306)        
test	Run actions/checkout@v3	2025-12-03T03:09:50.5201653Z remote: Compressing objects:  92% (282/306)        
test	Run actions/checkout@v3	2025-12-03T03:09:50.5202945Z remote: Compressing objects:  93% (285/306)        
test	Run actions/checkout@v3	2025-12-03T03:09:50.5204241Z remote: Compressing objects:  94% (288/306)        
test	Run actions/checkout@v3	2025-12-03T03:09:50.5205515Z remote: Compressing objects:  95% (291/306)        
test	Run actions/checkout@v3	2025-12-03T03:09:50.5206800Z remote: Compressing objects:  96% (294/306)        
test	Run actions/checkout@v3	2025-12-03T03:09:50.5208235Z remote: Compressing objects:  97% (297/306)        
test	Run actions/checkout@v3	2025-12-03T03:09:50.5209687Z remote: Compressing objects:  98% (300/306)        
test	Run actions/checkout@v3	2025-12-03T03:09:50.5210971Z remote: Compressing objects:  99% (303/306)        
test	Run actions/checkout@v3	2025-12-03T03:09:50.5212387Z remote: Compressing objects: 100% (306/306)        
test	Run actions/checkout@v3	2025-12-03T03:09:50.5213763Z remote: Compressing objects: 100% (306/306), done.        
test	Run actions/checkout@v3	2025-12-03T03:09:50.5236156Z Receiving objects:   0% (1/317)
test	Run actions/checkout@v3	2025-12-03T03:09:50.5237914Z Receiving objects:   1% (4/317)
test	Run actions/checkout@v3	2025-12-03T03:09:50.5239735Z Receiving objects:   2% (7/317)
test	Run actions/checkout@v3	2025-12-03T03:09:50.5241383Z Receiving objects:   3% (10/317)
test	Run actions/checkout@v3	2025-12-03T03:09:50.5243465Z Receiving objects:   4% (13/317)
test	Run actions/checkout@v3	2025-12-03T03:09:50.5246545Z Receiving objects:   5% (16/317)
test	Run actions/checkout@v3	2025-12-03T03:09:50.5249031Z Receiving objects:   6% (20/317)
test	Run actions/checkout@v3	2025-12-03T03:09:50.5262304Z Receiving objects:   7% (23/317)
test	Run actions/checkout@v3	2025-12-03T03:09:50.5264132Z Receiving objects:   8% (26/317)
test	Run actions/checkout@v3	2025-12-03T03:09:50.5334257Z Receiving objects:   9% (29/317)
test	Run actions/checkout@v3	2025-12-03T03:09:50.5372096Z Receiving objects:  10% (32/317)
test	Run actions/checkout@v3	2025-12-03T03:09:50.5374406Z Receiving objects:  11% (35/317)
test	Run actions/checkout@v3	2025-12-03T03:09:50.5385776Z Receiving objects:  12% (39/317)
test	Run actions/checkout@v3	2025-12-03T03:09:50.5388624Z Receiving objects:  13% (42/317)
test	Run actions/checkout@v3	2025-12-03T03:09:50.5458378Z Receiving objects:  14% (45/317)
test	Run actions/checkout@v3	2025-12-03T03:09:50.5461028Z Receiving objects:  15% (48/317)
test	Run actions/checkout@v3	2025-12-03T03:09:50.5463100Z Receiving objects:  16% (51/317)
test	Run actions/checkout@v3	2025-12-03T03:09:50.5464850Z Receiving objects:  17% (54/317)
test	Run actions/checkout@v3	2025-12-03T03:09:50.5466523Z Receiving objects:  18% (58/317)
test	Run actions/checkout@v3	2025-12-03T03:09:50.5468818Z Receiving objects:  19% (61/317)
test	Run actions/checkout@v3	2025-12-03T03:09:50.5471158Z Receiving objects:  20% (64/317)
test	Run actions/checkout@v3	2025-12-03T03:09:50.5631955Z Receiving objects:  21% (67/317)
test	Run actions/checkout@v3	2025-12-03T03:09:50.5671774Z Receiving objects:  22% (70/317)
test	Run actions/checkout@v3	2025-12-03T03:09:50.5675098Z Receiving objects:  23% (73/317)
test	Run actions/checkout@v3	2025-12-03T03:09:50.5715202Z Receiving objects:  24% (77/317)
test	Run actions/checkout@v3	2025-12-03T03:09:50.5718016Z Receiving objects:  25% (80/317)
test	Run actions/checkout@v3	2025-12-03T03:09:50.5720344Z Receiving objects:  26% (83/317)
test	Run actions/checkout@v3	2025-12-03T03:09:50.5722354Z Receiving objects:  27% (86/317)
test	Run actions/checkout@v3	2025-12-03T03:09:50.5724380Z Receiving objects:  28% (89/317)
test	Run actions/checkout@v3	2025-12-03T03:09:50.5725984Z Receiving objects:  29% (92/317)
test	Run actions/checkout@v3	2025-12-03T03:09:50.5727581Z Receiving objects:  30% (96/317)
test	Run actions/checkout@v3	2025-12-03T03:09:50.5729179Z Receiving objects:  31% (99/317)
test	Run actions/checkout@v3	2025-12-03T03:09:50.5731505Z Receiving objects:  32% (102/317)
test	Run actions/checkout@v3	2025-12-03T03:09:50.5739995Z Receiving objects:  33% (105/317)
test	Run actions/checkout@v3	2025-12-03T03:09:50.5741985Z Receiving objects:  34% (108/317)
test	Run actions/checkout@v3	2025-12-03T03:09:50.5746400Z Receiving objects:  35% (111/317)
test	Run actions/checkout@v3	2025-12-03T03:09:50.5749887Z Receiving objects:  36% (115/317)
test	Run actions/checkout@v3	2025-12-03T03:09:50.5758136Z Receiving objects:  37% (118/317)
test	Run actions/checkout@v3	2025-12-03T03:09:50.5774603Z Receiving objects:  38% (121/317)
test	Run actions/checkout@v3	2025-12-03T03:09:50.5777440Z Receiving objects:  39% (124/317)
test	Run actions/checkout@v3	2025-12-03T03:09:50.5779653Z Receiving objects:  40% (127/317)
test	Run actions/checkout@v3	2025-12-03T03:09:50.5800905Z Receiving objects:  41% (130/317)
test	Run actions/checkout@v3	2025-12-03T03:09:50.5804411Z Receiving objects:  42% (134/317)
test	Run actions/checkout@v3	2025-12-03T03:09:50.5806419Z Receiving objects:  43% (137/317)
test	Run actions/checkout@v3	2025-12-03T03:09:50.5809194Z Receiving objects:  44% (140/317)
test	Run actions/checkout@v3	2025-12-03T03:09:50.5847029Z Receiving objects:  45% (143/317)
test	Run actions/checkout@v3	2025-12-03T03:09:50.5849153Z Receiving objects:  46% (146/317)
test	Run actions/checkout@v3	2025-12-03T03:09:50.5886954Z Receiving objects:  47% (149/317)
test	Run actions/checkout@v3	2025-12-03T03:09:50.5891185Z Receiving objects:  48% (153/317)
test	Run actions/checkout@v3	2025-12-03T03:09:50.5893297Z Receiving objects:  49% (156/317)
test	Run actions/checkout@v3	2025-12-03T03:09:50.5896986Z Receiving objects:  50% (159/317)
test	Run actions/checkout@v3	2025-12-03T03:09:50.5899033Z Receiving objects:  51% (162/317)
test	Run actions/checkout@v3	2025-12-03T03:09:50.5902844Z Receiving objects:  52% (165/317)
test	Run actions/checkout@v3	2025-12-03T03:09:50.5905796Z Receiving objects:  53% (169/317)
test	Run actions/checkout@v3	2025-12-03T03:09:50.5908356Z Receiving objects:  54% (172/317)
test	Run actions/checkout@v3	2025-12-03T03:09:50.5912129Z Receiving objects:  55% (175/317)
test	Run actions/checkout@v3	2025-12-03T03:09:50.5915903Z Receiving objects:  56% (178/317)
test	Run actions/checkout@v3	2025-12-03T03:09:50.5919085Z Receiving objects:  57% (181/317)
test	Run actions/checkout@v3	2025-12-03T03:09:50.5923486Z Receiving objects:  58% (184/317)
test	Run actions/checkout@v3	2025-12-03T03:09:50.5926411Z Receiving objects:  59% (188/317)
test	Run actions/checkout@v3	2025-12-03T03:09:50.5928956Z Receiving objects:  60% (191/317)
test	Run actions/checkout@v3	2025-12-03T03:09:50.5932155Z Receiving objects:  61% (194/317)
test	Run actions/checkout@v3	2025-12-03T03:09:50.5935048Z Receiving objects:  62% (197/317)
test	Run actions/checkout@v3	2025-12-03T03:09:50.5938381Z Receiving objects:  63% (200/317)
test	Run actions/checkout@v3	2025-12-03T03:09:50.6017827Z Receiving objects:  64% (203/317)
test	Run actions/checkout@v3	2025-12-03T03:09:50.6019820Z Receiving objects:  65% (207/317)
test	Run actions/checkout@v3	2025-12-03T03:09:50.6021722Z Receiving objects:  66% (210/317)
test	Run actions/checkout@v3	2025-12-03T03:09:50.6023345Z Receiving objects:  67% (213/317)
test	Run actions/checkout@v3	2025-12-03T03:09:50.6024923Z Receiving objects:  68% (216/317)
test	Run actions/checkout@v3	2025-12-03T03:09:50.6026516Z Receiving objects:  69% (219/317)
test	Run actions/checkout@v3	2025-12-03T03:09:50.6028090Z Receiving objects:  70% (222/317)
test	Run actions/checkout@v3	2025-12-03T03:09:50.6030013Z Receiving objects:  71% (226/317)
test	Run actions/checkout@v3	2025-12-03T03:09:50.6031635Z Receiving objects:  72% (229/317)
test	Run actions/checkout@v3	2025-12-03T03:09:50.6033234Z Receiving objects:  73% (232/317)
test	Run actions/checkout@v3	2025-12-03T03:09:50.6034824Z Receiving objects:  74% (235/317)
test	Run actions/checkout@v3	2025-12-03T03:09:50.6036410Z Receiving objects:  75% (238/317)
test	Run actions/checkout@v3	2025-12-03T03:09:50.6037982Z Receiving objects:  76% (241/317)
test	Run actions/checkout@v3	2025-12-03T03:09:50.6040166Z Receiving objects:  77% (245/317)
test	Run actions/checkout@v3	2025-12-03T03:09:50.6041813Z Receiving objects:  78% (248/317)
test	Run actions/checkout@v3	2025-12-03T03:09:50.6043386Z Receiving objects:  79% (251/317)
test	Run actions/checkout@v3	2025-12-03T03:09:50.6044970Z Receiving objects:  80% (254/317)
test	Run actions/checkout@v3	2025-12-03T03:09:50.6046555Z Receiving objects:  81% (257/317)
test	Run actions/checkout@v3	2025-12-03T03:09:50.6048312Z Receiving objects:  82% (260/317)
test	Run actions/checkout@v3	2025-12-03T03:09:50.6050115Z Receiving objects:  83% (264/317)
test	Run actions/checkout@v3	2025-12-03T03:09:50.6051487Z Receiving objects:  84% (267/317)
test	Run actions/checkout@v3	2025-12-03T03:09:50.6052773Z Receiving objects:  85% (270/317)
test	Run actions/checkout@v3	2025-12-03T03:09:50.6054655Z remote: Total 317 (delta 5), reused 148 (delta 4), pack-reused 0 (from 0)        
test	Run actions/checkout@v3	2025-12-03T03:09:50.6056101Z Receiving objects:  86% (273/317)
test	Run actions/checkout@v3	2025-12-03T03:09:50.6057076Z Receiving objects:  87% (276/317)
test	Run actions/checkout@v3	2025-12-03T03:09:50.6058063Z Receiving objects:  88% (279/317)
test	Run actions/checkout@v3	2025-12-03T03:09:50.6059025Z Receiving objects:  89% (283/317)
test	Run actions/checkout@v3	2025-12-03T03:09:50.6060274Z Receiving objects:  90% (286/317)
test	Run actions/checkout@v3	2025-12-03T03:09:50.6061239Z Receiving objects:  91% (289/317)
test	Run actions/checkout@v3	2025-12-03T03:09:50.6062203Z Receiving objects:  92% (292/317)
test	Run actions/checkout@v3	2025-12-03T03:09:50.6063160Z Receiving objects:  93% (295/317)
test	Run actions/checkout@v3	2025-12-03T03:09:50.6064122Z Receiving objects:  94% (298/317)
test	Run actions/checkout@v3	2025-12-03T03:09:50.6065078Z Receiving objects:  95% (302/317)
test	Run actions/checkout@v3	2025-12-03T03:09:50.6066051Z Receiving objects:  96% (305/317)
test	Run actions/checkout@v3	2025-12-03T03:09:50.6067257Z Receiving objects:  97% (308/317)
test	Run actions/checkout@v3	2025-12-03T03:09:50.6068210Z Receiving objects:  98% (311/317)
test	Run actions/checkout@v3	2025-12-03T03:09:50.6069166Z Receiving objects:  99% (314/317)
test	Run actions/checkout@v3	2025-12-03T03:09:50.6070337Z Receiving objects: 100% (317/317)
test	Run actions/checkout@v3	2025-12-03T03:09:50.6071543Z Receiving objects: 100% (317/317), 701.12 KiB | 8.35 MiB/s, done.
test	Run actions/checkout@v3	2025-12-03T03:09:50.6072824Z Resolving deltas:   0% (0/5)
test	Run actions/checkout@v3	2025-12-03T03:09:50.6073743Z Resolving deltas:  20% (1/5)
test	Run actions/checkout@v3	2025-12-03T03:09:50.6074646Z Resolving deltas:  40% (2/5)
test	Run actions/checkout@v3	2025-12-03T03:09:50.6075554Z Resolving deltas:  60% (3/5)
test	Run actions/checkout@v3	2025-12-03T03:09:50.6076450Z Resolving deltas:  80% (4/5)
test	Run actions/checkout@v3	2025-12-03T03:09:50.6077363Z Resolving deltas: 100% (5/5)
test	Run actions/checkout@v3	2025-12-03T03:09:50.6078264Z Resolving deltas: 100% (5/5), done.
test	Run actions/checkout@v3	2025-12-03T03:09:50.6170291Z From https://github.com/kaenozu/AGStock
test	Run actions/checkout@v3	2025-12-03T03:09:50.6171928Z  * [new ref]         cdc11f91bd493aa06afbe071dbba55edabfe2b4a -> pull/22/merge
test	Run actions/checkout@v3	2025-12-03T03:09:50.6205241Z ##[endgroup]
test	Run actions/checkout@v3	2025-12-03T03:09:50.6207490Z ##[group]Determining the checkout info
test	Run actions/checkout@v3	2025-12-03T03:09:50.6210183Z ##[endgroup]
test	Run actions/checkout@v3	2025-12-03T03:09:50.6212260Z ##[group]Checking out the ref
test	Run actions/checkout@v3	2025-12-03T03:09:50.6214491Z [command]/usr/bin/git checkout --progress --force refs/remotes/pull/22/merge
test	Run actions/checkout@v3	2025-12-03T03:09:50.6432452Z Note: switching to 'refs/remotes/pull/22/merge'.
test	Run actions/checkout@v3	2025-12-03T03:09:50.6433725Z 
test	Run actions/checkout@v3	2025-12-03T03:09:50.6434615Z You are in 'detached HEAD' state. You can look around, make experimental
test	Run actions/checkout@v3	2025-12-03T03:09:50.6436426Z changes and commit them, and you can discard any commits you make in this
test	Run actions/checkout@v3	2025-12-03T03:09:50.6438170Z state without impacting any branches by switching back to a branch.
test	Run actions/checkout@v3	2025-12-03T03:09:50.6439391Z 
test	Run actions/checkout@v3	2025-12-03T03:09:50.6440389Z If you want to create a new branch to retain commits you create, you may
test	Run actions/checkout@v3	2025-12-03T03:09:50.6442029Z do so (now or later) by using -c with the switch command. Example:
test	Run actions/checkout@v3	2025-12-03T03:09:50.6442946Z 
test	Run actions/checkout@v3	2025-12-03T03:09:50.6443322Z   git switch -c <new-branch-name>
test	Run actions/checkout@v3	2025-12-03T03:09:50.6444198Z 
test	Run actions/checkout@v3	2025-12-03T03:09:50.6444574Z Or undo this operation with:
test	Run actions/checkout@v3	2025-12-03T03:09:50.6445176Z 
test	Run actions/checkout@v3	2025-12-03T03:09:50.6445511Z   git switch -
test	Run actions/checkout@v3	2025-12-03T03:09:50.6445942Z 
test	Run actions/checkout@v3	2025-12-03T03:09:50.6446676Z Turn off this advice by setting config variable advice.detachedHead to false
test	Run actions/checkout@v3	2025-12-03T03:09:50.6447756Z 
test	Run actions/checkout@v3	2025-12-03T03:09:50.6448954Z HEAD is now at cdc11f9 Merge 69618a96219e50bea372fcd40c4a5f3fe9d4a49f into 320627a7040b8896d7f3c062726051b7777d0659
test	Run actions/checkout@v3	2025-12-03T03:09:50.6452651Z ##[endgroup]
test	Run actions/checkout@v3	2025-12-03T03:09:50.6476261Z [command]/usr/bin/git log -1 --format='%H'
test	Run actions/checkout@v3	2025-12-03T03:09:50.6497030Z 'cdc11f91bd493aa06afbe071dbba55edabfe2b4a'
test	Set up Python	・ｿ2025-12-03T03:09:50.6772897Z ##[group]Run actions/setup-python@v4
test	Set up Python	2025-12-03T03:09:50.6773890Z with:
test	Set up Python	2025-12-03T03:09:50.6774557Z   python-version: 3.10
test	Set up Python	2025-12-03T03:09:50.6775333Z   check-latest: false
test	Set up Python	2025-12-03T03:09:50.6776322Z   token: ***
test	Set up Python	2025-12-03T03:09:50.6777030Z   update-environment: true
test	Set up Python	2025-12-03T03:09:50.6777882Z   allow-prereleases: false
test	Set up Python	2025-12-03T03:09:50.6778690Z ##[endgroup]
test	Set up Python	2025-12-03T03:09:50.8526218Z ##[group]Installed versions
test	Set up Python	2025-12-03T03:09:50.8663504Z Successfully set up CPython (3.10.19)
test	Set up Python	2025-12-03T03:09:50.8666084Z ##[endgroup]
test	Install dependencies	・ｿ2025-12-03T03:09:50.8808715Z ##[group]Run python -m pip install --upgrade pip
test	Install dependencies	2025-12-03T03:09:50.8810376Z [36;1mpython -m pip install --upgrade pip[0m
test	Install dependencies	2025-12-03T03:09:50.8811488Z [36;1mpip install -r requirements.txt[0m
test	Install dependencies	2025-12-03T03:09:50.8812554Z [36;1mpip install -r requirements-dev.txt[0m
test	Install dependencies	2025-12-03T03:09:50.8862097Z shell: /usr/bin/bash -e {0}
test	Install dependencies	2025-12-03T03:09:50.8862983Z env:
test	Install dependencies	2025-12-03T03:09:50.8863850Z   pythonLocation: /opt/hostedtoolcache/Python/3.10.19/x64
test	Install dependencies	2025-12-03T03:09:50.8865349Z   PKG_CONFIG_PATH: /opt/hostedtoolcache/Python/3.10.19/x64/lib/pkgconfig
test	Install dependencies	2025-12-03T03:09:50.8866809Z   Python_ROOT_DIR: /opt/hostedtoolcache/Python/3.10.19/x64
test	Install dependencies	2025-12-03T03:09:50.8868130Z   Python2_ROOT_DIR: /opt/hostedtoolcache/Python/3.10.19/x64
test	Install dependencies	2025-12-03T03:09:50.8869705Z   Python3_ROOT_DIR: /opt/hostedtoolcache/Python/3.10.19/x64
test	Install dependencies	2025-12-03T03:09:50.8871060Z   LD_LIBRARY_PATH: /opt/hostedtoolcache/Python/3.10.19/x64/lib
test	Install dependencies	2025-12-03T03:09:50.8872415Z ##[endgroup]
test	Install dependencies	2025-12-03T03:09:51.6437934Z Requirement already satisfied: pip in /opt/hostedtoolcache/Python/3.10.19/x64/lib/python3.10/site-packages (25.3)
test	Install dependencies	2025-12-03T03:09:52.9556201Z Collecting streamlit>=1.29.0 (from -r requirements.txt (line 1))
test	Install dependencies	2025-12-03T03:09:53.0534535Z   Downloading streamlit-1.51.0-py3-none-any.whl.metadata (9.5 kB)
test	Install dependencies	2025-12-03T03:09:53.3264790Z Collecting yfinance>=0.2.0 (from -r requirements.txt (line 2))
test	Install dependencies	2025-12-03T03:09:53.3385457Z   Downloading yfinance-0.2.66-py2.py3-none-any.whl.metadata (6.0 kB)
test	Install dependencies	2025-12-03T03:09:53.5201838Z Collecting pandas>=2.0.0 (from -r requirements.txt (line 3))
test	Install dependencies	2025-12-03T03:09:53.5322351Z   Downloading pandas-2.3.3-cp310-cp310-manylinux_2_24_x86_64.manylinux_2_28_x86_64.whl.metadata (91 kB)
test	Install dependencies	2025-12-03T03:09:53.7685795Z Collecting reportlab>=4.0.0 (from -r requirements.txt (line 6))
test	Install dependencies	2025-12-03T03:09:53.7816735Z   Downloading reportlab-4.4.5-py3-none-any.whl.metadata (1.7 kB)
test	Install dependencies	2025-12-03T03:09:53.8150227Z Collecting openpyxl>=3.1.0 (from -r requirements.txt (line 7))
test	Install dependencies	2025-12-03T03:09:53.8281286Z   Downloading openpyxl-3.1.5-py2.py3-none-any.whl.metadata (2.5 kB)
test	Install dependencies	2025-12-03T03:09:54.0023534Z Collecting scipy>=1.11.0 (from -r requirements.txt (line 20))
test	Install dependencies	2025-12-03T03:09:54.0138051Z   Downloading scipy-1.15.3-cp310-cp310-manylinux_2_17_x86_64.manylinux2014_x86_64.whl.metadata (61 kB)
test	Install dependencies	2025-12-03T03:09:54.1576490Z Collecting cvxpy>=1.4.0 (from -r requirements.txt (line 21))
test	Install dependencies	2025-12-03T03:09:54.1717232Z   Downloading cvxpy-1.7.4-cp310-cp310-manylinux_2_24_x86_64.manylinux_2_28_x86_64.whl.metadata (9.5 kB)
test	Install dependencies	2025-12-03T03:09:54.2285832Z Collecting empyrical>=0.5.5 (from -r requirements.txt (line 22))
test	Install dependencies	2025-12-03T03:09:54.2425696Z   Downloading empyrical-0.5.5.tar.gz (52 kB)
test	Install dependencies	2025-12-03T03:09:54.2632950Z   Installing build dependencies: started
test	Install dependencies	2025-12-03T03:09:55.3424620Z   Installing build dependencies: finished with status 'done'
test	Install dependencies	2025-12-03T03:09:55.3431201Z   Getting requirements to build wheel: started
test	Install dependencies	2025-12-03T03:09:55.6853866Z   Getting requirements to build wheel: finished with status 'done'
test	Install dependencies	2025-12-03T03:09:55.6863672Z   Preparing metadata (pyproject.toml): started
test	Install dependencies	2025-12-03T03:09:55.8667170Z   Preparing metadata (pyproject.toml): finished with status 'done'
test	Install dependencies	2025-12-03T03:09:55.8955551Z Collecting prometheus-client>=0.19.0 (from -r requirements.txt (line 23))
test	Install dependencies	2025-12-03T03:09:55.9069064Z   Downloading prometheus_client-0.23.1-py3-none-any.whl.metadata (1.9 kB)
test	Install dependencies	2025-12-03T03:09:55.9504074Z Collecting redis>=5.0.0 (from -r requirements.txt (line 24))
test	Install dependencies	2025-12-03T03:09:55.9616154Z   Downloading redis-7.1.0-py3-none-any.whl.metadata (12 kB)
test	Install dependencies	2025-12-03T03:09:56.0158337Z Collecting celery>=5.3.0 (from -r requirements.txt (line 25))
test	Install dependencies	2025-12-03T03:09:56.0272609Z   Downloading celery-5.6.0-py3-none-any.whl.metadata (23 kB)
test	Install dependencies	2025-12-03T03:09:56.0921083Z Collecting altair!=5.4.0,!=5.4.1,<6,>=4.0 (from streamlit>=1.29.0->-r requirements.txt (line 1))
test	Install dependencies	2025-12-03T03:09:56.1032603Z   Downloading altair-5.5.0-py3-none-any.whl.metadata (11 kB)
test	Install dependencies	2025-12-03T03:09:56.1439709Z Collecting blinker<2,>=1.5.0 (from streamlit>=1.29.0->-r requirements.txt (line 1))
test	Install dependencies	2025-12-03T03:09:56.1555301Z   Downloading blinker-1.9.0-py3-none-any.whl.metadata (1.6 kB)
test	Install dependencies	2025-12-03T03:09:56.1910622Z Collecting cachetools<7,>=4.0 (from streamlit>=1.29.0->-r requirements.txt (line 1))
test	Install dependencies	2025-12-03T03:09:56.2023214Z   Downloading cachetools-6.2.2-py3-none-any.whl.metadata (5.6 kB)
test	Install dependencies	2025-12-03T03:09:56.2361213Z Collecting click<9,>=7.0 (from streamlit>=1.29.0->-r requirements.txt (line 1))
test	Install dependencies	2025-12-03T03:09:56.2500759Z   Downloading click-8.3.1-py3-none-any.whl.metadata (2.6 kB)
test	Install dependencies	2025-12-03T03:09:56.5172505Z Collecting numpy<3,>=1.23 (from streamlit>=1.29.0->-r requirements.txt (line 1))
test	Install dependencies	2025-12-03T03:09:56.5285821Z   Downloading numpy-2.2.6-cp310-cp310-manylinux_2_17_x86_64.manylinux2014_x86_64.whl.metadata (62 kB)
test	Install dependencies	2025-12-03T03:09:56.5673805Z Collecting packaging<26,>=20 (from streamlit>=1.29.0->-r requirements.txt (line 1))
test	Install dependencies	2025-12-03T03:09:56.5787402Z   Downloading packaging-25.0-py3-none-any.whl.metadata (3.3 kB)
test	Install dependencies	2025-12-03T03:09:56.8451294Z Collecting pillow<13,>=7.1.0 (from streamlit>=1.29.0->-r requirements.txt (line 1))
test	Install dependencies	2025-12-03T03:09:56.8570425Z   Downloading pillow-12.0.0-cp310-cp310-manylinux_2_27_x86_64.manylinux_2_28_x86_64.whl.metadata (8.8 kB)
test	Install dependencies	2025-12-03T03:09:57.0892843Z Collecting protobuf<7,>=3.20 (from streamlit>=1.29.0->-r requirements.txt (line 1))
test	Install dependencies	2025-12-03T03:09:57.1020934Z   Downloading protobuf-6.33.1-cp39-abi3-manylinux2014_x86_64.whl.metadata (593 bytes)
test	Install dependencies	2025-12-03T03:09:57.2205431Z Collecting pyarrow<22,>=7.0 (from streamlit>=1.29.0->-r requirements.txt (line 1))
test	Install dependencies	2025-12-03T03:09:57.2341603Z   Downloading pyarrow-21.0.0-cp310-cp310-manylinux_2_28_x86_64.whl.metadata (3.3 kB)
test	Install dependencies	2025-12-03T03:09:57.2793066Z Collecting requests<3,>=2.27 (from streamlit>=1.29.0->-r requirements.txt (line 1))
test	Install dependencies	2025-12-03T03:09:57.2907849Z   Downloading requests-2.32.5-py3-none-any.whl.metadata (4.9 kB)
test	Install dependencies	2025-12-03T03:09:57.3222527Z Collecting tenacity<10,>=8.1.0 (from streamlit>=1.29.0->-r requirements.txt (line 1))
test	Install dependencies	2025-12-03T03:09:57.3359850Z   Downloading tenacity-9.1.2-py3-none-any.whl.metadata (1.2 kB)
test	Install dependencies	2025-12-03T03:09:57.3611478Z Collecting toml<2,>=0.10.1 (from streamlit>=1.29.0->-r requirements.txt (line 1))
test	Install dependencies	2025-12-03T03:09:57.3726134Z   Downloading toml-0.10.2-py2.py3-none-any.whl.metadata (7.1 kB)
test	Install dependencies	2025-12-03T03:09:57.4030290Z Collecting typing-extensions<5,>=4.4.0 (from streamlit>=1.29.0->-r requirements.txt (line 1))
test	Install dependencies	2025-12-03T03:09:57.4141048Z   Downloading typing_extensions-4.15.0-py3-none-any.whl.metadata (3.3 kB)
test	Install dependencies	2025-12-03T03:09:57.5211334Z Collecting watchdog<7,>=2.1.5 (from streamlit>=1.29.0->-r requirements.txt (line 1))
test	Install dependencies	2025-12-03T03:09:57.5330085Z   Downloading watchdog-6.0.0-py3-none-manylinux2014_x86_64.whl.metadata (44 kB)
test	Install dependencies	2025-12-03T03:09:57.5804055Z Collecting gitpython!=3.1.19,<4,>=3.0.7 (from streamlit>=1.29.0->-r requirements.txt (line 1))
test	Install dependencies	2025-12-03T03:09:57.5914523Z   Downloading gitpython-3.1.45-py3-none-any.whl.metadata (13 kB)
test	Install dependencies	2025-12-03T03:09:57.6222440Z Collecting pydeck<1,>=0.8.0b4 (from streamlit>=1.29.0->-r requirements.txt (line 1))
test	Install dependencies	2025-12-03T03:09:57.6334876Z   Downloading pydeck-0.9.1-py2.py3-none-any.whl.metadata (4.1 kB)
test	Install dependencies	2025-12-03T03:09:57.6897288Z Collecting tornado!=6.5.0,<7,>=6.0.3 (from streamlit>=1.29.0->-r requirements.txt (line 1))
test	Install dependencies	2025-12-03T03:09:57.7010878Z   Downloading tornado-6.5.2-cp39-abi3-manylinux_2_5_x86_64.manylinux1_x86_64.manylinux_2_17_x86_64.manylinux2014_x86_64.whl.metadata (2.8 kB)
test	Install dependencies	2025-12-03T03:09:57.7383463Z Collecting python-dateutil>=2.8.2 (from pandas>=2.0.0->-r requirements.txt (line 3))
test	Install dependencies	2025-12-03T03:09:57.7498231Z   Downloading python_dateutil-2.9.0.post0-py2.py3-none-any.whl.metadata (8.4 kB)
test	Install dependencies	2025-12-03T03:09:57.8076612Z Collecting pytz>=2020.1 (from pandas>=2.0.0->-r requirements.txt (line 3))
test	Install dependencies	2025-12-03T03:09:57.8187330Z   Downloading pytz-2025.2-py2.py3-none-any.whl.metadata (22 kB)
test	Install dependencies	2025-12-03T03:09:57.8464628Z Collecting tzdata>=2022.7 (from pandas>=2.0.0->-r requirements.txt (line 3))
test	Install dependencies	2025-12-03T03:09:57.8571851Z   Downloading tzdata-2025.2-py2.py3-none-any.whl.metadata (1.4 kB)
test	Install dependencies	2025-12-03T03:09:57.8860974Z Collecting jinja2 (from altair!=5.4.0,!=5.4.1,<6,>=4.0->streamlit>=1.29.0->-r requirements.txt (line 1))
test	Install dependencies	2025-12-03T03:09:57.8973431Z   Downloading jinja2-3.1.6-py3-none-any.whl.metadata (2.9 kB)
test	Install dependencies	2025-12-03T03:09:57.9395068Z Collecting jsonschema>=3.0 (from altair!=5.4.0,!=5.4.1,<6,>=4.0->streamlit>=1.29.0->-r requirements.txt (line 1))
test	Install dependencies	2025-12-03T03:09:57.9511539Z   Downloading jsonschema-4.25.1-py3-none-any.whl.metadata (7.6 kB)
test	Install dependencies	2025-12-03T03:09:58.0173278Z Collecting narwhals>=1.14.2 (from altair!=5.4.0,!=5.4.1,<6,>=4.0->streamlit>=1.29.0->-r requirements.txt (line 1))
test	Install dependencies	2025-12-03T03:09:58.0285163Z   Downloading narwhals-2.13.0-py3-none-any.whl.metadata (12 kB)
test	Install dependencies	2025-12-03T03:09:58.0635923Z Collecting gitdb<5,>=4.0.1 (from gitpython!=3.1.19,<4,>=3.0.7->streamlit>=1.29.0->-r requirements.txt (line 1))
test	Install dependencies	2025-12-03T03:09:58.0746935Z   Downloading gitdb-4.0.12-py3-none-any.whl.metadata (1.2 kB)
test	Install dependencies	2025-12-03T03:09:58.0983957Z Collecting smmap<6,>=3.0.1 (from gitdb<5,>=4.0.1->gitpython!=3.1.19,<4,>=3.0.7->streamlit>=1.29.0->-r requirements.txt (line 1))
test	Install dependencies	2025-12-03T03:09:58.1096332Z   Downloading smmap-5.0.2-py3-none-any.whl.metadata (4.3 kB)
test	Install dependencies	2025-12-03T03:09:58.2479514Z Collecting charset_normalizer<4,>=2 (from requests<3,>=2.27->streamlit>=1.29.0->-r requirements.txt (line 1))
test	Install dependencies	2025-12-03T03:09:58.2595716Z   Downloading charset_normalizer-3.4.4-cp310-cp310-manylinux2014_x86_64.manylinux_2_17_x86_64.manylinux_2_28_x86_64.whl.metadata (37 kB)
test	Install dependencies	2025-12-03T03:09:58.2886900Z Collecting idna<4,>=2.5 (from requests<3,>=2.27->streamlit>=1.29.0->-r requirements.txt (line 1))
test	Install dependencies	2025-12-03T03:09:58.2996143Z   Downloading idna-3.11-py3-none-any.whl.metadata (8.4 kB)
test	Install dependencies	2025-12-03T03:09:58.3429886Z Collecting urllib3<3,>=1.21.1 (from requests<3,>=2.27->streamlit>=1.29.0->-r requirements.txt (line 1))
test	Install dependencies	2025-12-03T03:09:58.3541404Z   Downloading urllib3-2.5.0-py3-none-any.whl.metadata (6.5 kB)
test	Install dependencies	2025-12-03T03:09:58.3887089Z Collecting certifi>=2017.4.17 (from requests<3,>=2.27->streamlit>=1.29.0->-r requirements.txt (line 1))
test	Install dependencies	2025-12-03T03:09:58.3996703Z   Downloading certifi-2025.11.12-py3-none-any.whl.metadata (2.5 kB)
test	Install dependencies	2025-12-03T03:09:58.4694638Z Collecting multitasking>=0.0.7 (from yfinance>=0.2.0->-r requirements.txt (line 2))
test	Install dependencies	2025-12-03T03:09:58.4810937Z   Downloading multitasking-0.0.12.tar.gz (19 kB)
test	Install dependencies	2025-12-03T03:09:58.4901396Z   Installing build dependencies: started
test	Install dependencies	2025-12-03T03:09:59.2726839Z   Installing build dependencies: finished with status 'done'
test	Install dependencies	2025-12-03T03:09:59.2732659Z   Getting requirements to build wheel: started
test	Install dependencies	2025-12-03T03:09:59.5805777Z   Getting requirements to build wheel: finished with status 'done'
test	Install dependencies	2025-12-03T03:09:59.5816831Z   Preparing metadata (pyproject.toml): started
test	Install dependencies	2025-12-03T03:09:59.7477573Z   Preparing metadata (pyproject.toml): finished with status 'done'
test	Install dependencies	2025-12-03T03:09:59.7789882Z Collecting platformdirs>=2.0.0 (from yfinance>=0.2.0->-r requirements.txt (line 2))
test	Install dependencies	2025-12-03T03:09:59.7914143Z   Downloading platformdirs-4.5.0-py3-none-any.whl.metadata (12 kB)
test	Install dependencies	2025-12-03T03:09:59.8651524Z Collecting frozendict>=2.3.4 (from yfinance>=0.2.0->-r requirements.txt (line 2))
test	Install dependencies	2025-12-03T03:09:59.8839937Z   Downloading frozendict-2.4.7-cp310-cp310-manylinux2014_x86_64.manylinux_2_17_x86_64.manylinux_2_28_x86_64.whl.metadata (23 kB)
test	Install dependencies	2025-12-03T03:09:59.9442694Z Collecting peewee>=3.16.2 (from yfinance>=0.2.0->-r requirements.txt (line 2))
test	Install dependencies	2025-12-03T03:09:59.9557325Z   Downloading peewee-3.18.3.tar.gz (3.0 MB)
test	Install dependencies	2025-12-03T03:10:00.1642330Z      笏≫煤笏≫煤笏≫煤笏≫煤笏≫煤笏≫煤笏≫煤笏≫煤笏≫煤笏≫煤笏≫煤笏≫煤笏≫煤笏≫煤笏≫煤笏≫煤笏≫煤笏≫煤笏≫煤笏≫煤 3.0/3.0 MB 15.8 MB/s  0:00:00
test	Install dependencies	2025-12-03T03:10:00.3441869Z   Installing build dependencies: started
test	Install dependencies	2025-12-03T03:10:01.3125437Z   Installing build dependencies: finished with status 'done'
test	Install dependencies	2025-12-03T03:10:01.3131552Z   Getting requirements to build wheel: started
test	Install dependencies	2025-12-03T03:10:02.4655091Z   Getting requirements to build wheel: finished with status 'done'
test	Install dependencies	2025-12-03T03:10:02.4664630Z   Preparing metadata (pyproject.toml): started
test	Install dependencies	2025-12-03T03:10:02.6788231Z   Preparing metadata (pyproject.toml): finished with status 'done'
test	Install dependencies	2025-12-03T03:10:02.7135056Z Collecting beautifulsoup4>=4.11.1 (from yfinance>=0.2.0->-r requirements.txt (line 2))
test	Install dependencies	2025-12-03T03:10:02.7250474Z   Downloading beautifulsoup4-4.14.3-py3-none-any.whl.metadata (3.8 kB)
test	Install dependencies	2025-12-03T03:10:02.8135497Z Collecting curl_cffi>=0.7 (from yfinance>=0.2.0->-r requirements.txt (line 2))
test	Install dependencies	2025-12-03T03:10:02.8249149Z   Downloading curl_cffi-0.13.0-cp39-abi3-manylinux_2_17_x86_64.manylinux2014_x86_64.whl.metadata (13 kB)
test	Install dependencies	2025-12-03T03:10:03.0355989Z Collecting websockets>=13.0 (from yfinance>=0.2.0->-r requirements.txt (line 2))
test	Install dependencies	2025-12-03T03:10:03.0472850Z   Downloading websockets-15.0.1-cp310-cp310-manylinux_2_5_x86_64.manylinux1_x86_64.manylinux_2_17_x86_64.manylinux2014_x86_64.whl.metadata (6.8 kB)
test	Install dependencies	2025-12-03T03:10:03.0811272Z Collecting et-xmlfile (from openpyxl>=3.1.0->-r requirements.txt (line 7))
test	Install dependencies	2025-12-03T03:10:03.0920713Z   Downloading et_xmlfile-2.0.0-py3-none-any.whl.metadata (2.7 kB)
test	Install dependencies	2025-12-03T03:10:03.1914240Z Collecting osqp>=1.0.0 (from cvxpy>=1.4.0->-r requirements.txt (line 21))
test	Install dependencies	2025-12-03T03:10:03.2052162Z   Downloading osqp-1.0.5-cp310-cp310-manylinux_2_17_x86_64.manylinux2014_x86_64.whl.metadata (2.1 kB)
test	Install dependencies	2025-12-03T03:10:03.2436773Z Collecting clarabel>=0.5.0 (from cvxpy>=1.4.0->-r requirements.txt (line 21))
test	Install dependencies	2025-12-03T03:10:03.2550369Z   Downloading clarabel-0.11.1-cp39-abi3-manylinux_2_17_x86_64.manylinux2014_x86_64.whl.metadata (4.8 kB)
test	Install dependencies	2025-12-03T03:10:03.3056997Z Collecting scs>=3.2.4.post1 (from cvxpy>=1.4.0->-r requirements.txt (line 21))
test	Install dependencies	2025-12-03T03:10:03.3185657Z   Downloading scs-3.2.9-cp310-cp310-manylinux_2_27_x86_64.manylinux_2_28_x86_64.whl.metadata (2.8 kB)
test	Install dependencies	2025-12-03T03:10:03.3822489Z Collecting pandas-datareader>=0.2 (from empyrical>=0.5.5->-r requirements.txt (line 22))
test	Install dependencies	2025-12-03T03:10:03.3942945Z   Downloading pandas_datareader-0.10.0-py3-none-any.whl.metadata (2.9 kB)
test	Install dependencies	2025-12-03T03:10:03.4211618Z Collecting async-timeout>=4.0.3 (from redis>=5.0.0->-r requirements.txt (line 24))
test	Install dependencies	2025-12-03T03:10:03.4326688Z   Downloading async_timeout-5.0.1-py3-none-any.whl.metadata (5.1 kB)
test	Install dependencies	2025-12-03T03:10:03.4672610Z Collecting billiard<5.0,>=4.2.1 (from celery>=5.3.0->-r requirements.txt (line 25))
test	Install dependencies	2025-12-03T03:10:03.4788274Z   Downloading billiard-4.2.4-py3-none-any.whl.metadata (4.8 kB)
test	Install dependencies	2025-12-03T03:10:03.5264167Z Collecting kombu>=5.6.0 (from celery>=5.3.0->-r requirements.txt (line 25))
test	Install dependencies	2025-12-03T03:10:03.5381846Z   Downloading kombu-5.6.1-py3-none-any.whl.metadata (3.5 kB)
test	Install dependencies	2025-12-03T03:10:03.5755618Z Collecting vine<6.0,>=5.1.0 (from celery>=5.3.0->-r requirements.txt (line 25))
test	Install dependencies	2025-12-03T03:10:03.5876393Z   Downloading vine-5.1.0-py3-none-any.whl.metadata (2.7 kB)
test	Install dependencies	2025-12-03T03:10:03.6137864Z Collecting click-didyoumean>=0.3.0 (from celery>=5.3.0->-r requirements.txt (line 25))
test	Install dependencies	2025-12-03T03:10:03.6249076Z   Downloading click_didyoumean-0.3.1-py3-none-any.whl.metadata (3.9 kB)
test	Install dependencies	2025-12-03T03:10:03.6502826Z Collecting click-repl>=0.2.0 (from celery>=5.3.0->-r requirements.txt (line 25))
test	Install dependencies	2025-12-03T03:10:03.6629793Z   Downloading click_repl-0.3.0-py3-none-any.whl.metadata (3.6 kB)
test	Install dependencies	2025-12-03T03:10:03.6888321Z Collecting click-plugins>=1.1.1 (from celery>=5.3.0->-r requirements.txt (line 25))
test	Install dependencies	2025-12-03T03:10:03.7020020Z   Downloading click_plugins-1.1.1.2-py2.py3-none-any.whl.metadata (6.5 kB)
test	Install dependencies	2025-12-03T03:10:03.7274979Z Collecting exceptiongroup>=1.3.0 (from celery>=5.3.0->-r requirements.txt (line 25))
test	Install dependencies	2025-12-03T03:10:03.7394075Z   Downloading exceptiongroup-1.3.1-py3-none-any.whl.metadata (6.7 kB)
test	Install dependencies	2025-12-03T03:10:03.7678443Z Collecting tzlocal (from celery>=5.3.0->-r requirements.txt (line 25))
test	Install dependencies	2025-12-03T03:10:03.7790948Z   Downloading tzlocal-5.3.1-py3-none-any.whl.metadata (7.6 kB)
test	Install dependencies	2025-12-03T03:10:03.8172517Z Collecting soupsieve>=1.6.1 (from beautifulsoup4>=4.11.1->yfinance>=0.2.0->-r requirements.txt (line 2))
test	Install dependencies	2025-12-03T03:10:03.8284049Z   Downloading soupsieve-2.8-py3-none-any.whl.metadata (4.6 kB)
test	Install dependencies	2025-12-03T03:10:03.9880544Z Collecting cffi (from clarabel>=0.5.0->cvxpy>=1.4.0->-r requirements.txt (line 21))
test	Install dependencies	2025-12-03T03:10:03.9996883Z   Downloading cffi-2.0.0-cp310-cp310-manylinux2014_x86_64.manylinux_2_17_x86_64.whl.metadata (2.6 kB)
test	Install dependencies	2025-12-03T03:10:04.0553949Z Collecting prompt-toolkit>=3.0.36 (from click-repl>=0.2.0->celery>=5.3.0->-r requirements.txt (line 25))
test	Install dependencies	2025-12-03T03:10:04.0664516Z   Downloading prompt_toolkit-3.0.52-py3-none-any.whl.metadata (6.4 kB)
test	Install dependencies	2025-12-03T03:10:04.1048605Z Collecting pycparser (from cffi->clarabel>=0.5.0->cvxpy>=1.4.0->-r requirements.txt (line 21))
test	Install dependencies	2025-12-03T03:10:04.1156790Z   Downloading pycparser-2.23-py3-none-any.whl.metadata (993 bytes)
test	Install dependencies	2025-12-03T03:10:04.2058016Z Collecting MarkupSafe>=2.0 (from jinja2->altair!=5.4.0,!=5.4.1,<6,>=4.0->streamlit>=1.29.0->-r requirements.txt (line 1))
test	Install dependencies	2025-12-03T03:10:04.2172480Z   Downloading markupsafe-3.0.3-cp310-cp310-manylinux2014_x86_64.manylinux_2_17_x86_64.manylinux_2_28_x86_64.whl.metadata (2.7 kB)
test	Install dependencies	2025-12-03T03:10:04.2459168Z Collecting attrs>=22.2.0 (from jsonschema>=3.0->altair!=5.4.0,!=5.4.1,<6,>=4.0->streamlit>=1.29.0->-r requirements.txt (line 1))
test	Install dependencies	2025-12-03T03:10:04.2575869Z   Downloading attrs-25.4.0-py3-none-any.whl.metadata (10 kB)
test	Install dependencies	2025-12-03T03:10:04.2822364Z Collecting jsonschema-specifications>=2023.03.6 (from jsonschema>=3.0->altair!=5.4.0,!=5.4.1,<6,>=4.0->streamlit>=1.29.0->-r requirements.txt (line 1))
test	Install dependencies	2025-12-03T03:10:04.2938444Z   Downloading jsonschema_specifications-2025.9.1-py3-none-any.whl.metadata (2.9 kB)
test	Install dependencies	2025-12-03T03:10:04.3320919Z Collecting referencing>=0.28.4 (from jsonschema>=3.0->altair!=5.4.0,!=5.4.1,<6,>=4.0->streamlit>=1.29.0->-r requirements.txt (line 1))
test	Install dependencies	2025-12-03T03:10:04.3430957Z   Downloading referencing-0.37.0-py3-none-any.whl.metadata (2.8 kB)
test	Install dependencies	2025-12-03T03:10:04.7851333Z Collecting rpds-py>=0.7.1 (from jsonschema>=3.0->altair!=5.4.0,!=5.4.1,<6,>=4.0->streamlit>=1.29.0->-r requirements.txt (line 1))
test	Install dependencies	2025-12-03T03:10:04.7970188Z   Downloading rpds_py-0.30.0-cp310-cp310-manylinux_2_17_x86_64.manylinux2014_x86_64.whl.metadata (4.1 kB)
test	Install dependencies	2025-12-03T03:10:04.8459037Z Collecting amqp<6.0.0,>=5.1.1 (from kombu>=5.6.0->celery>=5.3.0->-r requirements.txt (line 25))
test	Install dependencies	2025-12-03T03:10:04.8572769Z   Downloading amqp-5.3.1-py3-none-any.whl.metadata (8.9 kB)
test	Install dependencies	2025-12-03T03:10:04.9012728Z Requirement already satisfied: setuptools in /opt/hostedtoolcache/Python/3.10.19/x64/lib/python3.10/site-packages (from osqp>=1.0.0->cvxpy>=1.4.0->-r requirements.txt (line 21)) (79.0.1)
test	Install dependencies	2025-12-03T03:10:04.9354069Z Collecting joblib (from osqp>=1.0.0->cvxpy>=1.4.0->-r requirements.txt (line 21))
test	Install dependencies	2025-12-03T03:10:04.9466451Z   Downloading joblib-1.5.2-py3-none-any.whl.metadata (5.6 kB)
test	Install dependencies	2025-12-03T03:10:05.2048646Z Collecting lxml (from pandas-datareader>=0.2->empyrical>=0.5.5->-r requirements.txt (line 22))
test	Install dependencies	2025-12-03T03:10:05.2167056Z   Downloading lxml-6.0.2-cp310-cp310-manylinux_2_26_x86_64.manylinux_2_28_x86_64.whl.metadata (3.6 kB)
test	Install dependencies	2025-12-03T03:10:05.2901228Z Collecting wcwidth (from prompt-toolkit>=3.0.36->click-repl>=0.2.0->celery>=5.3.0->-r requirements.txt (line 25))
test	Install dependencies	2025-12-03T03:10:05.3017252Z   Downloading wcwidth-0.2.14-py2.py3-none-any.whl.metadata (15 kB)
test	Install dependencies	2025-12-03T03:10:05.3302504Z Collecting six>=1.5 (from python-dateutil>=2.8.2->pandas>=2.0.0->-r requirements.txt (line 3))
test	Install dependencies	2025-12-03T03:10:05.3413629Z   Downloading six-1.17.0-py2.py3-none-any.whl.metadata (1.7 kB)
test	Install dependencies	2025-12-03T03:10:05.4124341Z Downloading streamlit-1.51.0-py3-none-any.whl (10.2 MB)
test	Install dependencies	2025-12-03T03:10:05.6538286Z    笏≫煤笏≫煤笏≫煤笏≫煤笏≫煤笏≫煤笏≫煤笏≫煤笏≫煤笏≫煤笏≫煤笏≫煤笏≫煤笏≫煤笏≫煤笏≫煤笏≫煤笏≫煤笏≫煤笏≫煤 10.2/10.2 MB 43.2 MB/s  0:00:00
test	Install dependencies	2025-12-03T03:10:05.6652657Z Downloading pandas-2.3.3-cp310-cp310-manylinux_2_24_x86_64.manylinux_2_28_x86_64.whl (12.8 MB)
test	Install dependencies	2025-12-03T03:10:05.8030287Z    笏≫煤笏≫煤笏≫煤笏≫煤笏≫煤笏≫煤笏≫煤笏≫煤笏≫煤笏≫煤笏≫煤笏≫煤笏≫煤笏≫煤笏≫煤笏≫煤笏≫煤笏≫煤笏≫煤笏≫煤 12.8/12.8 MB 93.7 MB/s  0:00:00
test	Install dependencies	2025-12-03T03:10:05.8145172Z Downloading altair-5.5.0-py3-none-any.whl (731 kB)
test	Install dependencies	2025-12-03T03:10:05.8224377Z    笏≫煤笏≫煤笏≫煤笏≫煤笏≫煤笏≫煤笏≫煤笏≫煤笏≫煤笏≫煤笏≫煤笏≫煤笏≫煤笏≫煤笏≫煤笏≫煤笏≫煤笏≫煤笏≫煤笏≫煤 731.2/731.2 kB 95.3 MB/s  0:00:00
test	Install dependencies	2025-12-03T03:10:05.8339970Z Downloading blinker-1.9.0-py3-none-any.whl (8.5 kB)
test	Install dependencies	2025-12-03T03:10:05.8471310Z Downloading cachetools-6.2.2-py3-none-any.whl (11 kB)
test	Install dependencies	2025-12-03T03:10:05.8605562Z Downloading click-8.3.1-py3-none-any.whl (108 kB)
test	Install dependencies	2025-12-03T03:10:05.8756073Z Downloading gitpython-3.1.45-py3-none-any.whl (208 kB)
test	Install dependencies	2025-12-03T03:10:05.8910106Z Downloading gitdb-4.0.12-py3-none-any.whl (62 kB)
test	Install dependencies	2025-12-03T03:10:05.9049738Z Downloading numpy-2.2.6-cp310-cp310-manylinux_2_17_x86_64.manylinux2014_x86_64.whl (16.8 MB)
test	Install dependencies	2025-12-03T03:10:06.0209915Z    笏≫煤笏≫煤笏≫煤笏≫煤笏≫煤笏≫煤笏≫煤笏≫煤笏≫煤笏≫煤笏≫煤笏≫煤笏≫煤笏≫煤笏≫煤笏≫煤笏≫煤笏≫煤笏≫煤笏≫煤 16.8/16.8 MB 147.0 MB/s  0:00:00
test	Install dependencies	2025-12-03T03:10:06.0329500Z Downloading packaging-25.0-py3-none-any.whl (66 kB)
test	Install dependencies	2025-12-03T03:10:06.0467699Z Downloading pillow-12.0.0-cp310-cp310-manylinux_2_27_x86_64.manylinux_2_28_x86_64.whl (7.0 MB)
test	Install dependencies	2025-12-03T03:10:06.0875932Z    笏≫煤笏≫煤笏≫煤笏≫煤笏≫煤笏≫煤笏≫煤笏≫煤笏≫煤笏≫煤笏≫煤笏≫煤笏≫煤笏≫煤笏≫煤笏≫煤笏≫煤笏≫煤笏≫煤笏≫煤 7.0/7.0 MB 179.3 MB/s  0:00:00
test	Install dependencies	2025-12-03T03:10:06.0994163Z Downloading protobuf-6.33.1-cp39-abi3-manylinux2014_x86_64.whl (323 kB)
test	Install dependencies	2025-12-03T03:10:06.1145322Z Downloading pyarrow-21.0.0-cp310-cp310-manylinux_2_28_x86_64.whl (42.7 MB)
test	Install dependencies	2025-12-03T03:10:06.3003570Z    笏≫煤笏≫煤笏≫煤笏≫煤笏≫煤笏≫煤笏≫煤笏≫煤笏≫煤笏≫煤笏≫煤笏≫煤笏≫煤笏≫煤笏≫煤笏≫煤笏≫煤笏≫煤笏≫煤笏≫煤 42.7/42.7 MB 233.2 MB/s  0:00:00
test	Install dependencies	2025-12-03T03:10:06.3119869Z Downloading pydeck-0.9.1-py2.py3-none-any.whl (6.9 MB)
test	Install dependencies	2025-12-03T03:10:06.3443185Z    笏≫煤笏≫煤笏≫煤笏≫煤笏≫煤笏≫煤笏≫煤笏≫煤笏≫煤笏≫煤笏≫煤笏≫煤笏≫煤笏≫煤笏≫煤笏≫煤笏≫煤笏≫煤笏≫煤笏≫煤 6.9/6.9 MB 230.2 MB/s  0:00:00
test	Install dependencies	2025-12-03T03:10:06.3569441Z Downloading requests-2.32.5-py3-none-any.whl (64 kB)
test	Install dependencies	2025-12-03T03:10:06.3712932Z Downloading charset_normalizer-3.4.4-cp310-cp310-manylinux2014_x86_64.manylinux_2_17_x86_64.manylinux_2_28_x86_64.whl (153 kB)
test	Install dependencies	2025-12-03T03:10:06.3864726Z Downloading idna-3.11-py3-none-any.whl (71 kB)
test	Install dependencies	2025-12-03T03:10:06.4001222Z Downloading smmap-5.0.2-py3-none-any.whl (24 kB)
test	Install dependencies	2025-12-03T03:10:06.4133867Z Downloading tenacity-9.1.2-py3-none-any.whl (28 kB)
test	Install dependencies	2025-12-03T03:10:06.4261741Z Downloading toml-0.10.2-py2.py3-none-any.whl (16 kB)
test	Install dependencies	2025-12-03T03:10:06.4390456Z Downloading tornado-6.5.2-cp39-abi3-manylinux_2_5_x86_64.manylinux1_x86_64.manylinux_2_17_x86_64.manylinux2014_x86_64.whl (443 kB)
test	Install dependencies	2025-12-03T03:10:06.4538070Z Downloading typing_extensions-4.15.0-py3-none-any.whl (44 kB)
test	Install dependencies	2025-12-03T03:10:06.4776948Z Downloading urllib3-2.5.0-py3-none-any.whl (129 kB)
test	Install dependencies	2025-12-03T03:10:06.4907580Z Downloading watchdog-6.0.0-py3-none-manylinux2014_x86_64.whl (79 kB)
test	Install dependencies	2025-12-03T03:10:06.5042569Z Downloading yfinance-0.2.66-py2.py3-none-any.whl (123 kB)
test	Install dependencies	2025-12-03T03:10:06.5178019Z Downloading reportlab-4.4.5-py3-none-any.whl (2.0 MB)
test	Install dependencies	2025-12-03T03:10:06.5301974Z    笏≫煤笏≫煤笏≫煤笏≫煤笏≫煤笏≫煤笏≫煤笏≫煤笏≫煤笏≫煤笏≫煤笏≫煤笏≫煤笏≫煤笏≫煤笏≫煤笏≫煤笏≫煤笏≫煤笏≫煤 2.0/2.0 MB 183.1 MB/s  0:00:00
test	Install dependencies	2025-12-03T03:10:06.5414335Z Downloading openpyxl-3.1.5-py2.py3-none-any.whl (250 kB)
test	Install dependencies	2025-12-03T03:10:06.5556239Z Downloading scipy-1.15.3-cp310-cp310-manylinux_2_17_x86_64.manylinux2014_x86_64.whl (37.7 MB)
test	Install dependencies	2025-12-03T03:10:06.7089602Z    笏≫煤笏≫煤笏≫煤笏≫煤笏≫煤笏≫煤笏≫煤笏≫煤笏≫煤笏≫煤笏≫煤笏≫煤笏≫煤笏≫煤笏≫煤笏≫煤笏≫煤笏≫煤笏≫煤笏≫煤 37.7/37.7 MB 249.1 MB/s  0:00:00
test	Install dependencies	2025-12-03T03:10:06.7257479Z Downloading cvxpy-1.7.4-cp310-cp310-manylinux_2_24_x86_64.manylinux_2_28_x86_64.whl (1.2 MB)
test	Install dependencies	2025-12-03T03:10:06.7384092Z    笏≫煤笏≫煤笏≫煤笏≫煤笏≫煤笏≫煤笏≫煤笏≫煤笏≫煤笏≫煤笏≫煤笏≫煤笏≫煤笏≫煤笏≫煤笏≫煤笏≫煤笏≫煤笏≫煤笏≫煤 1.2/1.2 MB 103.9 MB/s  0:00:00
test	Install dependencies	2025-12-03T03:10:06.7494543Z Downloading prometheus_client-0.23.1-py3-none-any.whl (61 kB)
test	Install dependencies	2025-12-03T03:10:06.7626932Z Downloading redis-7.1.0-py3-none-any.whl (354 kB)
test	Install dependencies	2025-12-03T03:10:06.7783194Z Downloading celery-5.6.0-py3-none-any.whl (444 kB)
test	Install dependencies	2025-12-03T03:10:06.7934306Z Downloading billiard-4.2.4-py3-none-any.whl (87 kB)
test	Install dependencies	2025-12-03T03:10:06.8073486Z Downloading vine-5.1.0-py3-none-any.whl (9.6 kB)
test	Install dependencies	2025-12-03T03:10:06.8297529Z Downloading async_timeout-5.0.1-py3-none-any.whl (6.2 kB)
test	Install dependencies	2025-12-03T03:10:06.8437042Z Downloading beautifulsoup4-4.14.3-py3-none-any.whl (107 kB)
test	Install dependencies	2025-12-03T03:10:06.8600864Z Downloading certifi-2025.11.12-py3-none-any.whl (159 kB)
test	Install dependencies	2025-12-03T03:10:06.8738799Z Downloading clarabel-0.11.1-cp39-abi3-manylinux_2_17_x86_64.manylinux2014_x86_64.whl (1.2 MB)
test	Install dependencies	2025-12-03T03:10:06.8904870Z    笏≫煤笏≫煤笏≫煤笏≫煤笏≫煤笏≫煤笏≫煤笏≫煤笏≫煤笏≫煤笏≫煤笏≫煤笏≫煤笏≫煤笏≫煤笏≫煤笏≫煤笏≫煤笏≫煤笏≫煤 1.2/1.2 MB 132.3 MB/s  0:00:00
test	Install dependencies	2025-12-03T03:10:06.9016106Z Downloading click_didyoumean-0.3.1-py3-none-any.whl (3.6 kB)
test	Install dependencies	2025-12-03T03:10:06.9143987Z Downloading click_plugins-1.1.1.2-py2.py3-none-any.whl (11 kB)
test	Install dependencies	2025-12-03T03:10:06.9275668Z Downloading click_repl-0.3.0-py3-none-any.whl (10 kB)
test	Install dependencies	2025-12-03T03:10:06.9431880Z Downloading curl_cffi-0.13.0-cp39-abi3-manylinux_2_17_x86_64.manylinux2014_x86_64.whl (8.3 MB)
test	Install dependencies	2025-12-03T03:10:06.9816622Z    笏≫煤笏≫煤笏≫煤笏≫煤笏≫煤笏≫煤笏≫煤笏≫煤笏≫煤笏≫煤笏≫煤笏≫煤笏≫煤笏≫煤笏≫煤笏≫煤笏≫煤笏≫煤笏≫煤笏≫煤 8.3/8.3 MB 227.8 MB/s  0:00:00
test	Install dependencies	2025-12-03T03:10:06.9931303Z Downloading cffi-2.0.0-cp310-cp310-manylinux2014_x86_64.manylinux_2_17_x86_64.whl (216 kB)
test	Install dependencies	2025-12-03T03:10:07.0075072Z Downloading exceptiongroup-1.3.1-py3-none-any.whl (16 kB)
test	Install dependencies	2025-12-03T03:10:07.0227176Z Downloading frozendict-2.4.7-cp310-cp310-manylinux2014_x86_64.manylinux_2_17_x86_64.manylinux_2_28_x86_64.whl (120 kB)
test	Install dependencies	2025-12-03T03:10:07.0370890Z Downloading jinja2-3.1.6-py3-none-any.whl (134 kB)
test	Install dependencies	2025-12-03T03:10:07.0520648Z Downloading jsonschema-4.25.1-py3-none-any.whl (90 kB)
test	Install dependencies	2025-12-03T03:10:07.0655630Z Downloading attrs-25.4.0-py3-none-any.whl (67 kB)
test	Install dependencies	2025-12-03T03:10:07.0788895Z Downloading jsonschema_specifications-2025.9.1-py3-none-any.whl (18 kB)
test	Install dependencies	2025-12-03T03:10:07.0925431Z Downloading kombu-5.6.1-py3-none-any.whl (214 kB)
test	Install dependencies	2025-12-03T03:10:07.1073937Z Downloading amqp-5.3.1-py3-none-any.whl (50 kB)
test	Install dependencies	2025-12-03T03:10:07.1218079Z Downloading markupsafe-3.0.3-cp310-cp310-manylinux2014_x86_64.manylinux_2_17_x86_64.manylinux_2_28_x86_64.whl (20 kB)
test	Install dependencies	2025-12-03T03:10:07.1358392Z Downloading narwhals-2.13.0-py3-none-any.whl (426 kB)
test	Install dependencies	2025-12-03T03:10:07.1527304Z Downloading osqp-1.0.5-cp310-cp310-manylinux_2_17_x86_64.manylinux2014_x86_64.whl (355 kB)
test	Install dependencies	2025-12-03T03:10:07.1682710Z Downloading pandas_datareader-0.10.0-py3-none-any.whl (109 kB)
test	Install dependencies	2025-12-03T03:10:07.1830661Z Downloading platformdirs-4.5.0-py3-none-any.whl (18 kB)
test	Install dependencies	2025-12-03T03:10:07.1965842Z Downloading prompt_toolkit-3.0.52-py3-none-any.whl (391 kB)
test	Install dependencies	2025-12-03T03:10:07.2132384Z Downloading python_dateutil-2.9.0.post0-py2.py3-none-any.whl (229 kB)
test	Install dependencies	2025-12-03T03:10:07.2275222Z Downloading pytz-2025.2-py2.py3-none-any.whl (509 kB)
test	Install dependencies	2025-12-03T03:10:07.2429566Z Downloading referencing-0.37.0-py3-none-any.whl (26 kB)
test	Install dependencies	2025-12-03T03:10:07.2576338Z Downloading rpds_py-0.30.0-cp310-cp310-manylinux_2_17_x86_64.manylinux2014_x86_64.whl (390 kB)
test	Install dependencies	2025-12-03T03:10:07.2765346Z Downloading scs-3.2.9-cp310-cp310-manylinux_2_27_x86_64.manylinux_2_28_x86_64.whl (12.1 MB)
test	Install dependencies	2025-12-03T03:10:07.3466976Z    笏≫煤笏≫煤笏≫煤笏≫煤笏≫煤笏≫煤笏≫煤笏≫煤笏≫煤笏≫煤笏≫煤笏≫煤笏≫煤笏≫煤笏≫煤笏≫煤笏≫煤笏≫煤笏≫煤笏≫煤 12.1/12.1 MB 175.5 MB/s  0:00:00
test	Install dependencies	2025-12-03T03:10:07.3582544Z Downloading six-1.17.0-py2.py3-none-any.whl (11 kB)
test	Install dependencies	2025-12-03T03:10:07.3711373Z Downloading soupsieve-2.8-py3-none-any.whl (36 kB)
test	Install dependencies	2025-12-03T03:10:07.3840834Z Downloading tzdata-2025.2-py2.py3-none-any.whl (347 kB)
test	Install dependencies	2025-12-03T03:10:07.3998780Z Downloading websockets-15.0.1-cp310-cp310-manylinux_2_5_x86_64.manylinux1_x86_64.manylinux_2_17_x86_64.manylinux2014_x86_64.whl (181 kB)
test	Install dependencies	2025-12-03T03:10:07.4136985Z Downloading et_xmlfile-2.0.0-py3-none-any.whl (18 kB)
test	Install dependencies	2025-12-03T03:10:07.4267224Z Downloading joblib-1.5.2-py3-none-any.whl (308 kB)
test	Install dependencies	2025-12-03T03:10:07.4407765Z Downloading lxml-6.0.2-cp310-cp310-manylinux_2_26_x86_64.manylinux_2_28_x86_64.whl (5.3 MB)
test	Install dependencies	2025-12-03T03:10:07.4650852Z    笏≫煤笏≫煤笏≫煤笏≫煤笏≫煤笏≫煤笏≫煤笏≫煤笏≫煤笏≫煤笏≫煤笏≫煤笏≫煤笏≫煤笏≫煤笏≫煤笏≫煤笏≫煤笏≫煤笏≫煤 5.3/5.3 MB 229.9 MB/s  0:00:00
test	Install dependencies	2025-12-03T03:10:07.4759903Z Downloading pycparser-2.23-py3-none-any.whl (118 kB)
test	Install dependencies	2025-12-03T03:10:07.4892129Z Downloading tzlocal-5.3.1-py3-none-any.whl (18 kB)
test	Install dependencies	2025-12-03T03:10:07.5029550Z Downloading wcwidth-0.2.14-py2.py3-none-any.whl (37 kB)
test	Install dependencies	2025-12-03T03:10:07.7230190Z Building wheels for collected packages: empyrical, multitasking, peewee
test	Install dependencies	2025-12-03T03:10:07.7239861Z   Building wheel for empyrical (pyproject.toml): started
test	Install dependencies	2025-12-03T03:10:07.9302530Z   Building wheel for empyrical (pyproject.toml): finished with status 'done'
test	Install dependencies	2025-12-03T03:10:07.9308499Z   Created wheel for empyrical: filename=empyrical-0.5.5-py3-none-any.whl size=39839 sha256=364b21f9f12d9fdbf0b85b28480c4395b57c0de013438cbadb4ea45f125d8e22
test	Install dependencies	2025-12-03T03:10:07.9311136Z   Stored in directory: /home/runner/.cache/pip/wheels/0e/2e/f2/d6d2d9a1eb8fbbd9949bb5d4c00f753e3b74e5bd7ed10b1d36
test	Install dependencies	2025-12-03T03:10:07.9333675Z   Building wheel for multitasking (pyproject.toml): started
test	Install dependencies	2025-12-03T03:10:08.1328266Z   Building wheel for multitasking (pyproject.toml): finished with status 'done'
test	Install dependencies	2025-12-03T03:10:08.1334403Z   Created wheel for multitasking: filename=multitasking-0.0.12-py3-none-any.whl size=15636 sha256=87aef4ae5d224bd661eb22dd7a0c7a9682bb6cb37dbf098820c1d19d16e37540
test	Install dependencies	2025-12-03T03:10:08.1336210Z   Stored in directory: /home/runner/.cache/pip/wheels/e9/25/85/25d2e1cfc0ece64b930b16972f7e4cc3599c43b531f1eba06d
test	Install dependencies	2025-12-03T03:10:08.1362968Z   Building wheel for peewee (pyproject.toml): started
test	Install dependencies	2025-12-03T03:10:20.3289749Z   Building wheel for peewee (pyproject.toml): finished with status 'done'
test	Install dependencies	2025-12-03T03:10:20.3303246Z   Created wheel for peewee: filename=peewee-3.18.3-cp310-cp310-linux_x86_64.whl size=988824 sha256=a88c7d393a3b62a5208c93b6c861547ebef67aa09d3090114b7b7a14874f9f94
test	Install dependencies	2025-12-03T03:10:20.3304921Z   Stored in directory: /home/runner/.cache/pip/wheels/3d/96/39/80c50cbf6bd446cdca9dac7d78a1a0d3a1f313859500529f8d
test	Install dependencies	2025-12-03T03:10:20.3323804Z Successfully built empyrical multitasking peewee
test	Install dependencies	2025-12-03T03:10:20.6768573Z Installing collected packages: pytz, peewee, multitasking, websockets, wcwidth, watchdog, vine, urllib3, tzlocal, tzdata, typing-extensions, tornado, toml, tenacity, soupsieve, smmap, six, rpds-py, pycparser, pyarrow, protobuf, prometheus-client, platformdirs, pillow, packaging, numpy, narwhals, MarkupSafe, lxml, joblib, idna, frozendict, et-xmlfile, click, charset_normalizer, certifi, cachetools, blinker, billiard, attrs, async-timeout, scipy, requests, reportlab, referencing, redis, python-dateutil, prompt-toolkit, openpyxl, jinja2, gitdb, exceptiongroup, click-plugins, click-didyoumean, cffi, beautifulsoup4, amqp, scs, pydeck, pandas, osqp, kombu, jsonschema-specifications, gitpython, curl_cffi, click-repl, clarabel, yfinance, pandas-datareader, jsonschema, cvxpy, celery, empyrical, altair, streamlit
test	Install dependencies	2025-12-03T03:10:37.3393268Z 
test	Install dependencies	2025-12-03T03:10:37.3513830Z Successfully installed MarkupSafe-3.0.3 altair-5.5.0 amqp-5.3.1 async-timeout-5.0.1 attrs-25.4.0 beautifulsoup4-4.14.3 billiard-4.2.4 blinker-1.9.0 cachetools-6.2.2 celery-5.6.0 certifi-2025.11.12 cffi-2.0.0 charset_normalizer-3.4.4 clarabel-0.11.1 click-8.3.1 click-didyoumean-0.3.1 click-plugins-1.1.1.2 click-repl-0.3.0 curl_cffi-0.13.0 cvxpy-1.7.4 empyrical-0.5.5 et-xmlfile-2.0.0 exceptiongroup-1.3.1 frozendict-2.4.7 gitdb-4.0.12 gitpython-3.1.45 idna-3.11 jinja2-3.1.6 joblib-1.5.2 jsonschema-4.25.1 jsonschema-specifications-2025.9.1 kombu-5.6.1 lxml-6.0.2 multitasking-0.0.12 narwhals-2.13.0 numpy-2.2.6 openpyxl-3.1.5 osqp-1.0.5 packaging-25.0 pandas-2.3.3 pandas-datareader-0.10.0 peewee-3.18.3 pillow-12.0.0 platformdirs-4.5.0 prometheus-client-0.23.1 prompt-toolkit-3.0.52 protobuf-6.33.1 pyarrow-21.0.0 pycparser-2.23 pydeck-0.9.1 python-dateutil-2.9.0.post0 pytz-2025.2 redis-7.1.0 referencing-0.37.0 reportlab-4.4.5 requests-2.32.5 rpds-py-0.30.0 scipy-1.15.3 scs-3.2.9 six-1.17.0 smmap-5.0.2 soupsieve-2.8 streamlit-1.51.0 tenacity-9.1.2 toml-0.10.2 tornado-6.5.2 typing-extensions-4.15.0 tzdata-2025.2 tzlocal-5.3.1 urllib3-2.5.0 vine-5.1.0 watchdog-6.0.0 wcwidth-0.2.14 websockets-15.0.1 yfinance-0.2.66
test	Install dependencies	2025-12-03T03:10:38.4638101Z Collecting pytest>=7.4.0 (from -r requirements-dev.txt (line 1))
test	Install dependencies	2025-12-03T03:10:38.5509595Z   Downloading pytest-9.0.1-py3-none-any.whl.metadata (7.6 kB)
test	Install dependencies	2025-12-03T03:10:38.5942544Z Collecting pytest-cov>=4.1.0 (from -r requirements-dev.txt (line 2))
test	Install dependencies	2025-12-03T03:10:38.6084689Z   Downloading pytest_cov-7.0.0-py3-none-any.whl.metadata (31 kB)
test	Install dependencies	2025-12-03T03:10:38.6577372Z Collecting pytest-mock>=3.11.1 (from -r requirements-dev.txt (line 3))
test	Install dependencies	2025-12-03T03:10:38.6746616Z   Downloading pytest_mock-3.15.1-py3-none-any.whl.metadata (3.9 kB)
test	Install dependencies	2025-12-03T03:10:38.6793996Z Requirement already satisfied: exceptiongroup>=1 in /opt/hostedtoolcache/Python/3.10.19/x64/lib/python3.10/site-packages (from pytest>=7.4.0->-r requirements-dev.txt (line 1)) (1.3.1)
test	Install dependencies	2025-12-03T03:10:38.7006688Z Collecting iniconfig>=1.0.1 (from pytest>=7.4.0->-r requirements-dev.txt (line 1))
test	Install dependencies	2025-12-03T03:10:38.7141715Z   Downloading iniconfig-2.3.0-py3-none-any.whl.metadata (2.5 kB)
test	Install dependencies	2025-12-03T03:10:38.7178119Z Requirement already satisfied: packaging>=22 in /opt/hostedtoolcache/Python/3.10.19/x64/lib/python3.10/site-packages (from pytest>=7.4.0->-r requirements-dev.txt (line 1)) (25.0)
test	Install dependencies	2025-12-03T03:10:38.7408945Z Collecting pluggy<2,>=1.5 (from pytest>=7.4.0->-r requirements-dev.txt (line 1))
test	Install dependencies	2025-12-03T03:10:38.7548502Z   Downloading pluggy-1.6.0-py3-none-any.whl.metadata (4.8 kB)
test	Install dependencies	2025-12-03T03:10:38.7938516Z Collecting pygments>=2.7.2 (from pytest>=7.4.0->-r requirements-dev.txt (line 1))
test	Install dependencies	2025-12-03T03:10:38.8079614Z   Downloading pygments-2.19.2-py3-none-any.whl.metadata (2.5 kB)
test	Install dependencies	2025-12-03T03:10:38.8417418Z Collecting tomli>=1 (from pytest>=7.4.0->-r requirements-dev.txt (line 1))
test	Install dependencies	2025-12-03T03:10:38.8567308Z   Downloading tomli-2.3.0-py3-none-any.whl.metadata (10 kB)
test	Install dependencies	2025-12-03T03:10:39.4245869Z Collecting coverage>=7.10.6 (from coverage[toml]>=7.10.6->pytest-cov>=4.1.0->-r requirements-dev.txt (line 2))
test	Install dependencies	2025-12-03T03:10:39.4425945Z   Downloading coverage-7.12.0-cp310-cp310-manylinux1_x86_64.manylinux_2_28_x86_64.manylinux_2_5_x86_64.whl.metadata (9.1 kB)
test	Install dependencies	2025-12-03T03:10:39.4778051Z Requirement already satisfied: typing-extensions>=4.6.0 in /opt/hostedtoolcache/Python/3.10.19/x64/lib/python3.10/site-packages (from exceptiongroup>=1->pytest>=7.4.0->-r requirements-dev.txt (line 1)) (4.15.0)
test	Install dependencies	2025-12-03T03:10:39.4941387Z Downloading pytest-9.0.1-py3-none-any.whl (373 kB)
test	Install dependencies	2025-12-03T03:10:39.5424807Z Downloading pluggy-1.6.0-py3-none-any.whl (20 kB)
test	Install dependencies	2025-12-03T03:10:39.5585780Z Downloading pytest_cov-7.0.0-py3-none-any.whl (22 kB)
test	Install dependencies	2025-12-03T03:10:39.5774154Z Downloading pytest_mock-3.15.1-py3-none-any.whl (10 kB)
test	Install dependencies	2025-12-03T03:10:39.5954340Z Downloading coverage-7.12.0-cp310-cp310-manylinux1_x86_64.manylinux_2_28_x86_64.manylinux_2_5_x86_64.whl (246 kB)
test	Install dependencies	2025-12-03T03:10:39.6124810Z Downloading iniconfig-2.3.0-py3-none-any.whl (7.5 kB)
test	Install dependencies	2025-12-03T03:10:39.6313626Z Downloading pygments-2.19.2-py3-none-any.whl (1.2 MB)
test	Install dependencies	2025-12-03T03:10:39.6555666Z    笏≫煤笏≫煤笏≫煤笏≫煤笏≫煤笏≫煤笏≫煤笏≫煤笏≫煤笏≫煤笏≫煤笏≫煤笏≫煤笏≫煤笏≫煤笏≫煤笏≫煤笏≫煤笏≫煤笏≫煤 1.2/1.2 MB 45.9 MB/s  0:00:00
test	Install dependencies	2025-12-03T03:10:39.6719780Z Downloading tomli-2.3.0-py3-none-any.whl (14 kB)
test	Install dependencies	2025-12-03T03:10:39.8729620Z Installing collected packages: tomli, pygments, pluggy, iniconfig, coverage, pytest, pytest-mock, pytest-cov
test	Install dependencies	2025-12-03T03:10:40.8134472Z 
test	Install dependencies	2025-12-03T03:10:40.8255316Z Successfully installed coverage-7.12.0 iniconfig-2.3.0 pluggy-1.6.0 pygments-2.19.2 pytest-9.0.1 pytest-cov-7.0.0 pytest-mock-3.15.1 tomli-2.3.0
test	Run tests with pytest	・ｿ2025-12-03T03:10:40.9129819Z ##[group]Run pytest tests/ -v --cov=src --cov-report=xml --cov-report=term-missing
test	Run tests with pytest	2025-12-03T03:10:40.9130595Z [36;1mpytest tests/ -v --cov=src --cov-report=xml --cov-report=term-missing[0m
test	Run tests with pytest	2025-12-03T03:10:40.9166948Z shell: /usr/bin/bash -e {0}
test	Run tests with pytest	2025-12-03T03:10:40.9167190Z env:
test	Run tests with pytest	2025-12-03T03:10:40.9167429Z   pythonLocation: /opt/hostedtoolcache/Python/3.10.19/x64
test	Run tests with pytest	2025-12-03T03:10:40.9167822Z   PKG_CONFIG_PATH: /opt/hostedtoolcache/Python/3.10.19/x64/lib/pkgconfig
test	Run tests with pytest	2025-12-03T03:10:40.9168190Z   Python_ROOT_DIR: /opt/hostedtoolcache/Python/3.10.19/x64
test	Run tests with pytest	2025-12-03T03:10:40.9168536Z   Python2_ROOT_DIR: /opt/hostedtoolcache/Python/3.10.19/x64
test	Run tests with pytest	2025-12-03T03:10:40.9168868Z   Python3_ROOT_DIR: /opt/hostedtoolcache/Python/3.10.19/x64
test	Run tests with pytest	2025-12-03T03:10:40.9169403Z   LD_LIBRARY_PATH: /opt/hostedtoolcache/Python/3.10.19/x64/lib
test	Run tests with pytest	2025-12-03T03:10:40.9169708Z ##[endgroup]
test	Run tests with pytest	2025-12-03T03:10:42.0764185Z ============================= test session starts ==============================
test	Run tests with pytest	2025-12-03T03:10:42.0765025Z platform linux -- Python 3.10.19, pytest-9.0.1, pluggy-1.6.0 -- /opt/hostedtoolcache/Python/3.10.19/x64/bin/python
test	Run tests with pytest	2025-12-03T03:10:42.0765845Z cachedir: .pytest_cache
test	Run tests with pytest	2025-12-03T03:10:42.0766195Z rootdir: /home/runner/work/AGStock/AGStock
test	Run tests with pytest	2025-12-03T03:10:42.0767167Z configfile: pytest.ini (WARNING: ignoring pytest config in pyproject.toml!)
test	Run tests with pytest	2025-12-03T03:10:42.0767694Z plugins: cov-7.0.0, mock-3.15.1
test	Run tests with pytest	2025-12-03T03:10:49.9169780Z collecting ... collected 132 items / 35 errors
test	Run tests with pytest	2025-12-03T03:10:49.9170289Z 
test	Run tests with pytest	2025-12-03T03:10:49.9170511Z ==================================== ERRORS ====================================
test	Run tests with pytest	2025-12-03T03:10:49.9171230Z _______________ ERROR collecting tests/test_advanced_features.py _______________
test	Run tests with pytest	2025-12-03T03:10:49.9172295Z ImportError while importing test module '/home/runner/work/AGStock/AGStock/tests/test_advanced_features.py'.
test	Run tests with pytest	2025-12-03T03:10:49.9173318Z Hint: make sure your test modules/packages have valid Python names.
test	Run tests with pytest	2025-12-03T03:10:49.9173889Z Traceback:
test	Run tests with pytest	2025-12-03T03:10:49.9174683Z /opt/hostedtoolcache/Python/3.10.19/x64/lib/python3.10/site-packages/_pytest/python.py:507: in importtestmodule
test	Run tests with pytest	2025-12-03T03:10:49.9175608Z     mod = import_path(
test	Run tests with pytest	2025-12-03T03:10:49.9176434Z /opt/hostedtoolcache/Python/3.10.19/x64/lib/python3.10/site-packages/_pytest/pathlib.py:587: in import_path
test	Run tests with pytest	2025-12-03T03:10:49.9177336Z     importlib.import_module(module_name)
test	Run tests with pytest	2025-12-03T03:10:49.9178157Z /opt/hostedtoolcache/Python/3.10.19/x64/lib/python3.10/importlib/__init__.py:126: in import_module
test	Run tests with pytest	2025-12-03T03:10:49.9179077Z     return _bootstrap._gcd_import(name[level:], package, level)
test	Run tests with pytest	2025-12-03T03:10:49.9179906Z <frozen importlib._bootstrap>:1050: in _gcd_import
test	Run tests with pytest	2025-12-03T03:10:49.9180401Z     ???
test	Run tests with pytest	2025-12-03T03:10:49.9180798Z <frozen importlib._bootstrap>:1027: in _find_and_load
test	Run tests with pytest	2025-12-03T03:10:49.9181302Z     ???
test	Run tests with pytest	2025-12-03T03:10:49.9181758Z <frozen importlib._bootstrap>:1006: in _find_and_load_unlocked
test	Run tests with pytest	2025-12-03T03:10:49.9182313Z     ???
test	Run tests with pytest	2025-12-03T03:10:49.9182703Z <frozen importlib._bootstrap>:688: in _load_unlocked
test	Run tests with pytest	2025-12-03T03:10:49.9183206Z     ???
test	Run tests with pytest	2025-12-03T03:10:49.9183986Z /opt/hostedtoolcache/Python/3.10.19/x64/lib/python3.10/site-packages/_pytest/assertion/rewrite.py:197: in exec_module
test	Run tests with pytest	2025-12-03T03:10:49.9184903Z     exec(co, module.__dict__)
test	Run tests with pytest	2025-12-03T03:10:49.9185376Z tests/test_advanced_features.py:4: in <module>
test	Run tests with pytest	2025-12-03T03:10:49.9186094Z     from src.advanced_features import generate_all_advanced_features, add_trend_features
test	Run tests with pytest	2025-12-03T03:10:49.9186792Z src/advanced_features.py:14: in <module>
test	Run tests with pytest	2025-12-03T03:10:49.9187208Z     import ta
test	Run tests with pytest	2025-12-03T03:10:49.9187588Z E   ModuleNotFoundError: No module named 'ta'
test	Run tests with pytest	2025-12-03T03:10:49.9188233Z ________________ ERROR collecting tests/test_advanced_models.py ________________
test	Run tests with pytest	2025-12-03T03:10:49.9189398Z ImportError while importing test module '/home/runner/work/AGStock/AGStock/tests/test_advanced_models.py'.
test	Run tests with pytest	2025-12-03T03:10:49.9190397Z Hint: make sure your test modules/packages have valid Python names.
test	Run tests with pytest	2025-12-03T03:10:49.9190956Z Traceback:
test	Run tests with pytest	2025-12-03T03:10:49.9192088Z /opt/hostedtoolcache/Python/3.10.19/x64/lib/python3.10/site-packages/_pytest/python.py:507: in importtestmodule
test	Run tests with pytest	2025-12-03T03:10:49.9192966Z     mod = import_path(
test	Run tests with pytest	2025-12-03T03:10:49.9193737Z /opt/hostedtoolcache/Python/3.10.19/x64/lib/python3.10/site-packages/_pytest/pathlib.py:587: in import_path
test	Run tests with pytest	2025-12-03T03:10:49.9194614Z     importlib.import_module(module_name)
test	Run tests with pytest	2025-12-03T03:10:49.9195393Z /opt/hostedtoolcache/Python/3.10.19/x64/lib/python3.10/importlib/__init__.py:126: in import_module
test	Run tests with pytest	2025-12-03T03:10:49.9196278Z     return _bootstrap._gcd_import(name[level:], package, level)
test	Run tests with pytest	2025-12-03T03:10:49.9196892Z <frozen importlib._bootstrap>:1050: in _gcd_import
test	Run tests with pytest	2025-12-03T03:10:49.9197374Z     ???
test	Run tests with pytest	2025-12-03T03:10:49.9197762Z <frozen importlib._bootstrap>:1027: in _find_and_load
test	Run tests with pytest	2025-12-03T03:10:49.9198250Z     ???
test	Run tests with pytest	2025-12-03T03:10:49.9198679Z <frozen importlib._bootstrap>:1006: in _find_and_load_unlocked
test	Run tests with pytest	2025-12-03T03:10:49.9199367Z     ???
test	Run tests with pytest	2025-12-03T03:10:49.9199765Z <frozen importlib._bootstrap>:688: in _load_unlocked
test	Run tests with pytest	2025-12-03T03:10:49.9200253Z     ???
test	Run tests with pytest	2025-12-03T03:10:49.9201016Z /opt/hostedtoolcache/Python/3.10.19/x64/lib/python3.10/site-packages/_pytest/assertion/rewrite.py:197: in exec_module
test	Run tests with pytest	2025-12-03T03:10:49.9202149Z     exec(co, module.__dict__)
test	Run tests with pytest	2025-12-03T03:10:49.9202603Z tests/test_advanced_models.py:5: in <module>
test	Run tests with pytest	2025-12-03T03:10:49.9203135Z     from src.advanced_models import AdvancedModels
test	Run tests with pytest	2025-12-03T03:10:49.9203657Z src/advanced_models.py:7: in <module>
test	Run tests with pytest	2025-12-03T03:10:49.9204146Z     from tensorflow.keras.models import Model
test	Run tests with pytest	2025-12-03T03:10:49.9204700Z E   ModuleNotFoundError: No module named 'tensorflow'
test	Run tests with pytest	2025-12-03T03:10:49.9205385Z ________________ ERROR collecting tests/test_advanced_orders.py ________________
test	Run tests with pytest	2025-12-03T03:10:49.9206371Z ImportError while importing test module '/home/runner/work/AGStock/AGStock/tests/test_advanced_orders.py'.
test	Run tests with pytest	2025-12-03T03:10:49.9207374Z Hint: make sure your test modules/packages have valid Python names.
test	Run tests with pytest	2025-12-03T03:10:49.9207946Z Traceback:
test	Run tests with pytest	2025-12-03T03:10:49.9208700Z /opt/hostedtoolcache/Python/3.10.19/x64/lib/python3.10/site-packages/_pytest/python.py:507: in importtestmodule
test	Run tests with pytest	2025-12-03T03:10:49.9209728Z     mod = import_path(
test	Run tests with pytest	2025-12-03T03:10:49.9210481Z /opt/hostedtoolcache/Python/3.10.19/x64/lib/python3.10/site-packages/_pytest/pathlib.py:587: in import_path
test	Run tests with pytest	2025-12-03T03:10:49.9211358Z     importlib.import_module(module_name)
test	Run tests with pytest	2025-12-03T03:10:49.9212144Z /opt/hostedtoolcache/Python/3.10.19/x64/lib/python3.10/importlib/__init__.py:126: in import_module
test	Run tests with pytest	2025-12-03T03:10:49.9212990Z     return _bootstrap._gcd_import(name[level:], package, level)
test	Run tests with pytest	2025-12-03T03:10:49.9213587Z <frozen importlib._bootstrap>:1050: in _gcd_import
test	Run tests with pytest	2025-12-03T03:10:49.9214068Z     ???
test	Run tests with pytest	2025-12-03T03:10:49.9214448Z <frozen importlib._bootstrap>:1027: in _find_and_load
test	Run tests with pytest	2025-12-03T03:10:49.9214920Z     ???
test	Run tests with pytest	2025-12-03T03:10:49.9215332Z <frozen importlib._bootstrap>:1006: in _find_and_load_unlocked
test	Run tests with pytest	2025-12-03T03:10:49.9215870Z     ???
test	Run tests with pytest	2025-12-03T03:10:49.9216267Z <frozen importlib._bootstrap>:688: in _load_unlocked
test	Run tests with pytest	2025-12-03T03:10:49.9216714Z     ???
test	Run tests with pytest	2025-12-03T03:10:49.9217436Z /opt/hostedtoolcache/Python/3.10.19/x64/lib/python3.10/site-packages/_pytest/assertion/rewrite.py:197: in exec_module
test	Run tests with pytest	2025-12-03T03:10:49.9218257Z     exec(co, module.__dict__)
test	Run tests with pytest	2025-12-03T03:10:49.9218691Z tests/test_advanced_orders.py:3: in <module>
test	Run tests with pytest	2025-12-03T03:10:49.9219164Z     from src.backtester import Backtester
test	Run tests with pytest	2025-12-03T03:10:49.9219817Z src/backtester.py:4: in <module>
test	Run tests with pytest	2025-12-03T03:10:49.9220308Z     from src.strategies import Strategy, Order, OrderType
test	Run tests with pytest	2025-12-03T03:10:49.9220798Z src/strategies.py:6: in <module>
test	Run tests with pytest	2025-12-03T03:10:49.9221164Z     import ta
test	Run tests with pytest	2025-12-03T03:10:49.9221519Z E   ModuleNotFoundError: No module named 'ta'
test	Run tests with pytest	2025-12-03T03:10:49.9222123Z _______________ ERROR collecting tests/test_async_data_loader.py _______________
test	Run tests with pytest	2025-12-03T03:10:49.9223066Z ImportError while importing test module '/home/runner/work/AGStock/AGStock/tests/test_async_data_loader.py'.
test	Run tests with pytest	2025-12-03T03:10:49.9224198Z Hint: make sure your test modules/packages have valid Python names.
test	Run tests with pytest	2025-12-03T03:10:49.9224722Z Traceback:
test	Run tests with pytest	2025-12-03T03:10:49.9225408Z /opt/hostedtoolcache/Python/3.10.19/x64/lib/python3.10/site-packages/_pytest/python.py:507: in importtestmodule
test	Run tests with pytest	2025-12-03T03:10:49.9226201Z     mod = import_path(
test	Run tests with pytest	2025-12-03T03:10:49.9226888Z /opt/hostedtoolcache/Python/3.10.19/x64/lib/python3.10/site-packages/_pytest/pathlib.py:587: in import_path
test	Run tests with pytest	2025-12-03T03:10:49.9227694Z     importlib.import_module(module_name)
test	Run tests with pytest	2025-12-03T03:10:49.9228392Z /opt/hostedtoolcache/Python/3.10.19/x64/lib/python3.10/importlib/__init__.py:126: in import_module
test	Run tests with pytest	2025-12-03T03:10:49.9229353Z     return _bootstrap._gcd_import(name[level:], package, level)
test	Run tests with pytest	2025-12-03T03:10:49.9229943Z <frozen importlib._bootstrap>:1050: in _gcd_import
test	Run tests with pytest	2025-12-03T03:10:49.9230380Z     ???
test	Run tests with pytest	2025-12-03T03:10:49.9230737Z <frozen importlib._bootstrap>:1027: in _find_and_load
test	Run tests with pytest	2025-12-03T03:10:49.9231177Z     ???
test	Run tests with pytest	2025-12-03T03:10:49.9231595Z <frozen importlib._bootstrap>:1006: in _find_and_load_unlocked
test	Run tests with pytest	2025-12-03T03:10:49.9232078Z     ???
test	Run tests with pytest	2025-12-03T03:10:49.9232436Z <frozen importlib._bootstrap>:688: in _load_unlocked
test	Run tests with pytest	2025-12-03T03:10:49.9232867Z     ???
test	Run tests with pytest	2025-12-03T03:10:49.9233748Z /opt/hostedtoolcache/Python/3.10.19/x64/lib/python3.10/site-packages/_pytest/assertion/rewrite.py:197: in exec_module
test	Run tests with pytest	2025-12-03T03:10:49.9234572Z     exec(co, module.__dict__)
test	Run tests with pytest	2025-12-03T03:10:49.9234983Z tests/test_async_data_loader.py:10: in <module>
test	Run tests with pytest	2025-12-03T03:10:49.9235608Z     from src.async_data_loader import AsyncDataLoader, fetch_stock_data_async
test	Run tests with pytest	2025-12-03T03:10:49.9236213Z src/async_data_loader.py:9: in <module>
test	Run tests with pytest	2025-12-03T03:10:49.9236629Z     import aiohttp
test	Run tests with pytest	2025-12-03T03:10:49.9237030Z E   ModuleNotFoundError: No module named 'aiohttp'
test	Run tests with pytest	2025-12-03T03:10:49.9237634Z _____________________ ERROR collecting tests/test_auth.py ______________________
test	Run tests with pytest	2025-12-03T03:10:49.9238443Z ImportError while importing test module '/home/runner/work/AGStock/AGStock/tests/test_auth.py'.
test	Run tests with pytest	2025-12-03T03:10:49.9239440Z Hint: make sure your test modules/packages have valid Python names.
test	Run tests with pytest	2025-12-03T03:10:49.9239968Z Traceback:
test	Run tests with pytest	2025-12-03T03:10:49.9240675Z /opt/hostedtoolcache/Python/3.10.19/x64/lib/python3.10/site-packages/_pytest/python.py:507: in importtestmodule
test	Run tests with pytest	2025-12-03T03:10:49.9241489Z     mod = import_path(
test	Run tests with pytest	2025-12-03T03:10:49.9242198Z /opt/hostedtoolcache/Python/3.10.19/x64/lib/python3.10/site-packages/_pytest/pathlib.py:587: in import_path
test	Run tests with pytest	2025-12-03T03:10:49.9243001Z     importlib.import_module(module_name)
test	Run tests with pytest	2025-12-03T03:10:49.9243730Z /opt/hostedtoolcache/Python/3.10.19/x64/lib/python3.10/importlib/__init__.py:126: in import_module
test	Run tests with pytest	2025-12-03T03:10:49.9244545Z     return _bootstrap._gcd_import(name[level:], package, level)
test	Run tests with pytest	2025-12-03T03:10:49.9245117Z <frozen importlib._bootstrap>:1050: in _gcd_import
test	Run tests with pytest	2025-12-03T03:10:49.9245549Z     ???
test	Run tests with pytest	2025-12-03T03:10:49.9245926Z <frozen importlib._bootstrap>:1027: in _find_and_load
test	Run tests with pytest	2025-12-03T03:10:49.9246385Z     ???
test	Run tests with pytest	2025-12-03T03:10:49.9246808Z <frozen importlib._bootstrap>:1006: in _find_and_load_unlocked
test	Run tests with pytest	2025-12-03T03:10:49.9247300Z     ???
test	Run tests with pytest	2025-12-03T03:10:49.9247657Z <frozen importlib._bootstrap>:688: in _load_unlocked
test	Run tests with pytest	2025-12-03T03:10:49.9248097Z     ???
test	Run tests with pytest	2025-12-03T03:10:49.9248812Z /opt/hostedtoolcache/Python/3.10.19/x64/lib/python3.10/site-packages/_pytest/assertion/rewrite.py:197: in exec_module
test	Run tests with pytest	2025-12-03T03:10:49.9249763Z     exec(co, module.__dict__)
test	Run tests with pytest	2025-12-03T03:10:49.9250159Z tests/test_auth.py:7: in <module>
test	Run tests with pytest	2025-12-03T03:10:49.9250575Z     from src.auth import AuthManager
test	Run tests with pytest	2025-12-03T03:10:49.9250979Z src/auth.py:5: in <module>
test	Run tests with pytest	2025-12-03T03:10:49.9251332Z     import jwt
test	Run tests with pytest	2025-12-03T03:10:49.9251697Z E   ModuleNotFoundError: No module named 'jwt'
test	Run tests with pytest	2025-12-03T03:10:49.9252279Z ______________ ERROR collecting tests/test_auto_trader_assets.py _______________
test	Run tests with pytest	2025-12-03T03:10:49.9253314Z ImportError while importing test module '/home/runner/work/AGStock/AGStock/tests/test_auto_trader_assets.py'.
test	Run tests with pytest	2025-12-03T03:10:49.9254384Z Hint: make sure your test modules/packages have valid Python names.
test	Run tests with pytest	2025-12-03T03:10:49.9254955Z Traceback:
test	Run tests with pytest	2025-12-03T03:10:49.9255659Z /opt/hostedtoolcache/Python/3.10.19/x64/lib/python3.10/site-packages/_pytest/python.py:507: in importtestmodule
test	Run tests with pytest	2025-12-03T03:10:49.9256441Z     mod = import_path(
test	Run tests with pytest	2025-12-03T03:10:49.9257119Z /opt/hostedtoolcache/Python/3.10.19/x64/lib/python3.10/site-packages/_pytest/pathlib.py:587: in import_path
test	Run tests with pytest	2025-12-03T03:10:49.9257896Z     importlib.import_module(module_name)
test	Run tests with pytest	2025-12-03T03:10:49.9258610Z /opt/hostedtoolcache/Python/3.10.19/x64/lib/python3.10/importlib/__init__.py:126: in import_module
test	Run tests with pytest	2025-12-03T03:10:49.9259538Z     return _bootstrap._gcd_import(name[level:], package, level)
test	Run tests with pytest	2025-12-03T03:10:49.9260104Z <frozen importlib._bootstrap>:1050: in _gcd_import
test	Run tests with pytest	2025-12-03T03:10:49.9260539Z     ???
test	Run tests with pytest	2025-12-03T03:10:49.9260899Z <frozen importlib._bootstrap>:1027: in _find_and_load
test	Run tests with pytest	2025-12-03T03:10:49.9261328Z     ???
test	Run tests with pytest	2025-12-03T03:10:49.9261716Z <frozen importlib._bootstrap>:1006: in _find_and_load_unlocked
test	Run tests with pytest	2025-12-03T03:10:49.9262204Z     ???
test	Run tests with pytest	2025-12-03T03:10:49.9262542Z <frozen importlib._bootstrap>:688: in _load_unlocked
test	Run tests with pytest	2025-12-03T03:10:49.9262981Z     ???
test	Run tests with pytest	2025-12-03T03:10:49.9263656Z /opt/hostedtoolcache/Python/3.10.19/x64/lib/python3.10/site-packages/_pytest/assertion/rewrite.py:197: in exec_module
test	Run tests with pytest	2025-12-03T03:10:49.9264671Z     exec(co, module.__dict__)
test	Run tests with pytest	2025-12-03T03:10:49.9265093Z tests/test_auto_trader_assets.py:22: in <module>
test	Run tests with pytest	2025-12-03T03:10:49.9265627Z     from fully_automated_trader import FullyAutomatedTrader
test	Run tests with pytest	2025-12-03T03:10:49.9266136Z fully_automated_trader.py:19: in <module>
test	Run tests with pytest	2025-12-03T03:10:49.9266582Z     from src.strategies import (
test	Run tests with pytest	2025-12-03T03:10:49.9266988Z src/strategies.py:6: in <module>
test	Run tests with pytest	2025-12-03T03:10:49.9267368Z     import ta
test	Run tests with pytest	2025-12-03T03:10:49.9267739Z E   ModuleNotFoundError: No module named 'ta'
test	Run tests with pytest	2025-12-03T03:10:49.9268346Z ________________ ERROR collecting tests/test_auto_trader_ui.py _________________
test	Run tests with pytest	2025-12-03T03:10:49.9269437Z ImportError while importing test module '/home/runner/work/AGStock/AGStock/tests/test_auto_trader_ui.py'.
test	Run tests with pytest	2025-12-03T03:10:49.9270297Z Hint: make sure your test modules/packages have valid Python names.
test	Run tests with pytest	2025-12-03T03:10:49.9270809Z Traceback:
test	Run tests with pytest	2025-12-03T03:10:49.9271484Z /opt/hostedtoolcache/Python/3.10.19/x64/lib/python3.10/site-packages/_pytest/python.py:507: in importtestmodule
test	Run tests with pytest	2025-12-03T03:10:49.9272242Z     mod = import_path(
test	Run tests with pytest	2025-12-03T03:10:49.9272922Z /opt/hostedtoolcache/Python/3.10.19/x64/lib/python3.10/site-packages/_pytest/pathlib.py:587: in import_path
test	Run tests with pytest	2025-12-03T03:10:49.9273686Z     importlib.import_module(module_name)
test	Run tests with pytest	2025-12-03T03:10:49.9274373Z /opt/hostedtoolcache/Python/3.10.19/x64/lib/python3.10/importlib/__init__.py:126: in import_module
test	Run tests with pytest	2025-12-03T03:10:49.9275144Z     return _bootstrap._gcd_import(name[level:], package, level)
test	Run tests with pytest	2025-12-03T03:10:49.9275690Z <frozen importlib._bootstrap>:1050: in _gcd_import
test	Run tests with pytest	2025-12-03T03:10:49.9276124Z     ???
test	Run tests with pytest	2025-12-03T03:10:49.9276480Z <frozen importlib._bootstrap>:1027: in _find_and_load
test	Run tests with pytest	2025-12-03T03:10:49.9276935Z     ???
test	Run tests with pytest	2025-12-03T03:10:49.9277321Z <frozen importlib._bootstrap>:1006: in _find_and_load_unlocked
test	Run tests with pytest	2025-12-03T03:10:49.9277794Z     ???
test	Run tests with pytest	2025-12-03T03:10:49.9278139Z <frozen importlib._bootstrap>:688: in _load_unlocked
test	Run tests with pytest	2025-12-03T03:10:49.9278581Z     ???
test	Run tests with pytest	2025-12-03T03:10:49.9279378Z /opt/hostedtoolcache/Python/3.10.19/x64/lib/python3.10/site-packages/_pytest/assertion/rewrite.py:197: in exec_module
test	Run tests with pytest	2025-12-03T03:10:49.9280159Z     exec(co, module.__dict__)
test	Run tests with pytest	2025-12-03T03:10:49.9280554Z tests/test_auto_trader_ui.py:4: in <module>
test	Run tests with pytest	2025-12-03T03:10:49.9281038Z     from src.auto_trader_ui import render_todays_summary
test	Run tests with pytest	2025-12-03T03:10:49.9281514Z src/auto_trader_ui.py:8: in <module>
test	Run tests with pytest	2025-12-03T03:10:49.9281968Z     from fully_automated_trader import FullyAutomatedTrader
test	Run tests with pytest	2025-12-03T03:10:49.9282451Z fully_automated_trader.py:19: in <module>
test	Run tests with pytest	2025-12-03T03:10:49.9282878Z     from src.strategies import (
test	Run tests with pytest	2025-12-03T03:10:49.9283257Z src/strategies.py:6: in <module>
test	Run tests with pytest	2025-12-03T03:10:49.9283808Z     import ta
test	Run tests with pytest	2025-12-03T03:10:49.9284150Z E   ModuleNotFoundError: No module named 'ta'
test	Run tests with pytest	2025-12-03T03:10:49.9284706Z __________________ ERROR collecting tests/test_backtester.py ___________________
test	Run tests with pytest	2025-12-03T03:10:49.9285590Z ImportError while importing test module '/home/runner/work/AGStock/AGStock/tests/test_backtester.py'.
test	Run tests with pytest	2025-12-03T03:10:49.9286409Z Hint: make sure your test modules/packages have valid Python names.
test	Run tests with pytest	2025-12-03T03:10:49.9286902Z Traceback:
test	Run tests with pytest	2025-12-03T03:10:49.9287546Z /opt/hostedtoolcache/Python/3.10.19/x64/lib/python3.10/site-packages/_pytest/python.py:507: in importtestmodule
test	Run tests with pytest	2025-12-03T03:10:49.9288285Z     mod = import_path(
test	Run tests with pytest	2025-12-03T03:10:49.9288916Z /opt/hostedtoolcache/Python/3.10.19/x64/lib/python3.10/site-packages/_pytest/pathlib.py:587: in import_path
test	Run tests with pytest	2025-12-03T03:10:49.9289808Z     importlib.import_module(module_name)
test	Run tests with pytest	2025-12-03T03:10:49.9290467Z /opt/hostedtoolcache/Python/3.10.19/x64/lib/python3.10/importlib/__init__.py:126: in import_module
test	Run tests with pytest	2025-12-03T03:10:49.9291241Z     return _bootstrap._gcd_import(name[level:], package, level)
test	Run tests with pytest	2025-12-03T03:10:49.9291774Z <frozen importlib._bootstrap>:1050: in _gcd_import
test	Run tests with pytest	2025-12-03T03:10:49.9292188Z     ???
test	Run tests with pytest	2025-12-03T03:10:49.9292720Z <frozen importlib._bootstrap>:1027: in _find_and_load
test	Run tests with pytest	2025-12-03T03:10:49.9293132Z     ???
test	Run tests with pytest	2025-12-03T03:10:49.9293513Z <frozen importlib._bootstrap>:1006: in _find_and_load_unlocked
test	Run tests with pytest	2025-12-03T03:10:49.9293958Z     ???
test	Run tests with pytest	2025-12-03T03:10:49.9294286Z <frozen importlib._bootstrap>:688: in _load_unlocked
test	Run tests with pytest	2025-12-03T03:10:49.9294695Z     ???
test	Run tests with pytest	2025-12-03T03:10:49.9295378Z /opt/hostedtoolcache/Python/3.10.19/x64/lib/python3.10/site-packages/_pytest/assertion/rewrite.py:197: in exec_module
test	Run tests with pytest	2025-12-03T03:10:49.9296147Z     exec(co, module.__dict__)
test	Run tests with pytest	2025-12-03T03:10:49.9296527Z tests/test_backtester.py:3: in <module>
test	Run tests with pytest	2025-12-03T03:10:49.9296956Z     from src.backtester import Backtester
test	Run tests with pytest	2025-12-03T03:10:49.9297348Z src/backtester.py:4: in <module>
test	Run tests with pytest	2025-12-03T03:10:49.9297803Z     from src.strategies import Strategy, Order, OrderType
test	Run tests with pytest	2025-12-03T03:10:49.9298263Z src/strategies.py:6: in <module>
test	Run tests with pytest	2025-12-03T03:10:49.9298604Z     import ta
test	Run tests with pytest	2025-12-03T03:10:49.9298941Z E   ModuleNotFoundError: No module named 'ta'
test	Run tests with pytest	2025-12-03T03:10:49.9299707Z ________________ ERROR collecting tests/test_backtester_risk.py ________________
test	Run tests with pytest	2025-12-03T03:10:49.9300572Z ImportError while importing test module '/home/runner/work/AGStock/AGStock/tests/test_backtester_risk.py'.
test	Run tests with pytest	2025-12-03T03:10:49.9301413Z Hint: make sure your test modules/packages have valid Python names.
test	Run tests with pytest	2025-12-03T03:10:49.9301905Z Traceback:
test	Run tests with pytest	2025-12-03T03:10:49.9302550Z /opt/hostedtoolcache/Python/3.10.19/x64/lib/python3.10/site-packages/_pytest/python.py:507: in importtestmodule
test	Run tests with pytest	2025-12-03T03:10:49.9303285Z     mod = import_path(
test	Run tests with pytest	2025-12-03T03:10:49.9303934Z /opt/hostedtoolcache/Python/3.10.19/x64/lib/python3.10/site-packages/_pytest/pathlib.py:587: in import_path
test	Run tests with pytest	2025-12-03T03:10:49.9304664Z     importlib.import_module(module_name)
test	Run tests with pytest	2025-12-03T03:10:49.9305354Z /opt/hostedtoolcache/Python/3.10.19/x64/lib/python3.10/importlib/__init__.py:126: in import_module
test	Run tests with pytest	2025-12-03T03:10:49.9306113Z     return _bootstrap._gcd_import(name[level:], package, level)
test	Run tests with pytest	2025-12-03T03:10:49.9306655Z <frozen importlib._bootstrap>:1050: in _gcd_import
test	Run tests with pytest	2025-12-03T03:10:49.9307071Z     ???
test	Run tests with pytest	2025-12-03T03:10:49.9307420Z <frozen importlib._bootstrap>:1027: in _find_and_load
test	Run tests with pytest	2025-12-03T03:10:49.9307838Z     ???
test	Run tests with pytest	2025-12-03T03:10:49.9308219Z <frozen importlib._bootstrap>:1006: in _find_and_load_unlocked
test	Run tests with pytest	2025-12-03T03:10:49.9308665Z     ???
test	Run tests with pytest	2025-12-03T03:10:49.9308993Z <frozen importlib._bootstrap>:688: in _load_unlocked
test	Run tests with pytest	2025-12-03T03:10:49.9309565Z     ???
test	Run tests with pytest	2025-12-03T03:10:49.9310218Z /opt/hostedtoolcache/Python/3.10.19/x64/lib/python3.10/site-packages/_pytest/assertion/rewrite.py:197: in exec_module
test	Run tests with pytest	2025-12-03T03:10:49.9311001Z     exec(co, module.__dict__)
test	Run tests with pytest	2025-12-03T03:10:49.9311384Z tests/test_backtester_risk.py:9: in <module>
test	Run tests with pytest	2025-12-03T03:10:49.9311809Z     from src.backtester import Backtester
test	Run tests with pytest	2025-12-03T03:10:49.9312406Z src/backtester.py:4: in <module>
test	Run tests with pytest	2025-12-03T03:10:49.9312849Z     from src.strategies import Strategy, Order, OrderType
test	Run tests with pytest	2025-12-03T03:10:49.9313310Z src/strategies.py:6: in <module>
test	Run tests with pytest	2025-12-03T03:10:49.9313678Z     import ta
test	Run tests with pytest	2025-12-03T03:10:49.9314013Z E   ModuleNotFoundError: No module named 'ta'
test	Run tests with pytest	2025-12-03T03:10:49.9314555Z _______________ ERROR collecting tests/test_backtester_short.py ________________
test	Run tests with pytest	2025-12-03T03:10:49.9315391Z ImportError while importing test module '/home/runner/work/AGStock/AGStock/tests/test_backtester_short.py'.
test	Run tests with pytest	2025-12-03T03:10:49.9316221Z Hint: make sure your test modules/packages have valid Python names.
test	Run tests with pytest	2025-12-03T03:10:49.9316709Z Traceback:
test	Run tests with pytest	2025-12-03T03:10:49.9317336Z /opt/hostedtoolcache/Python/3.10.19/x64/lib/python3.10/site-packages/_pytest/python.py:507: in importtestmodule
test	Run tests with pytest	2025-12-03T03:10:49.9318059Z     mod = import_path(
test	Run tests with pytest	2025-12-03T03:10:49.9318716Z /opt/hostedtoolcache/Python/3.10.19/x64/lib/python3.10/site-packages/_pytest/pathlib.py:587: in import_path
test	Run tests with pytest	2025-12-03T03:10:49.9319596Z     importlib.import_module(module_name)
test	Run tests with pytest	2025-12-03T03:10:49.9320264Z /opt/hostedtoolcache/Python/3.10.19/x64/lib/python3.10/importlib/__init__.py:126: in import_module
test	Run tests with pytest	2025-12-03T03:10:49.9321172Z     return _bootstrap._gcd_import(name[level:], package, level)
test	Run tests with pytest	2025-12-03T03:10:49.9321709Z <frozen importlib._bootstrap>:1050: in _gcd_import
test	Run tests with pytest	2025-12-03T03:10:49.9322113Z     ???
test	Run tests with pytest	2025-12-03T03:10:49.9322463Z <frozen importlib._bootstrap>:1027: in _find_and_load
test	Run tests with pytest	2025-12-03T03:10:49.9322883Z     ???
test	Run tests with pytest	2025-12-03T03:10:49.9323265Z <frozen importlib._bootstrap>:1006: in _find_and_load_unlocked
test	Run tests with pytest	2025-12-03T03:10:49.9323741Z     ???
test	Run tests with pytest	2025-12-03T03:10:49.9324064Z <frozen importlib._bootstrap>:688: in _load_unlocked
test	Run tests with pytest	2025-12-03T03:10:49.9324485Z     ???
test	Run tests with pytest	2025-12-03T03:10:49.9325238Z /opt/hostedtoolcache/Python/3.10.19/x64/lib/python3.10/site-packages/_pytest/assertion/rewrite.py:197: in exec_module
test	Run tests with pytest	2025-12-03T03:10:49.9326027Z     exec(co, module.__dict__)
test	Run tests with pytest	2025-12-03T03:10:49.9326434Z tests/test_backtester_short.py:9: in <module>
test	Run tests with pytest	2025-12-03T03:10:49.9326880Z     from src.backtester import Backtester
test	Run tests with pytest	2025-12-03T03:10:49.9327282Z src/backtester.py:4: in <module>
test	Run tests with pytest	2025-12-03T03:10:49.9327726Z     from src.strategies import Strategy, Order, OrderType
test	Run tests with pytest	2025-12-03T03:10:49.9328215Z src/strategies.py:6: in <module>
test	Run tests with pytest	2025-12-03T03:10:49.9328558Z     import ta
test	Run tests with pytest	2025-12-03T03:10:49.9328893Z E   ModuleNotFoundError: No module named 'ta'
test	Run tests with pytest	2025-12-03T03:10:49.9329613Z _______________ ERROR collecting tests/test_core_enhancements.py _______________
test	Run tests with pytest	2025-12-03T03:10:49.9330501Z ImportError while importing test module '/home/runner/work/AGStock/AGStock/tests/test_core_enhancements.py'.
test	Run tests with pytest	2025-12-03T03:10:49.9331371Z Hint: make sure your test modules/packages have valid Python names.
test	Run tests with pytest	2025-12-03T03:10:49.9331865Z Traceback:
test	Run tests with pytest	2025-12-03T03:10:49.9332511Z /opt/hostedtoolcache/Python/3.10.19/x64/lib/python3.10/site-packages/_pytest/python.py:507: in importtestmodule
test	Run tests with pytest	2025-12-03T03:10:49.9333266Z     mod = import_path(
test	Run tests with pytest	2025-12-03T03:10:49.9334029Z /opt/hostedtoolcache/Python/3.10.19/x64/lib/python3.10/site-packages/_pytest/pathlib.py:587: in import_path
test	Run tests with pytest	2025-12-03T03:10:49.9334792Z     importlib.import_module(module_name)
test	Run tests with pytest	2025-12-03T03:10:49.9335519Z /opt/hostedtoolcache/Python/3.10.19/x64/lib/python3.10/importlib/__init__.py:126: in import_module
test	Run tests with pytest	2025-12-03T03:10:49.9336345Z     return _bootstrap._gcd_import(name[level:], package, level)
test	Run tests with pytest	2025-12-03T03:10:49.9336882Z <frozen importlib._bootstrap>:1050: in _gcd_import
test	Run tests with pytest	2025-12-03T03:10:49.9337311Z     ???
test	Run tests with pytest	2025-12-03T03:10:49.9337636Z <frozen importlib._bootstrap>:1027: in _find_and_load
test	Run tests with pytest	2025-12-03T03:10:49.9338055Z     ???
test	Run tests with pytest	2025-12-03T03:10:49.9338414Z <frozen importlib._bootstrap>:1006: in _find_and_load_unlocked
test	Run tests with pytest	2025-12-03T03:10:49.9338879Z     ???
test	Run tests with pytest	2025-12-03T03:10:49.9339196Z <frozen importlib._bootstrap>:688: in _load_unlocked
test	Run tests with pytest	2025-12-03T03:10:49.9339745Z     ???
test	Run tests with pytest	2025-12-03T03:10:49.9340386Z /opt/hostedtoolcache/Python/3.10.19/x64/lib/python3.10/site-packages/_pytest/assertion/rewrite.py:197: in exec_module
test	Run tests with pytest	2025-12-03T03:10:49.9341379Z     exec(co, module.__dict__)
test	Run tests with pytest	2025-12-03T03:10:49.9341792Z tests/test_core_enhancements.py:4: in <module>
test	Run tests with pytest	2025-12-03T03:10:49.9342240Z     from src.backtester import Backtester
test	Run tests with pytest	2025-12-03T03:10:49.9342671Z src/backtester.py:4: in <module>
test	Run tests with pytest	2025-12-03T03:10:49.9343111Z     from src.strategies import Strategy, Order, OrderType
test	Run tests with pytest	2025-12-03T03:10:49.9343570Z src/strategies.py:6: in <module>
test	Run tests with pytest	2025-12-03T03:10:49.9343924Z     import ta
test	Run tests with pytest	2025-12-03T03:10:49.9344268Z E   ModuleNotFoundError: No module named 'ta'
test	Run tests with pytest	2025-12-03T03:10:49.9344838Z _______________ ERROR collecting tests/test_cross_validation.py ________________
test	Run tests with pytest	2025-12-03T03:10:49.9345697Z ImportError while importing test module '/home/runner/work/AGStock/AGStock/tests/test_cross_validation.py'.
test	Run tests with pytest	2025-12-03T03:10:49.9346535Z Hint: make sure your test modules/packages have valid Python names.
test	Run tests with pytest	2025-12-03T03:10:49.9347018Z Traceback:
test	Run tests with pytest	2025-12-03T03:10:49.9347670Z /opt/hostedtoolcache/Python/3.10.19/x64/lib/python3.10/site-packages/_pytest/python.py:507: in importtestmodule
test	Run tests with pytest	2025-12-03T03:10:49.9348406Z     mod = import_path(
test	Run tests with pytest	2025-12-03T03:10:49.9349066Z /opt/hostedtoolcache/Python/3.10.19/x64/lib/python3.10/site-packages/_pytest/pathlib.py:587: in import_path
test	Run tests with pytest	2025-12-03T03:10:49.9350142Z     importlib.import_module(module_name)
test	Run tests with pytest	2025-12-03T03:10:49.9350815Z /opt/hostedtoolcache/Python/3.10.19/x64/lib/python3.10/importlib/__init__.py:126: in import_module
test	Run tests with pytest	2025-12-03T03:10:49.9351577Z     return _bootstrap._gcd_import(name[level:], package, level)
test	Run tests with pytest	2025-12-03T03:10:49.9352099Z <frozen importlib._bootstrap>:1050: in _gcd_import
test	Run tests with pytest	2025-12-03T03:10:49.9352511Z     ???
test	Run tests with pytest	2025-12-03T03:10:49.9352833Z <frozen importlib._bootstrap>:1027: in _find_and_load
test	Run tests with pytest	2025-12-03T03:10:49.9353238Z     ???
test	Run tests with pytest	2025-12-03T03:10:49.9353619Z <frozen importlib._bootstrap>:1006: in _find_and_load_unlocked
test	Run tests with pytest	2025-12-03T03:10:49.9354066Z     ???
test	Run tests with pytest	2025-12-03T03:10:49.9354394Z <frozen importlib._bootstrap>:688: in _load_unlocked
test	Run tests with pytest	2025-12-03T03:10:49.9354857Z     ???
test	Run tests with pytest	2025-12-03T03:10:49.9355530Z /opt/hostedtoolcache/Python/3.10.19/x64/lib/python3.10/site-packages/_pytest/assertion/rewrite.py:197: in exec_module
test	Run tests with pytest	2025-12-03T03:10:49.9356275Z     exec(co, module.__dict__)
test	Run tests with pytest	2025-12-03T03:10:49.9356691Z tests/test_cross_validation.py:8: in <module>
test	Run tests with pytest	2025-12-03T03:10:49.9357166Z     from sklearn.linear_model import LinearRegression
test	Run tests with pytest	2025-12-03T03:10:49.9357667Z E   ModuleNotFoundError: No module named 'sklearn'
test	Run tests with pytest	2025-12-03T03:10:49.9358242Z __________________ ERROR collecting tests/test_dl_strategy.py __________________
test	Run tests with pytest	2025-12-03T03:10:49.9359080Z ImportError while importing test module '/home/runner/work/AGStock/AGStock/tests/test_dl_strategy.py'.
test	Run tests with pytest	2025-12-03T03:10:49.9360022Z Hint: make sure your test modules/packages have valid Python names.
test	Run tests with pytest	2025-12-03T03:10:49.9360518Z Traceback:
test	Run tests with pytest	2025-12-03T03:10:49.9361156Z /opt/hostedtoolcache/Python/3.10.19/x64/lib/python3.10/site-packages/_pytest/python.py:507: in importtestmodule
test	Run tests with pytest	2025-12-03T03:10:49.9361896Z     mod = import_path(
test	Run tests with pytest	2025-12-03T03:10:49.9362546Z /opt/hostedtoolcache/Python/3.10.19/x64/lib/python3.10/site-packages/_pytest/pathlib.py:587: in import_path
test	Run tests with pytest	2025-12-03T03:10:49.9363294Z     importlib.import_module(module_name)
test	Run tests with pytest	2025-12-03T03:10:49.9363977Z /opt/hostedtoolcache/Python/3.10.19/x64/lib/python3.10/importlib/__init__.py:126: in import_module
test	Run tests with pytest	2025-12-03T03:10:49.9364729Z     return _bootstrap._gcd_import(name[level:], package, level)
test	Run tests with pytest	2025-12-03T03:10:49.9365250Z <frozen importlib._bootstrap>:1050: in _gcd_import
test	Run tests with pytest	2025-12-03T03:10:49.9365660Z     ???
test	Run tests with pytest	2025-12-03T03:10:49.9365990Z <frozen importlib._bootstrap>:1027: in _find_and_load
test	Run tests with pytest	2025-12-03T03:10:49.9366417Z     ???
test	Run tests with pytest	2025-12-03T03:10:49.9366799Z <frozen importlib._bootstrap>:1006: in _find_and_load_unlocked
test	Run tests with pytest	2025-12-03T03:10:49.9367243Z     ???
test	Run tests with pytest	2025-12-03T03:10:49.9367570Z <frozen importlib._bootstrap>:688: in _load_unlocked
test	Run tests with pytest	2025-12-03T03:10:49.9367985Z     ???
test	Run tests with pytest	2025-12-03T03:10:49.9368637Z /opt/hostedtoolcache/Python/3.10.19/x64/lib/python3.10/site-packages/_pytest/assertion/rewrite.py:197: in exec_module
test	Run tests with pytest	2025-12-03T03:10:49.9369721Z     exec(co, module.__dict__)
test	Run tests with pytest	2025-12-03T03:10:49.9370108Z tests/test_dl_strategy.py:9: in <module>
test	Run tests with pytest	2025-12-03T03:10:49.9370567Z     from src.strategies import DeepLearningStrategy
test	Run tests with pytest	2025-12-03T03:10:49.9371079Z src/strategies.py:6: in <module>
test	Run tests with pytest	2025-12-03T03:10:49.9371442Z     import ta
test	Run tests with pytest	2025-12-03T03:10:49.9371780Z E   ModuleNotFoundError: No module named 'ta'
test	Run tests with pytest	2025-12-03T03:10:49.9372351Z ____________ ERROR collecting tests/test_fully_automated_trader.py _____________
test	Run tests with pytest	2025-12-03T03:10:49.9373247Z ImportError while importing test module '/home/runner/work/AGStock/AGStock/tests/test_fully_automated_trader.py'.
test	Run tests with pytest	2025-12-03T03:10:49.9374118Z Hint: make sure your test modules/packages have valid Python names.
test	Run tests with pytest	2025-12-03T03:10:49.9374599Z Traceback:
test	Run tests with pytest	2025-12-03T03:10:49.9375244Z /opt/hostedtoolcache/Python/3.10.19/x64/lib/python3.10/site-packages/_pytest/python.py:507: in importtestmodule
test	Run tests with pytest	2025-12-03T03:10:49.9375979Z     mod = import_path(
test	Run tests with pytest	2025-12-03T03:10:49.9376613Z /opt/hostedtoolcache/Python/3.10.19/x64/lib/python3.10/site-packages/_pytest/pathlib.py:587: in import_path
test	Run tests with pytest	2025-12-03T03:10:49.9377338Z     importlib.import_module(module_name)
test	Run tests with pytest	2025-12-03T03:10:49.9378297Z /opt/hostedtoolcache/Python/3.10.19/x64/lib/python3.10/importlib/__init__.py:126: in import_module
test	Run tests with pytest	2025-12-03T03:10:49.9379054Z     return _bootstrap._gcd_import(name[level:], package, level)
test	Run tests with pytest	2025-12-03T03:10:49.9379755Z <frozen importlib._bootstrap>:1050: in _gcd_import
test	Run tests with pytest	2025-12-03T03:10:49.9380178Z     ???
test	Run tests with pytest	2025-12-03T03:10:49.9380522Z <frozen importlib._bootstrap>:1027: in _find_and_load
test	Run tests with pytest	2025-12-03T03:10:49.9380936Z     ???
test	Run tests with pytest	2025-12-03T03:10:49.9381319Z <frozen importlib._bootstrap>:1006: in _find_and_load_unlocked
test	Run tests with pytest	2025-12-03T03:10:49.9381767Z     ???
test	Run tests with pytest	2025-12-03T03:10:49.9382095Z <frozen importlib._bootstrap>:688: in _load_unlocked
test	Run tests with pytest	2025-12-03T03:10:49.9382495Z     ???
test	Run tests with pytest	2025-12-03T03:10:49.9383166Z /opt/hostedtoolcache/Python/3.10.19/x64/lib/python3.10/site-packages/_pytest/assertion/rewrite.py:197: in exec_module
test	Run tests with pytest	2025-12-03T03:10:49.9383942Z     exec(co, module.__dict__)
test	Run tests with pytest	2025-12-03T03:10:49.9384343Z tests/test_fully_automated_trader.py:7: in <module>
test	Run tests with pytest	2025-12-03T03:10:49.9384857Z     from fully_automated_trader import FullyAutomatedTrader
test	Run tests with pytest	2025-12-03T03:10:49.9385354Z fully_automated_trader.py:19: in <module>
test	Run tests with pytest	2025-12-03T03:10:49.9385778Z     from src.strategies import (
test	Run tests with pytest	2025-12-03T03:10:49.9386162Z src/strategies.py:6: in <module>
test	Run tests with pytest	2025-12-03T03:10:49.9386529Z     import ta
test	Run tests with pytest	2025-12-03T03:10:49.9386872Z E   ModuleNotFoundError: No module named 'ta'
test	Run tests with pytest	2025-12-03T03:10:49.9387425Z ___________________ ERROR collecting tests/test_lightgbm.py ____________________
test	Run tests with pytest	2025-12-03T03:10:49.9388250Z ImportError while importing test module '/home/runner/work/AGStock/AGStock/tests/test_lightgbm.py'.
test	Run tests with pytest	2025-12-03T03:10:49.9389042Z Hint: make sure your test modules/packages have valid Python names.
test	Run tests with pytest	2025-12-03T03:10:49.9389697Z Traceback:
test	Run tests with pytest	2025-12-03T03:10:49.9390327Z /opt/hostedtoolcache/Python/3.10.19/x64/lib/python3.10/site-packages/_pytest/python.py:507: in importtestmodule
test	Run tests with pytest	2025-12-03T03:10:49.9391077Z     mod = import_path(
test	Run tests with pytest	2025-12-03T03:10:49.9391726Z /opt/hostedtoolcache/Python/3.10.19/x64/lib/python3.10/site-packages/_pytest/pathlib.py:587: in import_path
test	Run tests with pytest	2025-12-03T03:10:49.9392480Z     importlib.import_module(module_name)
test	Run tests with pytest	2025-12-03T03:10:49.9393174Z /opt/hostedtoolcache/Python/3.10.19/x64/lib/python3.10/importlib/__init__.py:126: in import_module
test	Run tests with pytest	2025-12-03T03:10:49.9393950Z     return _bootstrap._gcd_import(name[level:], package, level)
test	Run tests with pytest	2025-12-03T03:10:49.9394476Z <frozen importlib._bootstrap>:1050: in _gcd_import
test	Run tests with pytest	2025-12-03T03:10:49.9394882Z     ???
test	Run tests with pytest	2025-12-03T03:10:49.9395214Z <frozen importlib._bootstrap>:1027: in _find_and_load
test	Run tests with pytest	2025-12-03T03:10:49.9395619Z     ???
test	Run tests with pytest	2025-12-03T03:10:49.9396010Z <frozen importlib._bootstrap>:1006: in _find_and_load_unlocked
test	Run tests with pytest	2025-12-03T03:10:49.9396459Z     ???
test	Run tests with pytest	2025-12-03T03:10:49.9396793Z <frozen importlib._bootstrap>:688: in _load_unlocked
test	Run tests with pytest	2025-12-03T03:10:49.9397389Z     ???
test	Run tests with pytest	2025-12-03T03:10:49.9398046Z /opt/hostedtoolcache/Python/3.10.19/x64/lib/python3.10/site-packages/_pytest/assertion/rewrite.py:197: in exec_module
test	Run tests with pytest	2025-12-03T03:10:49.9398815Z     exec(co, module.__dict__)
test	Run tests with pytest	2025-12-03T03:10:49.9399358Z tests/test_lightgbm.py:5: in <module>
test	Run tests with pytest	2025-12-03T03:10:49.9399802Z     from src.strategies import LightGBMStrategy
test	Run tests with pytest	2025-12-03T03:10:49.9400243Z src/strategies.py:6: in <module>
test	Run tests with pytest	2025-12-03T03:10:49.9400591Z     import ta
test	Run tests with pytest	2025-12-03T03:10:49.9400913Z E   ModuleNotFoundError: No module named 'ta'
test	Run tests with pytest	2025-12-03T03:10:49.9401463Z _________________ ERROR collecting tests/test_live_trading.py __________________
test	Run tests with pytest	2025-12-03T03:10:49.9402293Z ImportError while importing test module '/home/runner/work/AGStock/AGStock/tests/test_live_trading.py'.
test	Run tests with pytest	2025-12-03T03:10:49.9403098Z Hint: make sure your test modules/packages have valid Python names.
test	Run tests with pytest	2025-12-03T03:10:49.9403583Z Traceback:
test	Run tests with pytest	2025-12-03T03:10:49.9404222Z /opt/hostedtoolcache/Python/3.10.19/x64/lib/python3.10/site-packages/_pytest/python.py:507: in importtestmodule
test	Run tests with pytest	2025-12-03T03:10:49.9404946Z     mod = import_path(
test	Run tests with pytest	2025-12-03T03:10:49.9405580Z /opt/hostedtoolcache/Python/3.10.19/x64/lib/python3.10/site-packages/_pytest/pathlib.py:587: in import_path
test	Run tests with pytest	2025-12-03T03:10:49.9406481Z     importlib.import_module(module_name)
test	Run tests with pytest	2025-12-03T03:10:49.9407156Z /opt/hostedtoolcache/Python/3.10.19/x64/lib/python3.10/importlib/__init__.py:126: in import_module
test	Run tests with pytest	2025-12-03T03:10:49.9407899Z     return _bootstrap._gcd_import(name[level:], package, level)
test	Run tests with pytest	2025-12-03T03:10:49.9408428Z <frozen importlib._bootstrap>:1050: in _gcd_import
test	Run tests with pytest	2025-12-03T03:10:49.9408827Z     ???
test	Run tests with pytest	2025-12-03T03:10:49.9409157Z <frozen importlib._bootstrap>:1027: in _find_and_load
test	Run tests with pytest	2025-12-03T03:10:49.9409717Z     ???
test	Run tests with pytest	2025-12-03T03:10:49.9410102Z <frozen importlib._bootstrap>:1006: in _find_and_load_unlocked
test	Run tests with pytest	2025-12-03T03:10:49.9410560Z     ???
test	Run tests with pytest	2025-12-03T03:10:49.9410878Z <frozen importlib._bootstrap>:688: in _load_unlocked
test	Run tests with pytest	2025-12-03T03:10:49.9411297Z     ???
test	Run tests with pytest	2025-12-03T03:10:49.9411939Z /opt/hostedtoolcache/Python/3.10.19/x64/lib/python3.10/site-packages/_pytest/assertion/rewrite.py:197: in exec_module
test	Run tests with pytest	2025-12-03T03:10:49.9412688Z     exec(co, module.__dict__)
test	Run tests with pytest	2025-12-03T03:10:49.9413071Z tests/test_live_trading.py:6: in <module>
test	Run tests with pytest	2025-12-03T03:10:49.9413609Z     from src.live_trading import PaperBroker, LiveTradingEngine, Position
test	Run tests with pytest	2025-12-03T03:10:49.9414148Z src/live_trading.py:8: in <module>
test	Run tests with pytest	2025-12-03T03:10:49.9414585Z     from src.strategies import Strategy, Order, OrderType
test	Run tests with pytest	2025-12-03T03:10:49.9415061Z src/strategies.py:6: in <module>
test	Run tests with pytest	2025-12-03T03:10:49.9415407Z     import ta
test	Run tests with pytest	2025-12-03T03:10:49.9415736Z E   ModuleNotFoundError: No module named 'ta'
test	Run tests with pytest	2025-12-03T03:10:49.9416273Z _________________ ERROR collecting tests/test_meta_learner.py __________________
test	Run tests with pytest	2025-12-03T03:10:49.9417074Z ImportError while importing test module '/home/runner/work/AGStock/AGStock/tests/test_meta_learner.py'.
test	Run tests with pytest	2025-12-03T03:10:49.9417862Z Hint: make sure your test modules/packages have valid Python names.
test	Run tests with pytest	2025-12-03T03:10:49.9418344Z Traceback:
test	Run tests with pytest	2025-12-03T03:10:49.9418976Z /opt/hostedtoolcache/Python/3.10.19/x64/lib/python3.10/site-packages/_pytest/python.py:507: in importtestmodule
test	Run tests with pytest	2025-12-03T03:10:49.9419853Z     mod = import_path(
test	Run tests with pytest	2025-12-03T03:10:49.9420529Z /opt/hostedtoolcache/Python/3.10.19/x64/lib/python3.10/site-packages/_pytest/pathlib.py:587: in import_path
test	Run tests with pytest	2025-12-03T03:10:49.9421298Z     importlib.import_module(module_name)
test	Run tests with pytest	2025-12-03T03:10:49.9422004Z /opt/hostedtoolcache/Python/3.10.19/x64/lib/python3.10/importlib/__init__.py:126: in import_module
test	Run tests with pytest	2025-12-03T03:10:49.9422802Z     return _bootstrap._gcd_import(name[level:], package, level)
test	Run tests with pytest	2025-12-03T03:10:49.9423327Z <frozen importlib._bootstrap>:1050: in _gcd_import
test	Run tests with pytest	2025-12-03T03:10:49.9423736Z     ???
test	Run tests with pytest	2025-12-03T03:10:49.9424080Z <frozen importlib._bootstrap>:1027: in _find_and_load
test	Run tests with pytest	2025-12-03T03:10:49.9424498Z     ???
test	Run tests with pytest	2025-12-03T03:10:49.9424853Z <frozen importlib._bootstrap>:1006: in _find_and_load_unlocked
test	Run tests with pytest	2025-12-03T03:10:49.9425496Z     ???
test	Run tests with pytest	2025-12-03T03:10:49.9425814Z <frozen importlib._bootstrap>:688: in _load_unlocked
test	Run tests with pytest	2025-12-03T03:10:49.9426222Z     ???
test	Run tests with pytest	2025-12-03T03:10:49.9426854Z /opt/hostedtoolcache/Python/3.10.19/x64/lib/python3.10/site-packages/_pytest/assertion/rewrite.py:197: in exec_module
test	Run tests with pytest	2025-12-03T03:10:49.9427623Z     exec(co, module.__dict__)
test	Run tests with pytest	2025-12-03T03:10:49.9428007Z tests/test_meta_learner.py:9: in <module>
test	Run tests with pytest	2025-12-03T03:10:49.9428452Z     from src.meta_learner import MetaLearner
test	Run tests with pytest	2025-12-03T03:10:49.9428876Z src/meta_learner.py:7: in <module>
test	Run tests with pytest	2025-12-03T03:10:49.9429470Z     from sklearn.model_selection import cross_val_score
test	Run tests with pytest	2025-12-03T03:10:49.9429982Z E   ModuleNotFoundError: No module named 'sklearn'
test	Run tests with pytest	2025-12-03T03:10:49.9430558Z __________________ ERROR collecting tests/test_ml_pipeline.py __________________
test	Run tests with pytest	2025-12-03T03:10:49.9431428Z ImportError while importing test module '/home/runner/work/AGStock/AGStock/tests/test_ml_pipeline.py'.
test	Run tests with pytest	2025-12-03T03:10:49.9432235Z Hint: make sure your test modules/packages have valid Python names.
test	Run tests with pytest	2025-12-03T03:10:49.9432725Z Traceback:
test	Run tests with pytest	2025-12-03T03:10:49.9433375Z /opt/hostedtoolcache/Python/3.10.19/x64/lib/python3.10/site-packages/_pytest/python.py:507: in importtestmodule
test	Run tests with pytest	2025-12-03T03:10:49.9434258Z     mod = import_path(
test	Run tests with pytest	2025-12-03T03:10:49.9434907Z /opt/hostedtoolcache/Python/3.10.19/x64/lib/python3.10/site-packages/_pytest/pathlib.py:587: in import_path
test	Run tests with pytest	2025-12-03T03:10:49.9435625Z     importlib.import_module(module_name)
test	Run tests with pytest	2025-12-03T03:10:49.9436288Z /opt/hostedtoolcache/Python/3.10.19/x64/lib/python3.10/importlib/__init__.py:126: in import_module
test	Run tests with pytest	2025-12-03T03:10:49.9437074Z     return _bootstrap._gcd_import(name[level:], package, level)
test	Run tests with pytest	2025-12-03T03:10:49.9437603Z <frozen importlib._bootstrap>:1050: in _gcd_import
test	Run tests with pytest	2025-12-03T03:10:49.9438004Z     ???
test	Run tests with pytest	2025-12-03T03:10:49.9438331Z <frozen importlib._bootstrap>:1027: in _find_and_load
test	Run tests with pytest	2025-12-03T03:10:49.9438741Z     ???
test	Run tests with pytest	2025-12-03T03:10:49.9439100Z <frozen importlib._bootstrap>:1006: in _find_and_load_unlocked
test	Run tests with pytest	2025-12-03T03:10:49.9439722Z     ???
test	Run tests with pytest	2025-12-03T03:10:49.9440047Z <frozen importlib._bootstrap>:688: in _load_unlocked
test	Run tests with pytest	2025-12-03T03:10:49.9440453Z     ???
test	Run tests with pytest	2025-12-03T03:10:49.9441102Z /opt/hostedtoolcache/Python/3.10.19/x64/lib/python3.10/site-packages/_pytest/assertion/rewrite.py:197: in exec_module
test	Run tests with pytest	2025-12-03T03:10:49.9441884Z     exec(co, module.__dict__)
test	Run tests with pytest	2025-12-03T03:10:49.9442278Z tests/test_ml_pipeline.py:7: in <module>
test	Run tests with pytest	2025-12-03T03:10:49.9442731Z     from src.strategies import DeepLearningStrategy
test	Run tests with pytest	2025-12-03T03:10:49.9443169Z src/strategies.py:6: in <module>
test	Run tests with pytest	2025-12-03T03:10:49.9443507Z     import ta
test	Run tests with pytest	2025-12-03T03:10:49.9443833Z E   ModuleNotFoundError: No module named 'ta'
test	Run tests with pytest	2025-12-03T03:10:49.9444377Z __________________ ERROR collecting tests/test_ml_strategy.py __________________
test	Run tests with pytest	2025-12-03T03:10:49.9445185Z ImportError while importing test module '/home/runner/work/AGStock/AGStock/tests/test_ml_strategy.py'.
test	Run tests with pytest	2025-12-03T03:10:49.9445979Z Hint: make sure your test modules/packages have valid Python names.
test	Run tests with pytest	2025-12-03T03:10:49.9446457Z Traceback:
test	Run tests with pytest	2025-12-03T03:10:49.9447074Z /opt/hostedtoolcache/Python/3.10.19/x64/lib/python3.10/site-packages/_pytest/python.py:507: in importtestmodule
test	Run tests with pytest	2025-12-03T03:10:49.9447785Z     mod = import_path(
test	Run tests with pytest	2025-12-03T03:10:49.9448436Z /opt/hostedtoolcache/Python/3.10.19/x64/lib/python3.10/site-packages/_pytest/pathlib.py:587: in import_path
test	Run tests with pytest	2025-12-03T03:10:49.9449176Z     importlib.import_module(module_name)
test	Run tests with pytest	2025-12-03T03:10:49.9449998Z /opt/hostedtoolcache/Python/3.10.19/x64/lib/python3.10/importlib/__init__.py:126: in import_module
test	Run tests with pytest	2025-12-03T03:10:49.9450760Z     return _bootstrap._gcd_import(name[level:], package, level)
test	Run tests with pytest	2025-12-03T03:10:49.9451290Z <frozen importlib._bootstrap>:1050: in _gcd_import
test	Run tests with pytest	2025-12-03T03:10:49.9451712Z     ???
test	Run tests with pytest	2025-12-03T03:10:49.9452055Z <frozen importlib._bootstrap>:1027: in _find_and_load
test	Run tests with pytest	2025-12-03T03:10:49.9452482Z     ???
test	Run tests with pytest	2025-12-03T03:10:49.9452859Z <frozen importlib._bootstrap>:1006: in _find_and_load_unlocked
test	Run tests with pytest	2025-12-03T03:10:49.9453487Z     ???
test	Run tests with pytest	2025-12-03T03:10:49.9453819Z <frozen importlib._bootstrap>:688: in _load_unlocked
test	Run tests with pytest	2025-12-03T03:10:49.9454216Z     ???
test	Run tests with pytest	2025-12-03T03:10:49.9454906Z /opt/hostedtoolcache/Python/3.10.19/x64/lib/python3.10/site-packages/_pytest/assertion/rewrite.py:197: in exec_module
test	Run tests with pytest	2025-12-03T03:10:49.9455678Z     exec(co, module.__dict__)
test	Run tests with pytest	2025-12-03T03:10:49.9456067Z tests/test_ml_strategy.py:9: in <module>
test	Run tests with pytest	2025-12-03T03:10:49.9456478Z     from src.strategies import MLStrategy
test	Run tests with pytest	2025-12-03T03:10:49.9456893Z src/strategies.py:6: in <module>
test	Run tests with pytest	2025-12-03T03:10:49.9457246Z     import ta
test	Run tests with pytest	2025-12-03T03:10:49.9457582Z E   ModuleNotFoundError: No module named 'ta'
test	Run tests with pytest	2025-12-03T03:10:49.9458134Z _________________ ERROR collecting tests/test_morning_brief.py _________________
test	Run tests with pytest	2025-12-03T03:10:49.9458964Z ImportError while importing test module '/home/runner/work/AGStock/AGStock/tests/test_morning_brief.py'.
test	Run tests with pytest	2025-12-03T03:10:49.9459930Z Hint: make sure your test modules/packages have valid Python names.
test	Run tests with pytest	2025-12-03T03:10:49.9460405Z Traceback:
test	Run tests with pytest	2025-12-03T03:10:49.9461039Z /opt/hostedtoolcache/Python/3.10.19/x64/lib/python3.10/site-packages/_pytest/python.py:507: in importtestmodule
test	Run tests with pytest	2025-12-03T03:10:49.9461785Z     mod = import_path(
test	Run tests with pytest	2025-12-03T03:10:49.9462616Z /opt/hostedtoolcache/Python/3.10.19/x64/lib/python3.10/site-packages/_pytest/pathlib.py:587: in import_path
test	Run tests with pytest	2025-12-03T03:10:49.9463368Z     importlib.import_module(module_name)
test	Run tests with pytest	2025-12-03T03:10:49.9464043Z /opt/hostedtoolcache/Python/3.10.19/x64/lib/python3.10/importlib/__init__.py:126: in import_module
test	Run tests with pytest	2025-12-03T03:10:49.9464804Z     return _bootstrap._gcd_import(name[level:], package, level)
test	Run tests with pytest	2025-12-03T03:10:49.9465325Z <frozen importlib._bootstrap>:1050: in _gcd_import
test	Run tests with pytest	2025-12-03T03:10:49.9465745Z     ???
test	Run tests with pytest	2025-12-03T03:10:49.9466088Z <frozen importlib._bootstrap>:1027: in _find_and_load
test	Run tests with pytest	2025-12-03T03:10:49.9466508Z     ???
test	Run tests with pytest	2025-12-03T03:10:49.9466897Z <frozen importlib._bootstrap>:1006: in _find_and_load_unlocked
test	Run tests with pytest	2025-12-03T03:10:49.9467376Z     ???
test	Run tests with pytest	2025-12-03T03:10:49.9467726Z <frozen importlib._bootstrap>:688: in _load_unlocked
test	Run tests with pytest	2025-12-03T03:10:49.9468131Z     ???
test	Run tests with pytest	2025-12-03T03:10:49.9468788Z /opt/hostedtoolcache/Python/3.10.19/x64/lib/python3.10/site-packages/_pytest/assertion/rewrite.py:197: in exec_module
test	Run tests with pytest	2025-12-03T03:10:49.9469739Z     exec(co, module.__dict__)
test	Run tests with pytest	2025-12-03T03:10:49.9470133Z tests/test_morning_brief.py:6: in <module>
test	Run tests with pytest	2025-12-03T03:10:49.9470563Z     from morning_brief import MorningBrief
test	Run tests with pytest	2025-12-03T03:10:49.9470984Z morning_brief.py:12: in <module>
test	Run tests with pytest	2025-12-03T03:10:49.9471399Z     from src.sentiment import SentimentAnalyzer
test	Run tests with pytest	2025-12-03T03:10:49.9471834Z src/sentiment.py:1: in <module>
test	Run tests with pytest	2025-12-03T03:10:49.9472191Z     import feedparser
test	Run tests with pytest	2025-12-03T03:10:49.9472579Z E   ModuleNotFoundError: No module named 'feedparser'
test	Run tests with pytest	2025-12-03T03:10:49.9473185Z _________________ ERROR collecting tests/test_optimization.py __________________
test	Run tests with pytest	2025-12-03T03:10:49.9474039Z ImportError while importing test module '/home/runner/work/AGStock/AGStock/tests/test_optimization.py'.
test	Run tests with pytest	2025-12-03T03:10:49.9474876Z Hint: make sure your test modules/packages have valid Python names.
test	Run tests with pytest	2025-12-03T03:10:49.9475357Z Traceback:
test	Run tests with pytest	2025-12-03T03:10:49.9475999Z /opt/hostedtoolcache/Python/3.10.19/x64/lib/python3.10/site-packages/_pytest/python.py:507: in importtestmodule
test	Run tests with pytest	2025-12-03T03:10:49.9476749Z     mod = import_path(
test	Run tests with pytest	2025-12-03T03:10:49.9477401Z /opt/hostedtoolcache/Python/3.10.19/x64/lib/python3.10/site-packages/_pytest/pathlib.py:587: in import_path
test	Run tests with pytest	2025-12-03T03:10:49.9478135Z     importlib.import_module(module_name)
test	Run tests with pytest	2025-12-03T03:10:49.9478811Z /opt/hostedtoolcache/Python/3.10.19/x64/lib/python3.10/importlib/__init__.py:126: in import_module
test	Run tests with pytest	2025-12-03T03:10:49.9479734Z     return _bootstrap._gcd_import(name[level:], package, level)
test	Run tests with pytest	2025-12-03T03:10:49.9480261Z <frozen importlib._bootstrap>:1050: in _gcd_import
test	Run tests with pytest	2025-12-03T03:10:49.9480656Z     ???
test	Run tests with pytest	2025-12-03T03:10:49.9480977Z <frozen importlib._bootstrap>:1027: in _find_and_load
test	Run tests with pytest	2025-12-03T03:10:49.9481370Z     ???
test	Run tests with pytest	2025-12-03T03:10:49.9481904Z <frozen importlib._bootstrap>:1006: in _find_and_load_unlocked
test	Run tests with pytest	2025-12-03T03:10:49.9482343Z     ???
test	Run tests with pytest	2025-12-03T03:10:49.9482659Z <frozen importlib._bootstrap>:688: in _load_unlocked
test	Run tests with pytest	2025-12-03T03:10:49.9483051Z     ???
test	Run tests with pytest	2025-12-03T03:10:49.9483715Z /opt/hostedtoolcache/Python/3.10.19/x64/lib/python3.10/site-packages/_pytest/assertion/rewrite.py:197: in exec_module
test	Run tests with pytest	2025-12-03T03:10:49.9484463Z     exec(co, module.__dict__)
test	Run tests with pytest	2025-12-03T03:10:49.9484830Z tests/test_optimization.py:11: in <module>
test	Run tests with pytest	2025-12-03T03:10:49.9485315Z     from src.optimization import HyperparameterOptimizer
test	Run tests with pytest	2025-12-03T03:10:49.9485789Z src/optimization.py:1: in <module>
test	Run tests with pytest	2025-12-03T03:10:49.9486154Z     import optuna
test	Run tests with pytest	2025-12-03T03:10:49.9486510Z E   ModuleNotFoundError: No module named 'optuna'
test	Run tests with pytest	2025-12-03T03:10:49.9487092Z ___________ ERROR collecting tests/test_optimization_transformer.py ____________
test	Run tests with pytest	2025-12-03T03:10:49.9488005Z ImportError while importing test module '/home/runner/work/AGStock/AGStock/tests/test_optimization_transformer.py'.
test	Run tests with pytest	2025-12-03T03:10:49.9488872Z Hint: make sure your test modules/packages have valid Python names.
test	Run tests with pytest	2025-12-03T03:10:49.9489509Z Traceback:
test	Run tests with pytest	2025-12-03T03:10:49.9490151Z /opt/hostedtoolcache/Python/3.10.19/x64/lib/python3.10/site-packages/_pytest/python.py:507: in importtestmodule
test	Run tests with pytest	2025-12-03T03:10:49.9491035Z     mod = import_path(
test	Run tests with pytest	2025-12-03T03:10:49.9491680Z /opt/hostedtoolcache/Python/3.10.19/x64/lib/python3.10/site-packages/_pytest/pathlib.py:587: in import_path
test	Run tests with pytest	2025-12-03T03:10:49.9492407Z     importlib.import_module(module_name)
test	Run tests with pytest	2025-12-03T03:10:49.9493085Z /opt/hostedtoolcache/Python/3.10.19/x64/lib/python3.10/importlib/__init__.py:126: in import_module
test	Run tests with pytest	2025-12-03T03:10:49.9493835Z     return _bootstrap._gcd_import(name[level:], package, level)
test	Run tests with pytest	2025-12-03T03:10:49.9494357Z <frozen importlib._bootstrap>:1050: in _gcd_import
test	Run tests with pytest	2025-12-03T03:10:49.9494745Z     ???
test	Run tests with pytest	2025-12-03T03:10:49.9495070Z <frozen importlib._bootstrap>:1027: in _find_and_load
test	Run tests with pytest	2025-12-03T03:10:49.9495476Z     ???
test	Run tests with pytest	2025-12-03T03:10:49.9495852Z <frozen importlib._bootstrap>:1006: in _find_and_load_unlocked
test	Run tests with pytest	2025-12-03T03:10:49.9496315Z     ???
test	Run tests with pytest	2025-12-03T03:10:49.9496647Z <frozen importlib._bootstrap>:688: in _load_unlocked
test	Run tests with pytest	2025-12-03T03:10:49.9497047Z     ???
test	Run tests with pytest	2025-12-03T03:10:49.9497694Z /opt/hostedtoolcache/Python/3.10.19/x64/lib/python3.10/site-packages/_pytest/assertion/rewrite.py:197: in exec_module
test	Run tests with pytest	2025-12-03T03:10:49.9498449Z     exec(co, module.__dict__)
test	Run tests with pytest	2025-12-03T03:10:49.9498877Z tests/test_optimization_transformer.py:5: in <module>
test	Run tests with pytest	2025-12-03T03:10:49.9499556Z     from src.optimization import HyperparameterOptimizer
test	Run tests with pytest	2025-12-03T03:10:49.9500027Z src/optimization.py:1: in <module>
test	Run tests with pytest	2025-12-03T03:10:49.9500401Z     import optuna
test	Run tests with pytest	2025-12-03T03:10:49.9500764Z E   ModuleNotFoundError: No module named 'optuna'
test	Run tests with pytest	2025-12-03T03:10:49.9501329Z ___________________ ERROR collecting tests/test_optimizer.py ___________________
test	Run tests with pytest	2025-12-03T03:10:49.9502136Z ImportError while importing test module '/home/runner/work/AGStock/AGStock/tests/test_optimizer.py'.
test	Run tests with pytest	2025-12-03T03:10:49.9502937Z Hint: make sure your test modules/packages have valid Python names.
test	Run tests with pytest	2025-12-03T03:10:49.9503428Z Traceback:
test	Run tests with pytest	2025-12-03T03:10:49.9504060Z /opt/hostedtoolcache/Python/3.10.19/x64/lib/python3.10/site-packages/_pytest/python.py:507: in importtestmodule
test	Run tests with pytest	2025-12-03T03:10:49.9504806Z     mod = import_path(
test	Run tests with pytest	2025-12-03T03:10:49.9505460Z /opt/hostedtoolcache/Python/3.10.19/x64/lib/python3.10/site-packages/_pytest/pathlib.py:587: in import_path
test	Run tests with pytest	2025-12-03T03:10:49.9506190Z     importlib.import_module(module_name)
test	Run tests with pytest	2025-12-03T03:10:49.9506862Z /opt/hostedtoolcache/Python/3.10.19/x64/lib/python3.10/importlib/__init__.py:126: in import_module
test	Run tests with pytest	2025-12-03T03:10:49.9507611Z     return _bootstrap._gcd_import(name[level:], package, level)
test	Run tests with pytest	2025-12-03T03:10:49.9508124Z <frozen importlib._bootstrap>:1050: in _gcd_import
test	Run tests with pytest	2025-12-03T03:10:49.9508520Z     ???
test	Run tests with pytest	2025-12-03T03:10:49.9508844Z <frozen importlib._bootstrap>:1027: in _find_and_load
test	Run tests with pytest	2025-12-03T03:10:49.9509453Z     ???
test	Run tests with pytest	2025-12-03T03:10:49.9510010Z <frozen importlib._bootstrap>:1006: in _find_and_load_unlocked
test	Run tests with pytest	2025-12-03T03:10:49.9510344Z     ???
test	Run tests with pytest	2025-12-03T03:10:49.9510595Z <frozen importlib._bootstrap>:688: in _load_unlocked
test	Run tests with pytest	2025-12-03T03:10:49.9510900Z     ???
test	Run tests with pytest	2025-12-03T03:10:49.9511370Z /opt/hostedtoolcache/Python/3.10.19/x64/lib/python3.10/site-packages/_pytest/assertion/rewrite.py:197: in exec_module
test	Run tests with pytest	2025-12-03T03:10:49.9511915Z     exec(co, module.__dict__)
test	Run tests with pytest	2025-12-03T03:10:49.9512188Z tests/test_optimizer.py:10: in <module>
test	Run tests with pytest	2025-12-03T03:10:49.9512489Z     from src.optimizer import Optimizer
test	Run tests with pytest	2025-12-03T03:10:49.9512783Z src/optimizer.py:1: in <module>
test	Run tests with pytest	2025-12-03T03:10:49.9513055Z     import optuna
test	Run tests with pytest	2025-12-03T03:10:49.9513326Z E   ModuleNotFoundError: No module named 'optuna'
test	Run tests with pytest	2025-12-03T03:10:49.9513734Z __________________ ERROR collecting tests/test_performance.py __________________
test	Run tests with pytest	2025-12-03T03:10:49.9514317Z ImportError while importing test module '/home/runner/work/AGStock/AGStock/tests/test_performance.py'.
test	Run tests with pytest	2025-12-03T03:10:49.9514888Z Hint: make sure your test modules/packages have valid Python names.
test	Run tests with pytest	2025-12-03T03:10:49.9515244Z Traceback:
test	Run tests with pytest	2025-12-03T03:10:49.9515695Z /opt/hostedtoolcache/Python/3.10.19/x64/lib/python3.10/site-packages/_pytest/python.py:507: in importtestmodule
test	Run tests with pytest	2025-12-03T03:10:49.9516337Z     mod = import_path(
test	Run tests with pytest	2025-12-03T03:10:49.9516798Z /opt/hostedtoolcache/Python/3.10.19/x64/lib/python3.10/site-packages/_pytest/pathlib.py:587: in import_path
test	Run tests with pytest	2025-12-03T03:10:49.9517307Z     importlib.import_module(module_name)
test	Run tests with pytest	2025-12-03T03:10:49.9517782Z /opt/hostedtoolcache/Python/3.10.19/x64/lib/python3.10/importlib/__init__.py:126: in import_module
test	Run tests with pytest	2025-12-03T03:10:49.9518313Z     return _bootstrap._gcd_import(name[level:], package, level)
test	Run tests with pytest	2025-12-03T03:10:49.9518697Z <frozen importlib._bootstrap>:1050: in _gcd_import
test	Run tests with pytest	2025-12-03T03:10:49.9519004Z     ???
test	Run tests with pytest	2025-12-03T03:10:49.9519434Z <frozen importlib._bootstrap>:1027: in _find_and_load
test	Run tests with pytest	2025-12-03T03:10:49.9519761Z     ???
test	Run tests with pytest	2025-12-03T03:10:49.9520036Z <frozen importlib._bootstrap>:1006: in _find_and_load_unlocked
test	Run tests with pytest	2025-12-03T03:10:49.9520384Z     ???
test	Run tests with pytest	2025-12-03T03:10:49.9520627Z <frozen importlib._bootstrap>:688: in _load_unlocked
test	Run tests with pytest	2025-12-03T03:10:49.9520928Z     ???
test	Run tests with pytest	2025-12-03T03:10:49.9521381Z /opt/hostedtoolcache/Python/3.10.19/x64/lib/python3.10/site-packages/_pytest/assertion/rewrite.py:197: in exec_module
test	Run tests with pytest	2025-12-03T03:10:49.9521922Z     exec(co, module.__dict__)
test	Run tests with pytest	2025-12-03T03:10:49.9522195Z tests/test_performance.py:6: in <module>
test	Run tests with pytest	2025-12-03T03:10:49.9522507Z     from src.regime import RegimeDetector
test	Run tests with pytest	2025-12-03T03:10:49.9522807Z src/regime.py:3: in <module>
test	Run tests with pytest	2025-12-03T03:10:49.9523074Z     from sklearn.cluster import KMeans
test	Run tests with pytest	2025-12-03T03:10:49.9523408Z E   ModuleNotFoundError: No module named 'sklearn'
test	Run tests with pytest	2025-12-03T03:10:49.9523823Z _____________ ERROR collecting tests/test_phase30_1_integration.py _____________
test	Run tests with pytest	2025-12-03T03:10:49.9524451Z ImportError while importing test module '/home/runner/work/AGStock/AGStock/tests/test_phase30_1_integration.py'.
test	Run tests with pytest	2025-12-03T03:10:49.9525054Z Hint: make sure your test modules/packages have valid Python names.
test	Run tests with pytest	2025-12-03T03:10:49.9525403Z Traceback:
test	Run tests with pytest	2025-12-03T03:10:49.9525844Z /opt/hostedtoolcache/Python/3.10.19/x64/lib/python3.10/site-packages/_pytest/python.py:507: in importtestmodule
test	Run tests with pytest	2025-12-03T03:10:49.9526343Z     mod = import_path(
test	Run tests with pytest	2025-12-03T03:10:49.9526804Z /opt/hostedtoolcache/Python/3.10.19/x64/lib/python3.10/site-packages/_pytest/pathlib.py:587: in import_path
test	Run tests with pytest	2025-12-03T03:10:49.9527305Z     importlib.import_module(module_name)
test	Run tests with pytest	2025-12-03T03:10:49.9527780Z /opt/hostedtoolcache/Python/3.10.19/x64/lib/python3.10/importlib/__init__.py:126: in import_module
test	Run tests with pytest	2025-12-03T03:10:49.9528317Z     return _bootstrap._gcd_import(name[level:], package, level)
test	Run tests with pytest	2025-12-03T03:10:49.9528707Z <frozen importlib._bootstrap>:1050: in _gcd_import
test	Run tests with pytest	2025-12-03T03:10:49.9529006Z     ???
test	Run tests with pytest	2025-12-03T03:10:49.9529461Z <frozen importlib._bootstrap>:1027: in _find_and_load
test	Run tests with pytest	2025-12-03T03:10:49.9529809Z     ???
test	Run tests with pytest	2025-12-03T03:10:49.9530077Z <frozen importlib._bootstrap>:1006: in _find_and_load_unlocked
test	Run tests with pytest	2025-12-03T03:10:49.9530540Z     ???
test	Run tests with pytest	2025-12-03T03:10:49.9530773Z <frozen importlib._bootstrap>:688: in _load_unlocked
test	Run tests with pytest	2025-12-03T03:10:49.9531081Z     ???
test	Run tests with pytest	2025-12-03T03:10:49.9531541Z /opt/hostedtoolcache/Python/3.10.19/x64/lib/python3.10/site-packages/_pytest/assertion/rewrite.py:197: in exec_module
test	Run tests with pytest	2025-12-03T03:10:49.9532083Z     exec(co, module.__dict__)
test	Run tests with pytest	2025-12-03T03:10:49.9532379Z tests/test_phase30_1_integration.py:13: in <module>
test	Run tests with pytest	2025-12-03T03:10:49.9532710Z     from lightgbm import LGBMClassifier
test	Run tests with pytest	2025-12-03T03:10:49.9533033Z E   ModuleNotFoundError: No module named 'lightgbm'
test	Run tests with pytest	2025-12-03T03:10:49.9533422Z _________________ ERROR collecting tests/test_phase30_2_mtf.py _________________
test	Run tests with pytest	2025-12-03T03:10:49.9533996Z ImportError while importing test module '/home/runner/work/AGStock/AGStock/tests/test_phase30_2_mtf.py'.
test	Run tests with pytest	2025-12-03T03:10:49.9534542Z Hint: make sure your test modules/packages have valid Python names.
test	Run tests with pytest	2025-12-03T03:10:49.9534890Z Traceback:
test	Run tests with pytest	2025-12-03T03:10:49.9535346Z /opt/hostedtoolcache/Python/3.10.19/x64/lib/python3.10/site-packages/_pytest/python.py:507: in importtestmodule
test	Run tests with pytest	2025-12-03T03:10:49.9535849Z     mod = import_path(
test	Run tests with pytest	2025-12-03T03:10:49.9536307Z /opt/hostedtoolcache/Python/3.10.19/x64/lib/python3.10/site-packages/_pytest/pathlib.py:587: in import_path
test	Run tests with pytest	2025-12-03T03:10:49.9536977Z     importlib.import_module(module_name)
test	Run tests with pytest	2025-12-03T03:10:49.9537454Z /opt/hostedtoolcache/Python/3.10.19/x64/lib/python3.10/importlib/__init__.py:126: in import_module
test	Run tests with pytest	2025-12-03T03:10:49.9537965Z     return _bootstrap._gcd_import(name[level:], package, level)
test	Run tests with pytest	2025-12-03T03:10:49.9538335Z <frozen importlib._bootstrap>:1050: in _gcd_import
test	Run tests with pytest	2025-12-03T03:10:49.9538638Z     ???
test	Run tests with pytest	2025-12-03T03:10:49.9538878Z <frozen importlib._bootstrap>:1027: in _find_and_load
test	Run tests with pytest	2025-12-03T03:10:49.9539185Z     ???
test	Run tests with pytest	2025-12-03T03:10:49.9539565Z <frozen importlib._bootstrap>:1006: in _find_and_load_unlocked
test	Run tests with pytest	2025-12-03T03:10:49.9539904Z     ???
test	Run tests with pytest	2025-12-03T03:10:49.9540149Z <frozen importlib._bootstrap>:688: in _load_unlocked
test	Run tests with pytest	2025-12-03T03:10:49.9540455Z     ???
test	Run tests with pytest	2025-12-03T03:10:49.9540902Z /opt/hostedtoolcache/Python/3.10.19/x64/lib/python3.10/site-packages/_pytest/assertion/rewrite.py:197: in exec_module
test	Run tests with pytest	2025-12-03T03:10:49.9541433Z     exec(co, module.__dict__)
test	Run tests with pytest	2025-12-03T03:10:49.9541713Z tests/test_phase30_2_mtf.py:10: in <module>
test	Run tests with pytest	2025-12-03T03:10:49.9542074Z     from src.hierarchical_strategy import HierarchicalStrategy
test	Run tests with pytest	2025-12-03T03:10:49.9542453Z src/hierarchical_strategy.py:11: in <module>
test	Run tests with pytest	2025-12-03T03:10:49.9542763Z     from src.strategies import Strategy
test	Run tests with pytest	2025-12-03T03:10:49.9543074Z src/strategies.py:6: in <module>
test	Run tests with pytest	2025-12-03T03:10:49.9543339Z     import ta
test	Run tests with pytest	2025-12-03T03:10:49.9543586Z E   ModuleNotFoundError: No module named 'ta'
test	Run tests with pytest	2025-12-03T03:10:49.9543987Z ________________ ERROR collecting tests/test_phase30_3_risk.py _________________
test	Run tests with pytest	2025-12-03T03:10:49.9544565Z ImportError while importing test module '/home/runner/work/AGStock/AGStock/tests/test_phase30_3_risk.py'.
test	Run tests with pytest	2025-12-03T03:10:49.9545138Z Hint: make sure your test modules/packages have valid Python names.
test	Run tests with pytest	2025-12-03T03:10:49.9545491Z Traceback:
test	Run tests with pytest	2025-12-03T03:10:49.9545942Z /opt/hostedtoolcache/Python/3.10.19/x64/lib/python3.10/site-packages/_pytest/python.py:507: in importtestmodule
test	Run tests with pytest	2025-12-03T03:10:49.9546460Z     mod = import_path(
test	Run tests with pytest	2025-12-03T03:10:49.9546917Z /opt/hostedtoolcache/Python/3.10.19/x64/lib/python3.10/site-packages/_pytest/pathlib.py:587: in import_path
test	Run tests with pytest	2025-12-03T03:10:49.9547436Z     importlib.import_module(module_name)
test	Run tests with pytest	2025-12-03T03:10:49.9547898Z /opt/hostedtoolcache/Python/3.10.19/x64/lib/python3.10/importlib/__init__.py:126: in import_module
test	Run tests with pytest	2025-12-03T03:10:49.9548418Z     return _bootstrap._gcd_import(name[level:], package, level)
test	Run tests with pytest	2025-12-03T03:10:49.9548785Z <frozen importlib._bootstrap>:1050: in _gcd_import
test	Run tests with pytest	2025-12-03T03:10:49.9549086Z     ???
test	Run tests with pytest	2025-12-03T03:10:49.9549515Z <frozen importlib._bootstrap>:1027: in _find_and_load
test	Run tests with pytest	2025-12-03T03:10:49.9549820Z     ???
test	Run tests with pytest	2025-12-03T03:10:49.9550207Z <frozen importlib._bootstrap>:1006: in _find_and_load_unlocked
test	Run tests with pytest	2025-12-03T03:10:49.9550530Z     ???
test	Run tests with pytest	2025-12-03T03:10:49.9550762Z <frozen importlib._bootstrap>:688: in _load_unlocked
test	Run tests with pytest	2025-12-03T03:10:49.9551046Z     ???
test	Run tests with pytest	2025-12-03T03:10:49.9551489Z /opt/hostedtoolcache/Python/3.10.19/x64/lib/python3.10/site-packages/_pytest/assertion/rewrite.py:197: in exec_module
test	Run tests with pytest	2025-12-03T03:10:49.9552007Z     exec(co, module.__dict__)
test	Run tests with pytest	2025-12-03T03:10:49.9552289Z tests/test_phase30_3_risk.py:12: in <module>
test	Run tests with pytest	2025-12-03T03:10:49.9552612Z     from src.dynamic_stop import DynamicStopManager
test	Run tests with pytest	2025-12-03T03:10:49.9552928Z src/dynamic_stop.py:10: in <module>
test	Run tests with pytest	2025-12-03T03:10:49.9553195Z     import ta
test	Run tests with pytest	2025-12-03T03:10:49.9553430Z E   ModuleNotFoundError: No module named 'ta'
test	Run tests with pytest	2025-12-03T03:10:49.9553824Z ___________ ERROR collecting tests/test_phase30_full_integration.py ____________
test	Run tests with pytest	2025-12-03T03:10:49.9554445Z ImportError while importing test module '/home/runner/work/AGStock/AGStock/tests/test_phase30_full_integration.py'.
test	Run tests with pytest	2025-12-03T03:10:49.9555081Z Hint: make sure your test modules/packages have valid Python names.
test	Run tests with pytest	2025-12-03T03:10:49.9555417Z Traceback:
test	Run tests with pytest	2025-12-03T03:10:49.9555867Z /opt/hostedtoolcache/Python/3.10.19/x64/lib/python3.10/site-packages/_pytest/python.py:507: in importtestmodule
test	Run tests with pytest	2025-12-03T03:10:49.9556507Z     mod = import_path(
test	Run tests with pytest	2025-12-03T03:10:49.9556964Z /opt/hostedtoolcache/Python/3.10.19/x64/lib/python3.10/site-packages/_pytest/pathlib.py:587: in import_path
test	Run tests with pytest	2025-12-03T03:10:49.9557479Z     importlib.import_module(module_name)
test	Run tests with pytest	2025-12-03T03:10:49.9557947Z /opt/hostedtoolcache/Python/3.10.19/x64/lib/python3.10/importlib/__init__.py:126: in import_module
test	Run tests with pytest	2025-12-03T03:10:49.9558481Z     return _bootstrap._gcd_import(name[level:], package, level)
test	Run tests with pytest	2025-12-03T03:10:49.9558853Z <frozen importlib._bootstrap>:1050: in _gcd_import
test	Run tests with pytest	2025-12-03T03:10:49.9559155Z     ???
test	Run tests with pytest	2025-12-03T03:10:49.9559516Z <frozen importlib._bootstrap>:1027: in _find_and_load
test	Run tests with pytest	2025-12-03T03:10:49.9559825Z     ???
test	Run tests with pytest	2025-12-03T03:10:49.9560113Z <frozen importlib._bootstrap>:1006: in _find_and_load_unlocked
test	Run tests with pytest	2025-12-03T03:10:49.9560456Z     ???
test	Run tests with pytest	2025-12-03T03:10:49.9560710Z <frozen importlib._bootstrap>:688: in _load_unlocked
test	Run tests with pytest	2025-12-03T03:10:49.9561016Z     ???
test	Run tests with pytest	2025-12-03T03:10:49.9561482Z /opt/hostedtoolcache/Python/3.10.19/x64/lib/python3.10/site-packages/_pytest/assertion/rewrite.py:197: in exec_module
test	Run tests with pytest	2025-12-03T03:10:49.9562012Z     exec(co, module.__dict__)
test	Run tests with pytest	2025-12-03T03:10:49.9562320Z tests/test_phase30_full_integration.py:12: in <module>
test	Run tests with pytest	2025-12-03T03:10:49.9562702Z     from fully_automated_trader import FullyAutomatedTrader
test	Run tests with pytest	2025-12-03T03:10:49.9563059Z fully_automated_trader.py:19: in <module>
test	Run tests with pytest	2025-12-03T03:10:49.9563367Z     from src.strategies import (
test	Run tests with pytest	2025-12-03T03:10:49.9563641Z src/strategies.py:6: in <module>
test	Run tests with pytest	2025-12-03T03:10:49.9563902Z     import ta
test	Run tests with pytest	2025-12-03T03:10:49.9564146Z E   ModuleNotFoundError: No module named 'ta'
test	Run tests with pytest	2025-12-03T03:10:49.9564531Z ___________________ ERROR collecting tests/test_portfolio.py ___________________
test	Run tests with pytest	2025-12-03T03:10:49.9565086Z ImportError while importing test module '/home/runner/work/AGStock/AGStock/tests/test_portfolio.py'.
test	Run tests with pytest	2025-12-03T03:10:49.9565636Z Hint: make sure your test modules/packages have valid Python names.
test	Run tests with pytest	2025-12-03T03:10:49.9565984Z Traceback:
test	Run tests with pytest	2025-12-03T03:10:49.9566429Z /opt/hostedtoolcache/Python/3.10.19/x64/lib/python3.10/site-packages/_pytest/python.py:507: in importtestmodule
test	Run tests with pytest	2025-12-03T03:10:49.9566939Z     mod = import_path(
test	Run tests with pytest	2025-12-03T03:10:49.9567401Z /opt/hostedtoolcache/Python/3.10.19/x64/lib/python3.10/site-packages/_pytest/pathlib.py:587: in import_path
test	Run tests with pytest	2025-12-03T03:10:49.9568057Z     importlib.import_module(module_name)
test	Run tests with pytest	2025-12-03T03:10:49.9568592Z /opt/hostedtoolcache/Python/3.10.19/x64/lib/python3.10/importlib/__init__.py:126: in import_module
test	Run tests with pytest	2025-12-03T03:10:49.9569551Z     return _bootstrap._gcd_import(name[level:], package, level)
test	Run tests with pytest	2025-12-03T03:10:49.9570022Z <frozen importlib._bootstrap>:1050: in _gcd_import
test	Run tests with pytest	2025-12-03T03:10:49.9570413Z     ???
test	Run tests with pytest	2025-12-03T03:10:49.9570896Z <frozen importlib._bootstrap>:1027: in _find_and_load
test	Run tests with pytest	2025-12-03T03:10:49.9571383Z     ???
test	Run tests with pytest	2025-12-03T03:10:49.9571724Z <frozen importlib._bootstrap>:1006: in _find_and_load_unlocked
test	Run tests with pytest	2025-12-03T03:10:49.9572137Z     ???
test	Run tests with pytest	2025-12-03T03:10:49.9572549Z <frozen importlib._bootstrap>:688: in _load_unlocked
test	Run tests with pytest	2025-12-03T03:10:49.9572947Z     ???
test	Run tests with pytest	2025-12-03T03:10:49.9573492Z /opt/hostedtoolcache/Python/3.10.19/x64/lib/python3.10/site-packages/_pytest/assertion/rewrite.py:197: in exec_module
test	Run tests with pytest	2025-12-03T03:10:49.9574155Z     exec(co, module.__dict__)
test	Run tests with pytest	2025-12-03T03:10:49.9574529Z tests/test_portfolio.py:9: in <module>
test	Run tests with pytest	2025-12-03T03:10:49.9574902Z     from src.portfolio import PortfolioManager
test	Run tests with pytest	2025-12-03T03:10:49.9575363Z src/portfolio.py:4: in <module>
test	Run tests with pytest	2025-12-03T03:10:49.9587616Z     from src.backtester import Backtester
test	Run tests with pytest	2025-12-03T03:10:49.9587974Z src/backtester.py:4: in <module>
test	Run tests with pytest	2025-12-03T03:10:49.9588347Z     from src.strategies import Strategy, Order, OrderType
test	Run tests with pytest	2025-12-03T03:10:49.9588733Z src/strategies.py:6: in <module>
test	Run tests with pytest	2025-12-03T03:10:49.9588997Z     import ta
test	Run tests with pytest	2025-12-03T03:10:49.9589438Z E   ModuleNotFoundError: No module named 'ta'
test	Run tests with pytest	2025-12-03T03:10:49.9589902Z ____________ ERROR collecting tests/test_portfolio_optimization.py _____________
test	Run tests with pytest	2025-12-03T03:10:49.9590745Z ImportError while importing test module '/home/runner/work/AGStock/AGStock/tests/test_portfolio_optimization.py'.
test	Run tests with pytest	2025-12-03T03:10:49.9591356Z Hint: make sure your test modules/packages have valid Python names.
test	Run tests with pytest	2025-12-03T03:10:49.9591696Z Traceback:
test	Run tests with pytest	2025-12-03T03:10:49.9592159Z /opt/hostedtoolcache/Python/3.10.19/x64/lib/python3.10/site-packages/_pytest/python.py:507: in importtestmodule
test	Run tests with pytest	2025-12-03T03:10:49.9592673Z     mod = import_path(
test	Run tests with pytest	2025-12-03T03:10:49.9593130Z /opt/hostedtoolcache/Python/3.10.19/x64/lib/python3.10/site-packages/_pytest/pathlib.py:587: in import_path
test	Run tests with pytest	2025-12-03T03:10:49.9593664Z     importlib.import_module(module_name)
test	Run tests with pytest	2025-12-03T03:10:49.9594152Z /opt/hostedtoolcache/Python/3.10.19/x64/lib/python3.10/importlib/__init__.py:126: in import_module
test	Run tests with pytest	2025-12-03T03:10:49.9594694Z     return _bootstrap._gcd_import(name[level:], package, level)
test	Run tests with pytest	2025-12-03T03:10:49.9595071Z <frozen importlib._bootstrap>:1050: in _gcd_import
test	Run tests with pytest	2025-12-03T03:10:49.9595372Z     ???
test	Run tests with pytest	2025-12-03T03:10:49.9595620Z <frozen importlib._bootstrap>:1027: in _find_and_load
test	Run tests with pytest	2025-12-03T03:10:49.9595927Z     ???
test	Run tests with pytest	2025-12-03T03:10:49.9596218Z <frozen importlib._bootstrap>:1006: in _find_and_load_unlocked
test	Run tests with pytest	2025-12-03T03:10:49.9596561Z     ???
test	Run tests with pytest	2025-12-03T03:10:49.9596880Z <frozen importlib._bootstrap>:688: in _load_unlocked
test	Run tests with pytest	2025-12-03T03:10:49.9597195Z     ???
test	Run tests with pytest	2025-12-03T03:10:49.9597673Z /opt/hostedtoolcache/Python/3.10.19/x64/lib/python3.10/site-packages/_pytest/assertion/rewrite.py:197: in exec_module
test	Run tests with pytest	2025-12-03T03:10:49.9598213Z     exec(co, module.__dict__)
test	Run tests with pytest	2025-12-03T03:10:49.9598528Z tests/test_portfolio_optimization.py:4: in <module>
test	Run tests with pytest	2025-12-03T03:10:49.9598888Z     from src.portfolio import PortfolioManager
test	Run tests with pytest	2025-12-03T03:10:49.9599189Z src/portfolio.py:4: in <module>
test	Run tests with pytest	2025-12-03T03:10:49.9599595Z     from src.backtester import Backtester
test	Run tests with pytest	2025-12-03T03:10:49.9599889Z src/backtester.py:4: in <module>
test	Run tests with pytest	2025-12-03T03:10:49.9600199Z     from src.strategies import Strategy, Order, OrderType
test	Run tests with pytest	2025-12-03T03:10:49.9600534Z src/strategies.py:6: in <module>
test	Run tests with pytest	2025-12-03T03:10:49.9600794Z     import ta
test	Run tests with pytest	2025-12-03T03:10:49.9601047Z E   ModuleNotFoundError: No module named 'ta'
test	Run tests with pytest	2025-12-03T03:10:49.9601454Z ________________ ERROR collecting tests/test_rakuten_broker.py _________________
test	Run tests with pytest	2025-12-03T03:10:49.9602051Z ImportError while importing test module '/home/runner/work/AGStock/AGStock/tests/test_rakuten_broker.py'.
test	Run tests with pytest	2025-12-03T03:10:49.9602623Z Hint: make sure your test modules/packages have valid Python names.
test	Run tests with pytest	2025-12-03T03:10:49.9602980Z Traceback:
test	Run tests with pytest	2025-12-03T03:10:49.9603426Z /opt/hostedtoolcache/Python/3.10.19/x64/lib/python3.10/site-packages/_pytest/python.py:507: in importtestmodule
test	Run tests with pytest	2025-12-03T03:10:49.9603941Z     mod = import_path(
test	Run tests with pytest	2025-12-03T03:10:49.9604394Z /opt/hostedtoolcache/Python/3.10.19/x64/lib/python3.10/site-packages/_pytest/pathlib.py:587: in import_path
test	Run tests with pytest	2025-12-03T03:10:49.9605073Z     importlib.import_module(module_name)
test	Run tests with pytest	2025-12-03T03:10:49.9605547Z /opt/hostedtoolcache/Python/3.10.19/x64/lib/python3.10/importlib/__init__.py:126: in import_module
test	Run tests with pytest	2025-12-03T03:10:49.9606083Z     return _bootstrap._gcd_import(name[level:], package, level)
test	Run tests with pytest	2025-12-03T03:10:49.9606460Z <frozen importlib._bootstrap>:1050: in _gcd_import
test	Run tests with pytest	2025-12-03T03:10:49.9606747Z     ???
test	Run tests with pytest	2025-12-03T03:10:49.9606993Z <frozen importlib._bootstrap>:1027: in _find_and_load
test	Run tests with pytest	2025-12-03T03:10:49.9607289Z     ???
test	Run tests with pytest	2025-12-03T03:10:49.9607561Z <frozen importlib._bootstrap>:1006: in _find_and_load_unlocked
test	Run tests with pytest	2025-12-03T03:10:49.9607900Z     ???
test	Run tests with pytest	2025-12-03T03:10:49.9608148Z <frozen importlib._bootstrap>:688: in _load_unlocked
test	Run tests with pytest	2025-12-03T03:10:49.9608448Z     ???
test	Run tests with pytest	2025-12-03T03:10:49.9608910Z /opt/hostedtoolcache/Python/3.10.19/x64/lib/python3.10/site-packages/_pytest/assertion/rewrite.py:197: in exec_module
test	Run tests with pytest	2025-12-03T03:10:49.9609643Z     exec(co, module.__dict__)
test	Run tests with pytest	2025-12-03T03:10:49.9609918Z tests/test_rakuten_broker.py:3: in <module>
test	Run tests with pytest	2025-12-03T03:10:49.9610232Z     from src.rakuten_broker import RakutenBroker
test	Run tests with pytest	2025-12-03T03:10:49.9610535Z src/rakuten_broker.py:4: in <module>
test	Run tests with pytest	2025-12-03T03:10:49.9610965Z     from selenium import webdriver
test	Run tests with pytest	2025-12-03T03:10:49.9611282Z E   ModuleNotFoundError: No module named 'selenium'
test	Run tests with pytest	2025-12-03T03:10:49.9611681Z ____________________ ERROR collecting tests/test_regime.py _____________________
test	Run tests with pytest	2025-12-03T03:10:49.9612239Z ImportError while importing test module '/home/runner/work/AGStock/AGStock/tests/test_regime.py'.
test	Run tests with pytest	2025-12-03T03:10:49.9612792Z Hint: make sure your test modules/packages have valid Python names.
test	Run tests with pytest	2025-12-03T03:10:49.9613149Z Traceback:
test	Run tests with pytest	2025-12-03T03:10:49.9613608Z /opt/hostedtoolcache/Python/3.10.19/x64/lib/python3.10/site-packages/_pytest/python.py:507: in importtestmodule
test	Run tests with pytest	2025-12-03T03:10:49.9614131Z     mod = import_path(
test	Run tests with pytest	2025-12-03T03:10:49.9614590Z /opt/hostedtoolcache/Python/3.10.19/x64/lib/python3.10/site-packages/_pytest/pathlib.py:587: in import_path
test	Run tests with pytest	2025-12-03T03:10:49.9615106Z     importlib.import_module(module_name)
test	Run tests with pytest	2025-12-03T03:10:49.9615577Z /opt/hostedtoolcache/Python/3.10.19/x64/lib/python3.10/importlib/__init__.py:126: in import_module
test	Run tests with pytest	2025-12-03T03:10:49.9616093Z     return _bootstrap._gcd_import(name[level:], package, level)
test	Run tests with pytest	2025-12-03T03:10:49.9616468Z <frozen importlib._bootstrap>:1050: in _gcd_import
test	Run tests with pytest	2025-12-03T03:10:49.9616758Z     ???
test	Run tests with pytest	2025-12-03T03:10:49.9617012Z <frozen importlib._bootstrap>:1027: in _find_and_load
test	Run tests with pytest	2025-12-03T03:10:49.9617318Z     ???
test	Run tests with pytest	2025-12-03T03:10:49.9617588Z <frozen importlib._bootstrap>:1006: in _find_and_load_unlocked
test	Run tests with pytest	2025-12-03T03:10:49.9617925Z     ???
test	Run tests with pytest	2025-12-03T03:10:49.9618173Z <frozen importlib._bootstrap>:688: in _load_unlocked
test	Run tests with pytest	2025-12-03T03:10:49.9618477Z     ???
test	Run tests with pytest	2025-12-03T03:10:49.9618931Z /opt/hostedtoolcache/Python/3.10.19/x64/lib/python3.10/site-packages/_pytest/assertion/rewrite.py:197: in exec_module
test	Run tests with pytest	2025-12-03T03:10:49.9619590Z     exec(co, module.__dict__)
test	Run tests with pytest	2025-12-03T03:10:49.9619858Z tests/test_regime.py:4: in <module>
test	Run tests with pytest	2025-12-03T03:10:49.9620140Z     from src.regime import RegimeDetector
test	Run tests with pytest	2025-12-03T03:10:49.9620432Z src/regime.py:3: in <module>
test	Run tests with pytest	2025-12-03T03:10:49.9620701Z     from sklearn.cluster import KMeans
test	Run tests with pytest	2025-12-03T03:10:49.9621030Z E   ModuleNotFoundError: No module named 'sklearn'
test	Run tests with pytest	2025-12-03T03:10:49.9621418Z ___________________ ERROR collecting tests/test_sentiment.py ___________________
test	Run tests with pytest	2025-12-03T03:10:49.9621971Z ImportError while importing test module '/home/runner/work/AGStock/AGStock/tests/test_sentiment.py'.
test	Run tests with pytest	2025-12-03T03:10:49.9622508Z Hint: make sure your test modules/packages have valid Python names.
test	Run tests with pytest	2025-12-03T03:10:49.9622853Z Traceback:
test	Run tests with pytest	2025-12-03T03:10:49.9623302Z /opt/hostedtoolcache/Python/3.10.19/x64/lib/python3.10/site-packages/_pytest/python.py:507: in importtestmodule
test	Run tests with pytest	2025-12-03T03:10:49.9623817Z     mod = import_path(
test	Run tests with pytest	2025-12-03T03:10:49.9624278Z /opt/hostedtoolcache/Python/3.10.19/x64/lib/python3.10/site-packages/_pytest/pathlib.py:587: in import_path
test	Run tests with pytest	2025-12-03T03:10:49.9624910Z     importlib.import_module(module_name)
test	Run tests with pytest	2025-12-03T03:10:49.9625386Z /opt/hostedtoolcache/Python/3.10.19/x64/lib/python3.10/importlib/__init__.py:126: in import_module
test	Run tests with pytest	2025-12-03T03:10:49.9625914Z     return _bootstrap._gcd_import(name[level:], package, level)
test	Run tests with pytest	2025-12-03T03:10:49.9626286Z <frozen importlib._bootstrap>:1050: in _gcd_import
test	Run tests with pytest	2025-12-03T03:10:49.9626582Z     ???
test	Run tests with pytest	2025-12-03T03:10:49.9626815Z <frozen importlib._bootstrap>:1027: in _find_and_load
test	Run tests with pytest	2025-12-03T03:10:49.9627111Z     ???
test	Run tests with pytest	2025-12-03T03:10:49.9627374Z <frozen importlib._bootstrap>:1006: in _find_and_load_unlocked
test	Run tests with pytest	2025-12-03T03:10:49.9627703Z     ???
test	Run tests with pytest	2025-12-03T03:10:49.9627947Z <frozen importlib._bootstrap>:688: in _load_unlocked
test	Run tests with pytest	2025-12-03T03:10:49.9628251Z     ???
test	Run tests with pytest	2025-12-03T03:10:49.9628703Z /opt/hostedtoolcache/Python/3.10.19/x64/lib/python3.10/site-packages/_pytest/assertion/rewrite.py:197: in exec_module
test	Run tests with pytest	2025-12-03T03:10:49.9629400Z     exec(co, module.__dict__)
test	Run tests with pytest	2025-12-03T03:10:49.9629696Z tests/test_sentiment.py:2: in <module>
test	Run tests with pytest	2025-12-03T03:10:49.9630005Z     from src.sentiment import SentimentAnalyzer
test	Run tests with pytest	2025-12-03T03:10:49.9630322Z src/sentiment.py:1: in <module>
test	Run tests with pytest	2025-12-03T03:10:49.9630710Z     import feedparser
test	Run tests with pytest	2025-12-03T03:10:49.9631000Z E   ModuleNotFoundError: No module named 'feedparser'
test	Run tests with pytest	2025-12-03T03:10:49.9631411Z __________________ ERROR collecting tests/test_strategies.py ___________________
test	Run tests with pytest	2025-12-03T03:10:49.9631989Z ImportError while importing test module '/home/runner/work/AGStock/AGStock/tests/test_strategies.py'.
test	Run tests with pytest	2025-12-03T03:10:49.9632543Z Hint: make sure your test modules/packages have valid Python names.
test	Run tests with pytest	2025-12-03T03:10:49.9632902Z Traceback:
test	Run tests with pytest	2025-12-03T03:10:49.9633353Z /opt/hostedtoolcache/Python/3.10.19/x64/lib/python3.10/site-packages/_pytest/python.py:507: in importtestmodule
test	Run tests with pytest	2025-12-03T03:10:49.9633862Z     mod = import_path(
test	Run tests with pytest	2025-12-03T03:10:49.9634315Z /opt/hostedtoolcache/Python/3.10.19/x64/lib/python3.10/site-packages/_pytest/pathlib.py:587: in import_path
test	Run tests with pytest	2025-12-03T03:10:49.9634827Z     importlib.import_module(module_name)
test	Run tests with pytest	2025-12-03T03:10:49.9635301Z /opt/hostedtoolcache/Python/3.10.19/x64/lib/python3.10/importlib/__init__.py:126: in import_module
test	Run tests with pytest	2025-12-03T03:10:49.9635831Z     return _bootstrap._gcd_import(name[level:], package, level)
test	Run tests with pytest	2025-12-03T03:10:49.9636222Z <frozen importlib._bootstrap>:1050: in _gcd_import
test	Run tests with pytest	2025-12-03T03:10:49.9636533Z     ???
test	Run tests with pytest	2025-12-03T03:10:49.9636790Z <frozen importlib._bootstrap>:1027: in _find_and_load
test	Run tests with pytest	2025-12-03T03:10:49.9637101Z     ???
test	Run tests with pytest	2025-12-03T03:10:49.9637375Z <frozen importlib._bootstrap>:1006: in _find_and_load_unlocked
test	Run tests with pytest	2025-12-03T03:10:49.9637711Z     ???
test	Run tests with pytest	2025-12-03T03:10:49.9637956Z <frozen importlib._bootstrap>:688: in _load_unlocked
test	Run tests with pytest	2025-12-03T03:10:49.9638261Z     ???
test	Run tests with pytest	2025-12-03T03:10:49.9638711Z /opt/hostedtoolcache/Python/3.10.19/x64/lib/python3.10/site-packages/_pytest/assertion/rewrite.py:197: in exec_module
test	Run tests with pytest	2025-12-03T03:10:49.9639418Z     exec(co, module.__dict__)
test	Run tests with pytest	2025-12-03T03:10:49.9639693Z tests/test_strategies.py:4: in <module>
test	Run tests with pytest	2025-12-03T03:10:49.9640150Z     from src.strategies import Strategy, SMACrossoverStrategy, RSIStrategy, BollingerBandsStrategy
test	Run tests with pytest	2025-12-03T03:10:49.9640620Z src/strategies.py:6: in <module>
test	Run tests with pytest	2025-12-03T03:10:49.9640881Z     import ta
test	Run tests with pytest	2025-12-03T03:10:49.9641133Z E   ModuleNotFoundError: No module named 'ta'
test	Run tests with pytest	2025-12-03T03:10:50.0610590Z _________________ ERROR collecting tests/test_ui_renderers.py __________________
test	Run tests with pytest	2025-12-03T03:10:50.0611972Z ImportError while importing test module '/home/runner/work/AGStock/AGStock/tests/test_ui_renderers.py'.
test	Run tests with pytest	2025-12-03T03:10:50.0612882Z Hint: make sure your test modules/packages have valid Python names.
test	Run tests with pytest	2025-12-03T03:10:50.0613408Z Traceback:
test	Run tests with pytest	2025-12-03T03:10:50.0614110Z /opt/hostedtoolcache/Python/3.10.19/x64/lib/python3.10/site-packages/_pytest/python.py:507: in importtestmodule
test	Run tests with pytest	2025-12-03T03:10:50.0614915Z     mod = import_path(
test	Run tests with pytest	2025-12-03T03:10:50.0615491Z /opt/hostedtoolcache/Python/3.10.19/x64/lib/python3.10/site-packages/_pytest/pathlib.py:587: in import_path
test	Run tests with pytest	2025-12-03T03:10:50.0616496Z     importlib.import_module(module_name)
test	Run tests with pytest	2025-12-03T03:10:50.0617087Z /opt/hostedtoolcache/Python/3.10.19/x64/lib/python3.10/importlib/__init__.py:126: in import_module
test	Run tests with pytest	2025-12-03T03:10:50.0617770Z     return _bootstrap._gcd_import(name[level:], package, level)
test	Run tests with pytest	2025-12-03T03:10:50.0618229Z <frozen importlib._bootstrap>:1050: in _gcd_import
test	Run tests with pytest	2025-12-03T03:10:50.0618596Z     ???
test	Run tests with pytest	2025-12-03T03:10:50.0618887Z <frozen importlib._bootstrap>:1027: in _find_and_load
test	Run tests with pytest	2025-12-03T03:10:50.0619488Z     ???
test	Run tests with pytest	2025-12-03T03:10:50.0619823Z <frozen importlib._bootstrap>:1006: in _find_and_load_unlocked
test	Run tests with pytest	2025-12-03T03:10:50.0620251Z     ???
test	Run tests with pytest	2025-12-03T03:10:50.0620540Z <frozen importlib._bootstrap>:688: in _load_unlocked
test	Run tests with pytest	2025-12-03T03:10:50.0620903Z     ???
test	Run tests with pytest	2025-12-03T03:10:50.0621470Z /opt/hostedtoolcache/Python/3.10.19/x64/lib/python3.10/site-packages/_pytest/assertion/rewrite.py:197: in exec_module
test	Run tests with pytest	2025-12-03T03:10:50.0622142Z     exec(co, module.__dict__)
test	Run tests with pytest	2025-12-03T03:10:50.0622476Z tests/test_ui_renderers.py:4: in <module>
test	Run tests with pytest	2025-12-03T03:10:50.0622882Z     from src.ui_renderers import render_performance_tab
test	Run tests with pytest	2025-12-03T03:10:50.0623275Z src/ui_renderers.py:3: in <module>
test	Run tests with pytest	2025-12-03T03:10:50.0623791Z     import plotly.graph_objects as go
test	Run tests with pytest	2025-12-03T03:10:50.0624164Z E   ModuleNotFoundError: No module named 'plotly'
test	Run tests with pytest	2025-12-03T03:10:50.0624594Z =========================== short test summary info ============================
test	Run tests with pytest	2025-12-03T03:10:50.0625007Z ERROR tests/test_advanced_features.py
test	Run tests with pytest	2025-12-03T03:10:50.0625358Z ERROR tests/test_advanced_models.py
test	Run tests with pytest	2025-12-03T03:10:50.0625665Z ERROR tests/test_advanced_orders.py
test	Run tests with pytest	2025-12-03T03:10:50.0625952Z ERROR tests/test_async_data_loader.py
test	Run tests with pytest	2025-12-03T03:10:50.0626232Z ERROR tests/test_auth.py
test	Run tests with pytest	2025-12-03T03:10:50.0626480Z ERROR tests/test_auto_trader_assets.py
test	Run tests with pytest	2025-12-03T03:10:50.0626766Z ERROR tests/test_auto_trader_ui.py
test	Run tests with pytest	2025-12-03T03:10:50.0627054Z ERROR tests/test_backtester.py
test	Run tests with pytest	2025-12-03T03:10:50.0627322Z ERROR tests/test_backtester_risk.py
test	Run tests with pytest	2025-12-03T03:10:50.0627593Z ERROR tests/test_backtester_short.py
test	Run tests with pytest	2025-12-03T03:10:50.0627875Z ERROR tests/test_core_enhancements.py
test	Run tests with pytest	2025-12-03T03:10:50.0628155Z ERROR tests/test_cross_validation.py
test	Run tests with pytest	2025-12-03T03:10:50.0628438Z ERROR tests/test_dl_strategy.py
test	Run tests with pytest	2025-12-03T03:10:50.0628707Z ERROR tests/test_fully_automated_trader.py
test	Run tests with pytest	2025-12-03T03:10:50.0629007Z ERROR tests/test_lightgbm.py
test	Run tests with pytest	2025-12-03T03:10:50.0629461Z ERROR tests/test_live_trading.py
test	Run tests with pytest	2025-12-03T03:10:50.0629743Z ERROR tests/test_meta_learner.py
test	Run tests with pytest	2025-12-03T03:10:50.0630017Z ERROR tests/test_ml_pipeline.py
test	Run tests with pytest	2025-12-03T03:10:50.0630282Z ERROR tests/test_ml_strategy.py
test	Run tests with pytest	2025-12-03T03:10:50.0630557Z ERROR tests/test_morning_brief.py
test	Run tests with pytest	2025-12-03T03:10:50.0630837Z ERROR tests/test_optimization.py
test	Run tests with pytest	2025-12-03T03:10:50.0631133Z ERROR tests/test_optimization_transformer.py
test	Run tests with pytest	2025-12-03T03:10:50.0631445Z ERROR tests/test_optimizer.py
test	Run tests with pytest	2025-12-03T03:10:50.0631725Z ERROR tests/test_performance.py
test	Run tests with pytest	2025-12-03T03:10:50.0632015Z ERROR tests/test_phase30_1_integration.py
test	Run tests with pytest	2025-12-03T03:10:50.0632324Z ERROR tests/test_phase30_2_mtf.py
test	Run tests with pytest	2025-12-03T03:10:50.0632642Z ERROR tests/test_phase30_3_risk.py
test	Run tests with pytest	2025-12-03T03:10:50.0632937Z ERROR tests/test_phase30_full_integration.py
test	Run tests with pytest	2025-12-03T03:10:50.0633255Z ERROR tests/test_portfolio.py
test	Run tests with pytest	2025-12-03T03:10:50.0633541Z ERROR tests/test_portfolio_optimization.py
test	Run tests with pytest	2025-12-03T03:10:50.0633849Z ERROR tests/test_rakuten_broker.py
test	Run tests with pytest	2025-12-03T03:10:50.0634121Z ERROR tests/test_regime.py
test	Run tests with pytest	2025-12-03T03:10:50.0634384Z ERROR tests/test_sentiment.py
test	Run tests with pytest	2025-12-03T03:10:50.0634654Z ERROR tests/test_strategies.py
test	Run tests with pytest	2025-12-03T03:10:50.0634928Z ERROR tests/test_ui_renderers.py
test	Run tests with pytest	2025-12-03T03:10:50.0635272Z !!!!!!!!!!!!!!!!!!! Interrupted: 35 errors during collection !!!!!!!!!!!!!!!!!!!
test	Run tests with pytest	2025-12-03T03:10:50.0635643Z ============================== 35 errors in 7.85s ==============================
test	Run tests with pytest	2025-12-03T03:10:50.2000316Z ##[error]Process completed with exit code 2.
test	Post Run actions/checkout@v3	・ｿ2025-12-03T03:10:50.2097740Z Post job cleanup.
test	Post Run actions/checkout@v3	2025-12-03T03:10:50.2827838Z [command]/usr/bin/git version
test	Post Run actions/checkout@v3	2025-12-03T03:10:50.2862560Z git version 2.51.2
test	Post Run actions/checkout@v3	2025-12-03T03:10:50.2904792Z Temporarily overriding HOME='/home/runner/work/_temp/aa83e38b-b306-47c8-993c-22bd212e75ee' before making global git config changes
test	Post Run actions/checkout@v3	2025-12-03T03:10:50.2905786Z Adding repository directory to the temporary git global config as a safe directory
test	Post Run actions/checkout@v3	2025-12-03T03:10:50.2908649Z [command]/usr/bin/git config --global --add safe.directory /home/runner/work/AGStock/AGStock
test	Post Run actions/checkout@v3	2025-12-03T03:10:50.2939030Z [command]/usr/bin/git config --local --name-only --get-regexp core\.sshCommand
test	Post Run actions/checkout@v3	2025-12-03T03:10:50.2967813Z [command]/usr/bin/git submodule foreach --recursive sh -c "git config --local --name-only --get-regexp 'core\.sshCommand' && git config --local --unset-all 'core.sshCommand' || :"
test	Post Run actions/checkout@v3	2025-12-03T03:10:50.3194887Z [command]/usr/bin/git config --local --name-only --get-regexp http\.https\:\/\/github\.com\/\.extraheader
test	Post Run actions/checkout@v3	2025-12-03T03:10:50.3214754Z http.https://github.com/.extraheader
test	Post Run actions/checkout@v3	2025-12-03T03:10:50.3225502Z [command]/usr/bin/git config --local --unset-all http.https://github.com/.extraheader
test	Post Run actions/checkout@v3	2025-12-03T03:10:50.3252921Z [command]/usr/bin/git submodule foreach --recursive sh -c "git config --local --name-only --get-regexp 'http\.https\:\/\/github\.com\/\.extraheader' && git config --local --unset-all 'http.https://github.com/.extraheader' || :"
test	Complete job	・ｿ2025-12-03T03:10:50.3574962Z Cleaning up orphan processes
